2026-01-27 00:00:00.008 [scheduling-1] INFO  - ========== 开始执行定时任务：检查未到店订单 ==========
2026-01-27 00:00:00.139 [scheduling-1] INFO  - 找到 5 条待核销的订单
2026-01-27 00:00:00.139 [scheduling-1] INFO  - ========== 定时任务完成 ==========
2026-01-27 00:00:00.139 [scheduling-1] INFO  - 总订单数: 5
2026-01-27 00:00:00.139 [scheduling-1] INFO  - 更新数量: 0
2026-01-27 00:00:00.139 [scheduling-1] INFO  - 跳过数量: 0
2026-01-27 00:00:00.139 [scheduling-1] INFO  - 错误数量: 0
2026-01-27 00:00:00.139 [scheduling-1] INFO  - 执行耗时: 13 毫秒
2026-01-27 00:00:00.139 [scheduling-1] INFO  - =====================================
2026-01-27 00:05:00.011 [scheduling-1] INFO  - ========== 开始执行定时任务：检查未到店订单 ==========
2026-01-27 00:05:00.026 [scheduling-1] INFO  - 找到 5 条待核销的订单
2026-01-27 00:05:00.028 [scheduling-1] INFO  - ========== 定时任务完成 ==========
2026-01-27 00:05:00.028 [scheduling-1] INFO  - 总订单数: 5
2026-01-27 00:05:00.028 [scheduling-1] INFO  - 更新数量: 0
2026-01-27 00:05:00.028 [scheduling-1] INFO  - 跳过数量: 0
2026-01-27 00:05:00.028 [scheduling-1] INFO  - 错误数量: 0
2026-01-27 00:05:00.028 [scheduling-1] INFO  - 执行耗时: 15 毫秒
2026-01-27 00:05:00.028 [scheduling-1] INFO  - =====================================
2026-01-27 00:10:00.029 [scheduling-1] INFO  - ========== 开始执行定时任务：检查未到店订单 ==========
2026-01-27 00:10:00.069 [scheduling-1] INFO  - 找到 5 条待核销的订单
2026-01-27 00:10:00.069 [scheduling-1] INFO  - ========== 定时任务完成 ==========
2026-01-27 00:10:00.069 [scheduling-1] INFO  - 总订单数: 5
2026-01-27 00:10:00.069 [scheduling-1] INFO  - 更新数量: 0
2026-01-27 00:10:00.069 [scheduling-1] INFO  - 跳过数量: 0
2026-01-27 00:10:00.069 [scheduling-1] INFO  - 错误数量: 0
2026-01-27 00:10:00.069 [scheduling-1] INFO  - 执行耗时: 37 毫秒
2026-01-27 00:10:00.069 [scheduling-1] INFO  - =====================================
2026-01-27 00:15:00.011 [scheduling-1] INFO  - ========== 开始执行定时任务：检查未到店订单 ==========
2026-01-27 00:15:00.023 [scheduling-1] INFO  - 找到 5 条待核销的订单
2026-01-27 00:15:00.024 [scheduling-1] INFO  - ========== 定时任务完成 ==========
2026-01-27 00:15:00.024 [scheduling-1] INFO  - 总订单数: 5
2026-01-27 00:15:00.024 [scheduling-1] INFO  - 更新数量: 0
2026-01-27 00:15:00.024 [scheduling-1] INFO  - 跳过数量: 0
2026-01-27 00:15:00.024 [scheduling-1] INFO  - 错误数量: 0
2026-01-27 00:15:00.024 [scheduling-1] INFO  - 执行耗时: 10 毫秒
2026-01-27 00:15:00.024 [scheduling-1] INFO  - =====================================
2026-01-27 00:20:00.039 [scheduling-1] INFO  - ========== 开始执行定时任务：检查未到店订单 ==========
2026-01-27 00:20:00.056 [scheduling-1] INFO  - 找到 6 条待核销的订单
2026-01-27 00:20:00.059 [scheduling-1] INFO  - ========== 定时任务完成 ==========
2026-01-27 00:20:00.059 [scheduling-1] INFO  - 总订单数: 6
2026-01-27 00:20:00.059 [scheduling-1] INFO  - 更新数量: 0
2026-01-27 00:20:00.059 [scheduling-1] INFO  - 跳过数量: 0
2026-01-27 00:20:00.059 [scheduling-1] INFO  - 错误数量: 0
2026-01-27 00:20:00.059 [scheduling-1] INFO  - 执行耗时: 19 毫秒
2026-01-27 00:20:00.059 [scheduling-1] INFO  - =====================================
2026-01-27 00:25:00.035 [scheduling-1] INFO  - ========== 开始执行定时任务：检查未到店订单 ==========
2026-01-27 00:25:00.053 [scheduling-1] INFO  - 找到 7 条待核销的订单
2026-01-27 00:25:00.056 [scheduling-1] INFO  - ========== 定时任务完成 ==========
2026-01-27 00:25:00.056 [scheduling-1] INFO  - 总订单数: 7
2026-01-27 00:25:00.056 [scheduling-1] INFO  - 更新数量: 0
2026-01-27 00:25:00.056 [scheduling-1] INFO  - 跳过数量: 0
2026-01-27 00:25:00.056 [scheduling-1] INFO  - 错误数量: 0
2026-01-27 00:25:00.056 [scheduling-1] INFO  - 执行耗时: 20 毫秒
2026-01-27 00:25:00.056 [scheduling-1] INFO  - =====================================
2026-01-27 00:30:00.031 [scheduling-1] INFO  - ========== 开始执行定时任务：检查未到店订单 ==========
2026-01-27 00:30:00.049 [scheduling-1] INFO  - 找到 2 条待核销的订单
2026-01-27 00:30:00.050 [scheduling-1] INFO  - ========== 定时任务完成 ==========
2026-01-27 00:30:00.050 [scheduling-1] INFO  - 总订单数: 2
2026-01-27 00:30:00.050 [scheduling-1] INFO  - 更新数量: 0
2026-01-27 00:30:00.050 [scheduling-1] INFO  - 跳过数量: 0
2026-01-27 00:30:00.050 [scheduling-1] INFO  - 错误数量: 0
2026-01-27 00:30:00.050 [scheduling-1] INFO  - 执行耗时: 18 毫秒
2026-01-27 00:30:00.050 [scheduling-1] INFO  - =====================================
2026-01-27 00:35:00.010 [scheduling-1] INFO  - ========== 开始执行定时任务：检查未到店订单 ==========
2026-01-27 00:35:00.017 [scheduling-1] INFO  - 找到 2 条待核销的订单
2026-01-27 00:35:00.019 [scheduling-1] INFO  - ========== 定时任务完成 ==========
2026-01-27 00:35:00.019 [scheduling-1] INFO  - 总订单数: 2
2026-01-27 00:35:00.019 [scheduling-1] INFO  - 更新数量: 0
2026-01-27 00:35:00.019 [scheduling-1] INFO  - 跳过数量: 0
2026-01-27 00:35:00.019 [scheduling-1] INFO  - 错误数量: 0
2026-01-27 00:35:00.019 [scheduling-1] INFO  - 执行耗时: 8 毫秒
2026-01-27 00:35:00.019 [scheduling-1] INFO  - =====================================
2026-01-27 00:40:00.032 [scheduling-1] INFO  - ========== 开始执行定时任务：检查未到店订单 ==========
2026-01-27 00:40:00.041 [scheduling-1] INFO  - 找到 1 条待核销的订单
2026-01-27 00:40:00.043 [scheduling-1] INFO  - ========== 定时任务完成 ==========
2026-01-27 00:40:00.043 [scheduling-1] INFO  - 总订单数: 1
2026-01-27 00:40:00.043 [scheduling-1] INFO  - 更新数量: 0
2026-01-27 00:40:00.043 [scheduling-1] INFO  - 跳过数量: 0
2026-01-27 00:40:00.043 [scheduling-1] INFO  - 错误数量: 0
2026-01-27 00:40:00.043 [scheduling-1] INFO  - 执行耗时: 9 毫秒
2026-01-27 00:40:00.043 [scheduling-1] INFO  - =====================================
2026-01-27 00:45:00.030 [scheduling-1] INFO  - ========== 开始执行定时任务：检查未到店订单 ==========
2026-01-27 00:45:00.045 [scheduling-1] INFO  - 找到 1 条待核销的订单
2026-01-27 00:45:00.045 [scheduling-1] INFO  - ========== 定时任务完成 ==========
2026-01-27 00:45:00.045 [scheduling-1] INFO  - 总订单数: 1
2026-01-27 00:45:00.045 [scheduling-1] INFO  - 更新数量: 0
2026-01-27 00:45:00.045 [scheduling-1] INFO  - 跳过数量: 0
2026-01-27 00:45:00.045 [scheduling-1] INFO  - 错误数量: 0
2026-01-27 00:45:00.045 [scheduling-1] INFO  - 执行耗时: 14 毫秒
2026-01-27 00:45:00.045 [scheduling-1] INFO  - =====================================
2026-01-27 00:50:00.023 [scheduling-1] INFO  - ========== 开始执行定时任务：检查未到店订单 ==========
2026-01-27 00:50:00.033 [scheduling-1] INFO  - 找到 1 条待核销的订单
2026-01-27 00:50:00.033 [scheduling-1] INFO  - ========== 定时任务完成 ==========
2026-01-27 00:50:00.033 [scheduling-1] INFO  - 总订单数: 1
2026-01-27 00:50:00.033 [scheduling-1] INFO  - 更新数量: 0
2026-01-27 00:50:00.033 [scheduling-1] INFO  - 跳过数量: 0
2026-01-27 00:50:00.033 [scheduling-1] INFO  - 错误数量: 0
2026-01-27 00:50:00.033 [scheduling-1] INFO  - 执行耗时: 9 毫秒
2026-01-27 00:50:00.033 [scheduling-1] INFO  - =====================================
2026-01-27 00:55:00.036 [scheduling-1] INFO  - ========== 开始执行定时任务：检查未到店订单 ==========
2026-01-27 00:55:00.059 [scheduling-1] INFO  - 找到 1 条待核销的订单
2026-01-27 00:55:00.061 [scheduling-1] INFO  - ========== 定时任务完成 ==========
2026-01-27 00:55:00.061 [scheduling-1] INFO  - 总订单数: 1
2026-01-27 00:55:00.061 [scheduling-1] INFO  - 更新数量: 0
2026-01-27 00:55:00.061 [scheduling-1] INFO  - 跳过数量: 0
2026-01-27 00:55:00.061 [scheduling-1] INFO  - 错误数量: 0
2026-01-27 00:55:00.061 [scheduling-1] INFO  - 执行耗时: 23 毫秒
2026-01-27 00:55:00.061 [scheduling-1] INFO  - =====================================
2026-01-27 01:00:00.005 [scheduling-1] INFO  - ========== 开始执行定时任务：检查未到店订单 ==========
2026-01-27 01:00:00.021 [scheduling-1] INFO  - 找到 1 条待核销的订单
2026-01-27 01:00:00.021 [scheduling-1] INFO  - ========== 定时任务完成 ==========
2026-01-27 01:00:00.022 [scheduling-1] INFO  - 总订单数: 1
2026-01-27 01:00:00.022 [scheduling-1] INFO  - 更新数量: 0
2026-01-27 01:00:00.022 [scheduling-1] INFO  - 跳过数量: 0
2026-01-27 01:00:00.022 [scheduling-1] INFO  - 错误数量: 0
2026-01-27 01:00:00.022 [scheduling-1] INFO  - 执行耗时: 14 毫秒
2026-01-27 01:00:00.022 [scheduling-1] INFO  - =====================================
2026-01-27 01:05:00.032 [scheduling-1] INFO  - ========== 开始执行定时任务：检查未到店订单 ==========
2026-01-27 01:05:00.047 [scheduling-1] INFO  - 找到 1 条待核销的订单
2026-01-27 01:05:00.048 [scheduling-1] INFO  - ========== 定时任务完成 ==========
2026-01-27 01:05:00.049 [scheduling-1] INFO  - 总订单数: 1
2026-01-27 01:05:00.049 [scheduling-1] INFO  - 更新数量: 0
2026-01-27 01:05:00.049 [scheduling-1] INFO  - 跳过数量: 0
2026-01-27 01:05:00.049 [scheduling-1] INFO  - 错误数量: 0
2026-01-27 01:05:00.049 [scheduling-1] INFO  - 执行耗时: 15 毫秒
2026-01-27 01:05:00.049 [scheduling-1] INFO  - =====================================
2026-01-27 01:10:00.030 [scheduling-1] INFO  - ========== 开始执行定时任务：检查未到店订单 ==========
2026-01-27 01:10:00.047 [scheduling-1] INFO  - 找到 1 条待核销的订单
2026-01-27 01:10:00.047 [scheduling-1] INFO  - ========== 定时任务完成 ==========
2026-01-27 01:10:00.047 [scheduling-1] INFO  - 总订单数: 1
2026-01-27 01:10:00.047 [scheduling-1] INFO  - 更新数量: 0
2026-01-27 01:10:00.047 [scheduling-1] INFO  - 跳过数量: 0
2026-01-27 01:10:00.047 [scheduling-1] INFO  - 错误数量: 0
2026-01-27 01:10:00.047 [scheduling-1] INFO  - 执行耗时: 16 毫秒
2026-01-27 01:10:00.047 [scheduling-1] INFO  - =====================================
