2026-01-25 10:55:00.062 [scheduling-1] INFO  - ========== 开始执行定时任务：检查未到店订单 ==========
2026-01-25 10:55:00.078 [scheduling-1] INFO  - 找到 0 条待核销的订单
2026-01-25 10:55:00.078 [scheduling-1] INFO  - ========== 定时任务完成 ==========
2026-01-25 10:55:00.078 [scheduling-1] INFO  - 总订单数: 0
2026-01-25 10:55:00.078 [scheduling-1] INFO  - 更新数量: 0
2026-01-25 10:55:00.079 [scheduling-1] INFO  - 跳过数量: 0
2026-01-25 10:55:00.079 [scheduling-1] INFO  - 错误数量: 0
2026-01-25 10:55:00.079 [scheduling-1] INFO  - 执行耗时: 12 毫秒
2026-01-25 10:55:00.079 [scheduling-1] INFO  - =====================================
2026-01-25 11:00:00.017 [scheduling-1] INFO  - ========== 开始执行定时任务：检查未到店订单 ==========
2026-01-25 11:00:00.048 [scheduling-1] INFO  - 找到 0 条待核销的订单
2026-01-25 11:00:00.048 [scheduling-1] INFO  - ========== 定时任务完成 ==========
2026-01-25 11:00:00.048 [scheduling-1] INFO  - 总订单数: 0
2026-01-25 11:00:00.048 [scheduling-1] INFO  - 更新数量: 0
2026-01-25 11:00:00.048 [scheduling-1] INFO  - 跳过数量: 0
2026-01-25 11:00:00.048 [scheduling-1] INFO  - 错误数量: 0
2026-01-25 11:00:00.048 [scheduling-1] INFO  - 执行耗时: 28 毫秒
2026-01-25 11:00:00.048 [scheduling-1] INFO  - =====================================
2026-01-25 11:05:00.010 [scheduling-1] INFO  - ========== 开始执行定时任务：检查未到店订单 ==========
2026-01-25 11:05:00.026 [scheduling-1] INFO  - 找到 0 条待核销的订单
2026-01-25 11:05:00.026 [scheduling-1] INFO  - ========== 定时任务完成 ==========
2026-01-25 11:05:00.026 [scheduling-1] INFO  - 总订单数: 0
2026-01-25 11:05:00.026 [scheduling-1] INFO  - 更新数量: 0
2026-01-25 11:05:00.026 [scheduling-1] INFO  - 跳过数量: 0
2026-01-25 11:05:00.026 [scheduling-1] INFO  - 错误数量: 0
2026-01-25 11:05:00.026 [scheduling-1] INFO  - 执行耗时: 14 毫秒
2026-01-25 11:05:00.026 [scheduling-1] INFO  - =====================================
2026-01-25 11:10:00.045 [scheduling-1] INFO  - ========== 开始执行定时任务：检查未到店订单 ==========
2026-01-25 11:10:00.095 [scheduling-1] INFO  - 找到 0 条待核销的订单
2026-01-25 11:10:00.095 [scheduling-1] INFO  - ========== 定时任务完成 ==========
2026-01-25 11:10:00.095 [scheduling-1] INFO  - 总订单数: 0
2026-01-25 11:10:00.095 [scheduling-1] INFO  - 更新数量: 0
2026-01-25 11:10:00.095 [scheduling-1] INFO  - 跳过数量: 0
2026-01-25 11:10:00.096 [scheduling-1] INFO  - 错误数量: 0
2026-01-25 11:10:00.096 [scheduling-1] INFO  - 执行耗时: 46 毫秒
2026-01-25 11:10:00.096 [scheduling-1] INFO  - =====================================
2026-01-25 11:14:59.996 [scheduling-1] INFO  - ========== 开始执行定时任务：检查未到店订单 ==========
2026-01-25 11:15:00.002 [scheduling-1] INFO  - 找到 0 条待核销的订单
2026-01-25 11:15:00.002 [scheduling-1] INFO  - ========== 定时任务完成 ==========
2026-01-25 11:15:00.002 [scheduling-1] INFO  - 总订单数: 0
2026-01-25 11:15:00.002 [scheduling-1] INFO  - 更新数量: 0
2026-01-25 11:15:00.002 [scheduling-1] INFO  - 跳过数量: 0
2026-01-25 11:15:00.002 [scheduling-1] INFO  - 错误数量: 0
2026-01-25 11:15:00.002 [scheduling-1] INFO  - 执行耗时: 5 毫秒
2026-01-25 11:15:00.002 [scheduling-1] INFO  - =====================================
2026-01-25 11:20:00.006 [scheduling-1] INFO  - ========== 开始执行定时任务：检查未到店订单 ==========
2026-01-25 11:20:00.026 [scheduling-1] INFO  - 找到 0 条待核销的订单
2026-01-25 11:20:00.026 [scheduling-1] INFO  - ========== 定时任务完成 ==========
2026-01-25 11:20:00.026 [scheduling-1] INFO  - 总订单数: 0
2026-01-25 11:20:00.026 [scheduling-1] INFO  - 更新数量: 0
2026-01-25 11:20:00.026 [scheduling-1] INFO  - 跳过数量: 0
2026-01-25 11:20:00.027 [scheduling-1] INFO  - 错误数量: 0
2026-01-25 11:20:00.027 [scheduling-1] INFO  - 执行耗时: 19 毫秒
2026-01-25 11:20:00.027 [scheduling-1] INFO  - =====================================
2026-01-25 11:25:00.012 [scheduling-1] INFO  - ========== 开始执行定时任务：检查未到店订单 ==========
2026-01-25 11:25:00.096 [scheduling-1] INFO  - 找到 0 条待核销的订单
2026-01-25 11:25:00.097 [scheduling-1] INFO  - ========== 定时任务完成 ==========
2026-01-25 11:25:00.097 [scheduling-1] INFO  - 总订单数: 0
2026-01-25 11:25:00.097 [scheduling-1] INFO  - 更新数量: 0
2026-01-25 11:25:00.097 [scheduling-1] INFO  - 跳过数量: 0
2026-01-25 11:25:00.097 [scheduling-1] INFO  - 错误数量: 0
2026-01-25 11:25:00.097 [scheduling-1] INFO  - 执行耗时: 80 毫秒
2026-01-25 11:25:00.097 [scheduling-1] INFO  - =====================================
2026-01-25 11:30:00.027 [scheduling-1] INFO  - ========== 开始执行定时任务：检查未到店订单 ==========
2026-01-25 11:30:00.079 [scheduling-1] INFO  - 找到 0 条待核销的订单
2026-01-25 11:30:00.079 [scheduling-1] INFO  - ========== 定时任务完成 ==========
2026-01-25 11:30:00.079 [scheduling-1] INFO  - 总订单数: 0
2026-01-25 11:30:00.079 [scheduling-1] INFO  - 更新数量: 0
2026-01-25 11:30:00.079 [scheduling-1] INFO  - 跳过数量: 0
2026-01-25 11:30:00.079 [scheduling-1] INFO  - 错误数量: 0
2026-01-25 11:30:00.079 [scheduling-1] INFO  - 执行耗时: 48 毫秒
2026-01-25 11:30:00.079 [scheduling-1] INFO  - =====================================
2026-01-25 11:35:00.011 [scheduling-1] INFO  - ========== 开始执行定时任务：检查未到店订单 ==========
2026-01-25 11:35:00.058 [scheduling-1] INFO  - 找到 0 条待核销的订单
2026-01-25 11:35:00.058 [scheduling-1] INFO  - ========== 定时任务完成 ==========
2026-01-25 11:35:00.058 [scheduling-1] INFO  - 总订单数: 0
2026-01-25 11:35:00.058 [scheduling-1] INFO  - 更新数量: 0
2026-01-25 11:35:00.058 [scheduling-1] INFO  - 跳过数量: 0
2026-01-25 11:35:00.058 [scheduling-1] INFO  - 错误数量: 0
2026-01-25 11:35:00.058 [scheduling-1] INFO  - 执行耗时: 43 毫秒
2026-01-25 11:35:00.058 [scheduling-1] INFO  - =====================================
2026-01-25 11:40:00.083 [scheduling-1] INFO  - ========== 开始执行定时任务：检查未到店订单 ==========
2026-01-25 11:40:00.390 [scheduling-1] INFO  - 找到 0 条待核销的订单
2026-01-25 11:40:00.446 [scheduling-1] INFO  - ========== 定时任务完成 ==========
2026-01-25 11:40:00.472 [scheduling-1] INFO  - 总订单数: 0
2026-01-25 11:40:00.475 [scheduling-1] INFO  - 更新数量: 0
2026-01-25 11:40:00.475 [scheduling-1] INFO  - 跳过数量: 0
2026-01-25 11:40:00.477 [scheduling-1] INFO  - 错误数量: 0
2026-01-25 11:40:00.477 [scheduling-1] INFO  - 执行耗时: 287 毫秒
2026-01-25 11:40:00.477 [scheduling-1] INFO  - =====================================
2026-01-25 11:45:00.013 [scheduling-1] INFO  - ========== 开始执行定时任务：检查未到店订单 ==========
2026-01-25 11:45:00.036 [scheduling-1] INFO  - 找到 0 条待核销的订单
2026-01-25 11:45:00.037 [scheduling-1] INFO  - ========== 定时任务完成 ==========
2026-01-25 11:45:00.037 [scheduling-1] INFO  - 总订单数: 0
2026-01-25 11:45:00.037 [scheduling-1] INFO  - 更新数量: 0
2026-01-25 11:45:00.037 [scheduling-1] INFO  - 跳过数量: 0
2026-01-25 11:45:00.037 [scheduling-1] INFO  - 错误数量: 0
2026-01-25 11:45:00.037 [scheduling-1] INFO  - 执行耗时: 21 毫秒
2026-01-25 11:45:00.037 [scheduling-1] INFO  - =====================================
2026-01-25 11:50:00.008 [scheduling-1] INFO  - ========== 开始执行定时任务：检查未到店订单 ==========
2026-01-25 11:50:00.028 [scheduling-1] INFO  - 找到 0 条待核销的订单
2026-01-25 11:50:00.029 [scheduling-1] INFO  - ========== 定时任务完成 ==========
2026-01-25 11:50:00.029 [scheduling-1] INFO  - 总订单数: 0
2026-01-25 11:50:00.029 [scheduling-1] INFO  - 更新数量: 0
2026-01-25 11:50:00.029 [scheduling-1] INFO  - 跳过数量: 0
2026-01-25 11:50:00.029 [scheduling-1] INFO  - 错误数量: 0
2026-01-25 11:50:00.029 [scheduling-1] INFO  - 执行耗时: 20 毫秒
2026-01-25 11:50:00.029 [scheduling-1] INFO  - =====================================
2026-01-25 11:55:00.005 [scheduling-1] INFO  - ========== 开始执行定时任务：检查未到店订单 ==========
2026-01-25 11:55:00.032 [scheduling-1] INFO  - 找到 0 条待核销的订单
2026-01-25 11:55:00.032 [scheduling-1] INFO  - ========== 定时任务完成 ==========
2026-01-25 11:55:00.032 [scheduling-1] INFO  - 总订单数: 0
2026-01-25 11:55:00.032 [scheduling-1] INFO  - 更新数量: 0
2026-01-25 11:55:00.032 [scheduling-1] INFO  - 跳过数量: 0
2026-01-25 11:55:00.032 [scheduling-1] INFO  - 错误数量: 0
2026-01-25 11:55:00.032 [scheduling-1] INFO  - 执行耗时: 23 毫秒
2026-01-25 11:55:00.032 [scheduling-1] INFO  - =====================================
2026-01-25 12:00:00.025 [scheduling-1] INFO  - ========== 开始执行定时任务：检查未到店订单 ==========
2026-01-25 12:00:00.041 [scheduling-1] INFO  - 找到 0 条待核销的订单
2026-01-25 12:00:00.042 [scheduling-1] INFO  - ========== 定时任务完成 ==========
2026-01-25 12:00:00.042 [scheduling-1] INFO  - 总订单数: 0
2026-01-25 12:00:00.042 [scheduling-1] INFO  - 更新数量: 0
2026-01-25 12:00:00.042 [scheduling-1] INFO  - 跳过数量: 0
2026-01-25 12:00:00.042 [scheduling-1] INFO  - 错误数量: 0
2026-01-25 12:00:00.042 [scheduling-1] INFO  - 执行耗时: 14 毫秒
2026-01-25 12:00:00.042 [scheduling-1] INFO  - =====================================
2026-01-25 12:05:00.011 [scheduling-1] INFO  - ========== 开始执行定时任务：检查未到店订单 ==========
2026-01-25 12:05:00.058 [scheduling-1] INFO  - 找到 0 条待核销的订单
2026-01-25 12:05:00.058 [scheduling-1] INFO  - ========== 定时任务完成 ==========
2026-01-25 12:05:00.058 [scheduling-1] INFO  - 总订单数: 0
2026-01-25 12:05:00.058 [scheduling-1] INFO  - 更新数量: 0
2026-01-25 12:05:00.058 [scheduling-1] INFO  - 跳过数量: 0
2026-01-25 12:05:00.058 [scheduling-1] INFO  - 错误数量: 0
2026-01-25 12:05:00.059 [scheduling-1] INFO  - 执行耗时: 44 毫秒
2026-01-25 12:05:00.059 [scheduling-1] INFO  - =====================================
2026-01-25 12:10:00.009 [scheduling-1] INFO  - ========== 开始执行定时任务：检查未到店订单 ==========
2026-01-25 12:10:00.031 [scheduling-1] INFO  - 找到 0 条待核销的订单
2026-01-25 12:10:00.031 [scheduling-1] INFO  - ========== 定时任务完成 ==========
2026-01-25 12:10:00.031 [scheduling-1] INFO  - 总订单数: 0
2026-01-25 12:10:00.031 [scheduling-1] INFO  - 更新数量: 0
2026-01-25 12:10:00.031 [scheduling-1] INFO  - 跳过数量: 0
2026-01-25 12:10:00.031 [scheduling-1] INFO  - 错误数量: 0
2026-01-25 12:10:00.031 [scheduling-1] INFO  - 执行耗时: 20 毫秒
2026-01-25 12:10:00.031 [scheduling-1] INFO  - =====================================
2026-01-25 12:14:59.994 [scheduling-1] INFO  - ========== 开始执行定时任务：检查未到店订单 ==========
2026-01-25 12:15:00.022 [scheduling-1] INFO  - 找到 0 条待核销的订单
2026-01-25 12:15:00.022 [scheduling-1] INFO  - ========== 定时任务完成 ==========
2026-01-25 12:15:00.022 [scheduling-1] INFO  - 总订单数: 0
2026-01-25 12:15:00.022 [scheduling-1] INFO  - 更新数量: 0
2026-01-25 12:15:00.022 [scheduling-1] INFO  - 跳过数量: 0
2026-01-25 12:15:00.022 [scheduling-1] INFO  - 错误数量: 0
2026-01-25 12:15:00.022 [scheduling-1] INFO  - 执行耗时: 24 毫秒
2026-01-25 12:15:00.022 [scheduling-1] INFO  - =====================================
2026-01-25 12:20:00.015 [scheduling-1] INFO  - ========== 开始执行定时任务：检查未到店订单 ==========
2026-01-25 12:20:00.036 [scheduling-1] INFO  - 找到 0 条待核销的订单
2026-01-25 12:20:00.036 [scheduling-1] INFO  - ========== 定时任务完成 ==========
2026-01-25 12:20:00.036 [scheduling-1] INFO  - 总订单数: 0
2026-01-25 12:20:00.036 [scheduling-1] INFO  - 更新数量: 0
2026-01-25 12:20:00.036 [scheduling-1] INFO  - 跳过数量: 0
2026-01-25 12:20:00.036 [scheduling-1] INFO  - 错误数量: 0
2026-01-25 12:20:00.036 [scheduling-1] INFO  - 执行耗时: 18 毫秒
2026-01-25 12:20:00.036 [scheduling-1] INFO  - =====================================
2026-01-25 12:25:00.037 [scheduling-1] INFO  - ========== 开始执行定时任务：检查未到店订单 ==========
2026-01-25 12:25:00.054 [scheduling-1] INFO  - 找到 0 条待核销的订单
2026-01-25 12:25:00.054 [scheduling-1] INFO  - ========== 定时任务完成 ==========
2026-01-25 12:25:00.054 [scheduling-1] INFO  - 总订单数: 0
2026-01-25 12:25:00.054 [scheduling-1] INFO  - 更新数量: 0
2026-01-25 12:25:00.054 [scheduling-1] INFO  - 跳过数量: 0
2026-01-25 12:25:00.054 [scheduling-1] INFO  - 错误数量: 0
2026-01-25 12:25:00.054 [scheduling-1] INFO  - 执行耗时: 14 毫秒
2026-01-25 12:25:00.054 [scheduling-1] INFO  - =====================================
2026-01-25 12:30:00.016 [scheduling-1] INFO  - ========== 开始执行定时任务：检查未到店订单 ==========
2026-01-25 12:30:00.034 [scheduling-1] INFO  - 找到 0 条待核销的订单
2026-01-25 12:30:00.034 [scheduling-1] INFO  - ========== 定时任务完成 ==========
2026-01-25 12:30:00.034 [scheduling-1] INFO  - 总订单数: 0
2026-01-25 12:30:00.034 [scheduling-1] INFO  - 更新数量: 0
2026-01-25 12:30:00.034 [scheduling-1] INFO  - 跳过数量: 0
2026-01-25 12:30:00.034 [scheduling-1] INFO  - 错误数量: 0
2026-01-25 12:30:00.034 [scheduling-1] INFO  - 执行耗时: 15 毫秒
2026-01-25 12:30:00.034 [scheduling-1] INFO  - =====================================
2026-01-25 12:35:00.025 [scheduling-1] INFO  - ========== 开始执行定时任务：检查未到店订单 ==========
2026-01-25 12:35:00.089 [scheduling-1] INFO  - 找到 0 条待核销的订单
2026-01-25 12:35:00.089 [scheduling-1] INFO  - ========== 定时任务完成 ==========
2026-01-25 12:35:00.089 [scheduling-1] INFO  - 总订单数: 0
2026-01-25 12:35:00.089 [scheduling-1] INFO  - 更新数量: 0
2026-01-25 12:35:00.089 [scheduling-1] INFO  - 跳过数量: 0
2026-01-25 12:35:00.089 [scheduling-1] INFO  - 错误数量: 0
2026-01-25 12:35:00.089 [scheduling-1] INFO  - 执行耗时: 61 毫秒
2026-01-25 12:35:00.089 [scheduling-1] INFO  - =====================================
2026-01-25 12:40:00.017 [scheduling-1] INFO  - ========== 开始执行定时任务：检查未到店订单 ==========
2026-01-25 12:40:00.050 [scheduling-1] INFO  - 找到 0 条待核销的订单
2026-01-25 12:40:00.050 [scheduling-1] INFO  - ========== 定时任务完成 ==========
2026-01-25 12:40:00.050 [scheduling-1] INFO  - 总订单数: 0
2026-01-25 12:40:00.050 [scheduling-1] INFO  - 更新数量: 0
2026-01-25 12:40:00.050 [scheduling-1] INFO  - 跳过数量: 0
2026-01-25 12:40:00.050 [scheduling-1] INFO  - 错误数量: 0
2026-01-25 12:40:00.050 [scheduling-1] INFO  - 执行耗时: 30 毫秒
2026-01-25 12:40:00.050 [scheduling-1] INFO  - =====================================
2026-01-25 12:45:00.006 [scheduling-1] INFO  - ========== 开始执行定时任务：检查未到店订单 ==========
2026-01-25 12:45:00.024 [scheduling-1] INFO  - 找到 0 条待核销的订单
2026-01-25 12:45:00.024 [scheduling-1] INFO  - ========== 定时任务完成 ==========
2026-01-25 12:45:00.024 [scheduling-1] INFO  - 总订单数: 0
2026-01-25 12:45:00.024 [scheduling-1] INFO  - 更新数量: 0
2026-01-25 12:45:00.024 [scheduling-1] INFO  - 跳过数量: 0
2026-01-25 12:45:00.024 [scheduling-1] INFO  - 错误数量: 0
2026-01-25 12:45:00.024 [scheduling-1] INFO  - 执行耗时: 15 毫秒
2026-01-25 12:45:00.024 [scheduling-1] INFO  - =====================================
2026-01-25 12:49:59.981 [scheduling-1] INFO  - ========== 开始执行定时任务：检查未到店订单 ==========
2026-01-25 12:50:00.005 [scheduling-1] INFO  - 找到 0 条待核销的订单
2026-01-25 12:50:00.005 [scheduling-1] INFO  - ========== 定时任务完成 ==========
2026-01-25 12:50:00.005 [scheduling-1] INFO  - 总订单数: 0
2026-01-25 12:50:00.005 [scheduling-1] INFO  - 更新数量: 0
2026-01-25 12:50:00.005 [scheduling-1] INFO  - 跳过数量: 0
2026-01-25 12:50:00.005 [scheduling-1] INFO  - 错误数量: 0
2026-01-25 12:50:00.005 [scheduling-1] INFO  - 执行耗时: 20 毫秒
2026-01-25 12:50:00.005 [scheduling-1] INFO  - =====================================
2026-01-25 12:55:00.014 [scheduling-1] INFO  - ========== 开始执行定时任务：检查未到店订单 ==========
2026-01-25 12:55:00.039 [scheduling-1] INFO  - 找到 0 条待核销的订单
2026-01-25 12:55:00.040 [scheduling-1] INFO  - ========== 定时任务完成 ==========
2026-01-25 12:55:00.040 [scheduling-1] INFO  - 总订单数: 0
2026-01-25 12:55:00.040 [scheduling-1] INFO  - 更新数量: 0
2026-01-25 12:55:00.040 [scheduling-1] INFO  - 跳过数量: 0
2026-01-25 12:55:00.040 [scheduling-1] INFO  - 错误数量: 0
2026-01-25 12:55:00.040 [scheduling-1] INFO  - 执行耗时: 24 毫秒
2026-01-25 12:55:00.040 [scheduling-1] INFO  - =====================================
2026-01-25 13:00:00.013 [scheduling-1] INFO  - ========== 开始执行定时任务：检查未到店订单 ==========
2026-01-25 13:00:00.075 [scheduling-1] INFO  - 找到 0 条待核销的订单
2026-01-25 13:00:00.075 [scheduling-1] INFO  - ========== 定时任务完成 ==========
2026-01-25 13:00:00.075 [scheduling-1] INFO  - 总订单数: 0
2026-01-25 13:00:00.075 [scheduling-1] INFO  - 更新数量: 0
2026-01-25 13:00:00.075 [scheduling-1] INFO  - 跳过数量: 0
2026-01-25 13:00:00.075 [scheduling-1] INFO  - 错误数量: 0
2026-01-25 13:00:00.075 [scheduling-1] INFO  - 执行耗时: 60 毫秒
2026-01-25 13:00:00.075 [scheduling-1] INFO  - =====================================
2026-01-25 13:05:00.033 [scheduling-1] INFO  - ========== 开始执行定时任务：检查未到店订单 ==========
2026-01-25 13:05:00.078 [scheduling-1] INFO  - 找到 0 条待核销的订单
2026-01-25 13:05:00.078 [scheduling-1] INFO  - ========== 定时任务完成 ==========
2026-01-25 13:05:00.079 [scheduling-1] INFO  - 总订单数: 0
2026-01-25 13:05:00.079 [scheduling-1] INFO  - 更新数量: 0
2026-01-25 13:05:00.079 [scheduling-1] INFO  - 跳过数量: 0
2026-01-25 13:05:00.079 [scheduling-1] INFO  - 错误数量: 0
2026-01-25 13:05:00.079 [scheduling-1] INFO  - 执行耗时: 43 毫秒
2026-01-25 13:05:00.079 [scheduling-1] INFO  - =====================================
2026-01-25 13:10:00.008 [scheduling-1] INFO  - ========== 开始执行定时任务：检查未到店订单 ==========
2026-01-25 13:10:00.038 [scheduling-1] INFO  - 找到 0 条待核销的订单
2026-01-25 13:10:00.039 [scheduling-1] INFO  - ========== 定时任务完成 ==========
2026-01-25 13:10:00.039 [scheduling-1] INFO  - 总订单数: 0
2026-01-25 13:10:00.039 [scheduling-1] INFO  - 更新数量: 0
2026-01-25 13:10:00.039 [scheduling-1] INFO  - 跳过数量: 0
2026-01-25 13:10:00.039 [scheduling-1] INFO  - 错误数量: 0
2026-01-25 13:10:00.039 [scheduling-1] INFO  - 执行耗时: 28 毫秒
2026-01-25 13:10:00.039 [scheduling-1] INFO  - =====================================
2026-01-25 13:15:00.014 [scheduling-1] INFO  - ========== 开始执行定时任务：检查未到店订单 ==========
2026-01-25 13:15:00.033 [scheduling-1] INFO  - 找到 0 条待核销的订单
2026-01-25 13:15:00.033 [scheduling-1] INFO  - ========== 定时任务完成 ==========
2026-01-25 13:15:00.034 [scheduling-1] INFO  - 总订单数: 0
2026-01-25 13:15:00.034 [scheduling-1] INFO  - 更新数量: 0
2026-01-25 13:15:00.034 [scheduling-1] INFO  - 跳过数量: 0
2026-01-25 13:15:00.034 [scheduling-1] INFO  - 错误数量: 0
2026-01-25 13:15:00.034 [scheduling-1] INFO  - 执行耗时: 16 毫秒
2026-01-25 13:15:00.034 [scheduling-1] INFO  - =====================================
2026-01-25 13:20:00.018 [scheduling-1] INFO  - ========== 开始执行定时任务：检查未到店订单 ==========
2026-01-25 13:20:00.078 [scheduling-1] INFO  - 找到 0 条待核销的订单
2026-01-25 13:20:00.079 [scheduling-1] INFO  - ========== 定时任务完成 ==========
2026-01-25 13:20:00.079 [scheduling-1] INFO  - 总订单数: 0
2026-01-25 13:20:00.079 [scheduling-1] INFO  - 更新数量: 0
2026-01-25 13:20:00.079 [scheduling-1] INFO  - 跳过数量: 0
2026-01-25 13:20:00.079 [scheduling-1] INFO  - 错误数量: 0
2026-01-25 13:20:00.079 [scheduling-1] INFO  - 执行耗时: 60 毫秒
2026-01-25 13:20:00.079 [scheduling-1] INFO  - =====================================
2026-01-25 13:25:00.014 [scheduling-1] INFO  - ========== 开始执行定时任务：检查未到店订单 ==========
2026-01-25 13:25:00.039 [scheduling-1] INFO  - 找到 0 条待核销的订单
2026-01-25 13:25:00.040 [scheduling-1] INFO  - ========== 定时任务完成 ==========
2026-01-25 13:25:00.040 [scheduling-1] INFO  - 总订单数: 0
2026-01-25 13:25:00.040 [scheduling-1] INFO  - 更新数量: 0
2026-01-25 13:25:00.040 [scheduling-1] INFO  - 跳过数量: 0
2026-01-25 13:25:00.040 [scheduling-1] INFO  - 错误数量: 0
2026-01-25 13:25:00.040 [scheduling-1] INFO  - 执行耗时: 24 毫秒
2026-01-25 13:25:00.040 [scheduling-1] INFO  - =====================================
2026-01-25 13:30:00.016 [scheduling-1] INFO  - ========== 开始执行定时任务：检查未到店订单 ==========
2026-01-25 13:30:00.050 [scheduling-1] INFO  - 找到 0 条待核销的订单
2026-01-25 13:30:00.051 [scheduling-1] INFO  - ========== 定时任务完成 ==========
2026-01-25 13:30:00.051 [scheduling-1] INFO  - 总订单数: 0
2026-01-25 13:30:00.051 [scheduling-1] INFO  - 更新数量: 0
2026-01-25 13:30:00.051 [scheduling-1] INFO  - 跳过数量: 0
2026-01-25 13:30:00.051 [scheduling-1] INFO  - 错误数量: 0
2026-01-25 13:30:00.051 [scheduling-1] INFO  - 执行耗时: 32 毫秒
2026-01-25 13:30:00.051 [scheduling-1] INFO  - =====================================
2026-01-25 13:35:00.015 [scheduling-1] INFO  - ========== 开始执行定时任务：检查未到店订单 ==========
2026-01-25 13:35:00.050 [scheduling-1] INFO  - 找到 0 条待核销的订单
2026-01-25 13:35:00.050 [scheduling-1] INFO  - ========== 定时任务完成 ==========
2026-01-25 13:35:00.050 [scheduling-1] INFO  - 总订单数: 0
2026-01-25 13:35:00.050 [scheduling-1] INFO  - 更新数量: 0
2026-01-25 13:35:00.050 [scheduling-1] INFO  - 跳过数量: 0
2026-01-25 13:35:00.050 [scheduling-1] INFO  - 错误数量: 0
2026-01-25 13:35:00.050 [scheduling-1] INFO  - 执行耗时: 33 毫秒
2026-01-25 13:35:00.050 [scheduling-1] INFO  - =====================================
2026-01-25 13:40:00.013 [scheduling-1] INFO  - ========== 开始执行定时任务：检查未到店订单 ==========
2026-01-25 13:40:00.034 [scheduling-1] INFO  - 找到 0 条待核销的订单
2026-01-25 13:40:00.034 [scheduling-1] INFO  - ========== 定时任务完成 ==========
2026-01-25 13:40:00.034 [scheduling-1] INFO  - 总订单数: 0
2026-01-25 13:40:00.034 [scheduling-1] INFO  - 更新数量: 0
2026-01-25 13:40:00.034 [scheduling-1] INFO  - 跳过数量: 0
2026-01-25 13:40:00.034 [scheduling-1] INFO  - 错误数量: 0
2026-01-25 13:40:00.034 [scheduling-1] INFO  - 执行耗时: 19 毫秒
2026-01-25 13:40:00.034 [scheduling-1] INFO  - =====================================
2026-01-25 13:45:00.025 [scheduling-1] INFO  - ========== 开始执行定时任务：检查未到店订单 ==========
2026-01-25 13:45:00.052 [scheduling-1] INFO  - 找到 0 条待核销的订单
2026-01-25 13:45:00.052 [scheduling-1] INFO  - ========== 定时任务完成 ==========
2026-01-25 13:45:00.052 [scheduling-1] INFO  - 总订单数: 0
2026-01-25 13:45:00.052 [scheduling-1] INFO  - 更新数量: 0
2026-01-25 13:45:00.052 [scheduling-1] INFO  - 跳过数量: 0
2026-01-25 13:45:00.052 [scheduling-1] INFO  - 错误数量: 0
2026-01-25 13:45:00.052 [scheduling-1] INFO  - 执行耗时: 24 毫秒
2026-01-25 13:45:00.052 [scheduling-1] INFO  - =====================================
2026-01-25 13:50:00.018 [scheduling-1] INFO  - ========== 开始执行定时任务：检查未到店订单 ==========
2026-01-25 13:50:00.040 [scheduling-1] INFO  - 找到 0 条待核销的订单
2026-01-25 13:50:00.041 [scheduling-1] INFO  - ========== 定时任务完成 ==========
2026-01-25 13:50:00.041 [scheduling-1] INFO  - 总订单数: 0
2026-01-25 13:50:00.041 [scheduling-1] INFO  - 更新数量: 0
2026-01-25 13:50:00.041 [scheduling-1] INFO  - 跳过数量: 0
2026-01-25 13:50:00.041 [scheduling-1] INFO  - 错误数量: 0
2026-01-25 13:50:00.041 [scheduling-1] INFO  - 执行耗时: 21 毫秒
2026-01-25 13:50:00.041 [scheduling-1] INFO  - =====================================
2026-01-25 13:55:00.030 [scheduling-1] INFO  - ========== 开始执行定时任务：检查未到店订单 ==========
2026-01-25 13:55:00.044 [scheduling-1] INFO  - 找到 0 条待核销的订单
2026-01-25 13:55:00.044 [scheduling-1] INFO  - ========== 定时任务完成 ==========
2026-01-25 13:55:00.044 [scheduling-1] INFO  - 总订单数: 0
2026-01-25 13:55:00.044 [scheduling-1] INFO  - 更新数量: 0
2026-01-25 13:55:00.044 [scheduling-1] INFO  - 跳过数量: 0
2026-01-25 13:55:00.044 [scheduling-1] INFO  - 错误数量: 0
2026-01-25 13:55:00.045 [scheduling-1] INFO  - 执行耗时: 12 毫秒
2026-01-25 13:55:00.045 [scheduling-1] INFO  - =====================================
2026-01-25 14:00:00.013 [scheduling-1] INFO  - ========== 开始执行定时任务：检查未到店订单 ==========
2026-01-25 14:00:00.035 [scheduling-1] INFO  - 找到 0 条待核销的订单
2026-01-25 14:00:00.035 [scheduling-1] INFO  - ========== 定时任务完成 ==========
2026-01-25 14:00:00.036 [scheduling-1] INFO  - 总订单数: 0
2026-01-25 14:00:00.036 [scheduling-1] INFO  - 更新数量: 0
2026-01-25 14:00:00.036 [scheduling-1] INFO  - 跳过数量: 0
2026-01-25 14:00:00.036 [scheduling-1] INFO  - 错误数量: 0
2026-01-25 14:00:00.036 [scheduling-1] INFO  - 执行耗时: 18 毫秒
2026-01-25 14:00:00.036 [scheduling-1] INFO  - =====================================
2026-01-25 14:05:00.016 [scheduling-1] INFO  - ========== 开始执行定时任务：检查未到店订单 ==========
2026-01-25 14:05:00.035 [scheduling-1] INFO  - 找到 0 条待核销的订单
2026-01-25 14:05:00.035 [scheduling-1] INFO  - ========== 定时任务完成 ==========
2026-01-25 14:05:00.036 [scheduling-1] INFO  - 总订单数: 0
2026-01-25 14:05:00.036 [scheduling-1] INFO  - 更新数量: 0
2026-01-25 14:05:00.036 [scheduling-1] INFO  - 跳过数量: 0
2026-01-25 14:05:00.036 [scheduling-1] INFO  - 错误数量: 0
2026-01-25 14:05:00.036 [scheduling-1] INFO  - 执行耗时: 17 毫秒
2026-01-25 14:05:00.036 [scheduling-1] INFO  - =====================================
2026-01-25 14:10:00.011 [scheduling-1] INFO  - ========== 开始执行定时任务：检查未到店订单 ==========
2026-01-25 14:10:00.026 [scheduling-1] INFO  - 找到 0 条待核销的订单
2026-01-25 14:10:00.026 [scheduling-1] INFO  - ========== 定时任务完成 ==========
2026-01-25 14:10:00.026 [scheduling-1] INFO  - 总订单数: 0
2026-01-25 14:10:00.026 [scheduling-1] INFO  - 更新数量: 0
2026-01-25 14:10:00.026 [scheduling-1] INFO  - 跳过数量: 0
2026-01-25 14:10:00.026 [scheduling-1] INFO  - 错误数量: 0
2026-01-25 14:10:00.026 [scheduling-1] INFO  - 执行耗时: 13 毫秒
2026-01-25 14:10:00.026 [scheduling-1] INFO  - =====================================
2026-01-25 14:15:00.013 [scheduling-1] INFO  - ========== 开始执行定时任务：检查未到店订单 ==========
2026-01-25 14:15:00.036 [scheduling-1] INFO  - 找到 0 条待核销的订单
2026-01-25 14:15:00.036 [scheduling-1] INFO  - ========== 定时任务完成 ==========
2026-01-25 14:15:00.037 [scheduling-1] INFO  - 总订单数: 0
2026-01-25 14:15:00.037 [scheduling-1] INFO  - 更新数量: 0
2026-01-25 14:15:00.037 [scheduling-1] INFO  - 跳过数量: 0
2026-01-25 14:15:00.037 [scheduling-1] INFO  - 错误数量: 0
2026-01-25 14:15:00.037 [scheduling-1] INFO  - 执行耗时: 19 毫秒
2026-01-25 14:15:00.037 [scheduling-1] INFO  - =====================================
2026-01-25 14:20:00.015 [scheduling-1] INFO  - ========== 开始执行定时任务：检查未到店订单 ==========
2026-01-25 14:20:00.031 [scheduling-1] INFO  - 找到 0 条待核销的订单
2026-01-25 14:20:00.031 [scheduling-1] INFO  - ========== 定时任务完成 ==========
2026-01-25 14:20:00.031 [scheduling-1] INFO  - 总订单数: 0
2026-01-25 14:20:00.032 [scheduling-1] INFO  - 更新数量: 0
2026-01-25 14:20:00.032 [scheduling-1] INFO  - 跳过数量: 0
2026-01-25 14:20:00.032 [scheduling-1] INFO  - 错误数量: 0
2026-01-25 14:20:00.032 [scheduling-1] INFO  - 执行耗时: 14 毫秒
2026-01-25 14:20:00.032 [scheduling-1] INFO  - =====================================
2026-01-25 14:24:59.940 [scheduling-1] INFO  - ========== 开始执行定时任务：检查未到店订单 ==========
2026-01-25 14:24:59.963 [scheduling-1] INFO  - 找到 0 条待核销的订单
2026-01-25 14:24:59.964 [scheduling-1] INFO  - ========== 定时任务完成 ==========
2026-01-25 14:24:59.964 [scheduling-1] INFO  - 总订单数: 0
2026-01-25 14:24:59.964 [scheduling-1] INFO  - 更新数量: 0
2026-01-25 14:24:59.964 [scheduling-1] INFO  - 跳过数量: 0
2026-01-25 14:24:59.964 [scheduling-1] INFO  - 错误数量: 0
2026-01-25 14:24:59.964 [scheduling-1] INFO  - 执行耗时: 21 毫秒
2026-01-25 14:24:59.964 [scheduling-1] INFO  - =====================================
2026-01-25 14:30:00.010 [scheduling-1] INFO  - ========== 开始执行定时任务：检查未到店订单 ==========
2026-01-25 14:30:00.028 [scheduling-1] INFO  - 找到 0 条待核销的订单
2026-01-25 14:30:00.028 [scheduling-1] INFO  - ========== 定时任务完成 ==========
2026-01-25 14:30:00.028 [scheduling-1] INFO  - 总订单数: 0
2026-01-25 14:30:00.028 [scheduling-1] INFO  - 更新数量: 0
2026-01-25 14:30:00.029 [scheduling-1] INFO  - 跳过数量: 0
2026-01-25 14:30:00.029 [scheduling-1] INFO  - 错误数量: 0
2026-01-25 14:30:00.029 [scheduling-1] INFO  - 执行耗时: 15 毫秒
2026-01-25 14:30:00.029 [scheduling-1] INFO  - =====================================
2026-01-25 14:35:00.013 [scheduling-1] INFO  - ========== 开始执行定时任务：检查未到店订单 ==========
2026-01-25 14:35:00.045 [scheduling-1] INFO  - 找到 0 条待核销的订单
2026-01-25 14:35:00.045 [scheduling-1] INFO  - ========== 定时任务完成 ==========
2026-01-25 14:35:00.045 [scheduling-1] INFO  - 总订单数: 0
2026-01-25 14:35:00.046 [scheduling-1] INFO  - 更新数量: 0
2026-01-25 14:35:00.046 [scheduling-1] INFO  - 跳过数量: 0
2026-01-25 14:35:00.046 [scheduling-1] INFO  - 错误数量: 0
2026-01-25 14:35:00.046 [scheduling-1] INFO  - 执行耗时: 30 毫秒
2026-01-25 14:35:00.046 [scheduling-1] INFO  - =====================================
2026-01-25 14:40:00.016 [scheduling-1] INFO  - ========== 开始执行定时任务：检查未到店订单 ==========
2026-01-25 14:40:00.040 [scheduling-1] INFO  - 找到 0 条待核销的订单
2026-01-25 14:40:00.041 [scheduling-1] INFO  - ========== 定时任务完成 ==========
2026-01-25 14:40:00.041 [scheduling-1] INFO  - 总订单数: 0
2026-01-25 14:40:00.041 [scheduling-1] INFO  - 更新数量: 0
2026-01-25 14:40:00.041 [scheduling-1] INFO  - 跳过数量: 0
2026-01-25 14:40:00.041 [scheduling-1] INFO  - 错误数量: 0
2026-01-25 14:40:00.041 [scheduling-1] INFO  - 执行耗时: 23 毫秒
2026-01-25 14:40:00.041 [scheduling-1] INFO  - =====================================
2026-01-25 14:44:59.997 [scheduling-1] INFO  - ========== 开始执行定时任务：检查未到店订单 ==========
2026-01-25 14:45:00.047 [scheduling-1] INFO  - 找到 0 条待核销的订单
2026-01-25 14:45:00.047 [scheduling-1] INFO  - ========== 定时任务完成 ==========
2026-01-25 14:45:00.047 [scheduling-1] INFO  - 总订单数: 0
2026-01-25 14:45:00.047 [scheduling-1] INFO  - 更新数量: 0
2026-01-25 14:45:00.047 [scheduling-1] INFO  - 跳过数量: 0
2026-01-25 14:45:00.047 [scheduling-1] INFO  - 错误数量: 0
2026-01-25 14:45:00.047 [scheduling-1] INFO  - 执行耗时: 49 毫秒
2026-01-25 14:45:00.047 [scheduling-1] INFO  - =====================================
2026-01-25 14:50:00.006 [scheduling-1] INFO  - ========== 开始执行定时任务：检查未到店订单 ==========
2026-01-25 14:50:00.032 [scheduling-1] INFO  - 找到 0 条待核销的订单
2026-01-25 14:50:00.032 [scheduling-1] INFO  - ========== 定时任务完成 ==========
2026-01-25 14:50:00.032 [scheduling-1] INFO  - 总订单数: 0
2026-01-25 14:50:00.032 [scheduling-1] INFO  - 更新数量: 0
2026-01-25 14:50:00.032 [scheduling-1] INFO  - 跳过数量: 0
2026-01-25 14:50:00.032 [scheduling-1] INFO  - 错误数量: 0
2026-01-25 14:50:00.032 [scheduling-1] INFO  - 执行耗时: 22 毫秒
2026-01-25 14:50:00.033 [scheduling-1] INFO  - =====================================
2026-01-25 14:55:00.009 [scheduling-1] INFO  - ========== 开始执行定时任务：检查未到店订单 ==========
2026-01-25 14:55:00.021 [scheduling-1] INFO  - 找到 0 条待核销的订单
2026-01-25 14:55:00.021 [scheduling-1] INFO  - ========== 定时任务完成 ==========
2026-01-25 14:55:00.021 [scheduling-1] INFO  - 总订单数: 0
2026-01-25 14:55:00.021 [scheduling-1] INFO  - 更新数量: 0
2026-01-25 14:55:00.021 [scheduling-1] INFO  - 跳过数量: 0
2026-01-25 14:55:00.021 [scheduling-1] INFO  - 错误数量: 0
2026-01-25 14:55:00.022 [scheduling-1] INFO  - 执行耗时: 10 毫秒
2026-01-25 14:55:00.022 [scheduling-1] INFO  - =====================================
2026-01-25 15:00:00.004 [scheduling-1] INFO  - ========== 开始执行定时任务：检查未到店订单 ==========
2026-01-25 15:00:00.017 [scheduling-1] INFO  - 找到 0 条待核销的订单
2026-01-25 15:00:00.017 [scheduling-1] INFO  - ========== 定时任务完成 ==========
2026-01-25 15:00:00.017 [scheduling-1] INFO  - 总订单数: 0
2026-01-25 15:00:00.017 [scheduling-1] INFO  - 更新数量: 0
2026-01-25 15:00:00.017 [scheduling-1] INFO  - 跳过数量: 0
2026-01-25 15:00:00.017 [scheduling-1] INFO  - 错误数量: 0
2026-01-25 15:00:00.017 [scheduling-1] INFO  - 执行耗时: 12 毫秒
2026-01-25 15:00:00.017 [scheduling-1] INFO  - =====================================
2026-01-25 15:05:00.009 [scheduling-1] INFO  - ========== 开始执行定时任务：检查未到店订单 ==========
2026-01-25 15:05:00.029 [scheduling-1] INFO  - 找到 0 条待核销的订单
2026-01-25 15:05:00.029 [scheduling-1] INFO  - ========== 定时任务完成 ==========
2026-01-25 15:05:00.029 [scheduling-1] INFO  - 总订单数: 0
2026-01-25 15:05:00.030 [scheduling-1] INFO  - 更新数量: 0
2026-01-25 15:05:00.030 [scheduling-1] INFO  - 跳过数量: 0
2026-01-25 15:05:00.030 [scheduling-1] INFO  - 错误数量: 0
2026-01-25 15:05:00.030 [scheduling-1] INFO  - 执行耗时: 17 毫秒
2026-01-25 15:05:00.030 [scheduling-1] INFO  - =====================================
2026-01-25 15:10:00.010 [scheduling-1] INFO  - ========== 开始执行定时任务：检查未到店订单 ==========
2026-01-25 15:10:00.036 [scheduling-1] INFO  - 找到 0 条待核销的订单
2026-01-25 15:10:00.036 [scheduling-1] INFO  - ========== 定时任务完成 ==========
2026-01-25 15:10:00.036 [scheduling-1] INFO  - 总订单数: 0
2026-01-25 15:10:00.036 [scheduling-1] INFO  - 更新数量: 0
2026-01-25 15:10:00.036 [scheduling-1] INFO  - 跳过数量: 0
2026-01-25 15:10:00.036 [scheduling-1] INFO  - 错误数量: 0
2026-01-25 15:10:00.036 [scheduling-1] INFO  - 执行耗时: 24 毫秒
2026-01-25 15:10:00.036 [scheduling-1] INFO  - =====================================
2026-01-25 15:15:00.010 [scheduling-1] INFO  - ========== 开始执行定时任务：检查未到店订单 ==========
2026-01-25 15:15:00.028 [scheduling-1] INFO  - 找到 0 条待核销的订单
2026-01-25 15:15:00.029 [scheduling-1] INFO  - ========== 定时任务完成 ==========
2026-01-25 15:15:00.029 [scheduling-1] INFO  - 总订单数: 0
2026-01-25 15:15:00.029 [scheduling-1] INFO  - 更新数量: 0
2026-01-25 15:15:00.029 [scheduling-1] INFO  - 跳过数量: 0
2026-01-25 15:15:00.029 [scheduling-1] INFO  - 错误数量: 0
2026-01-25 15:15:00.029 [scheduling-1] INFO  - 执行耗时: 17 毫秒
2026-01-25 15:15:00.029 [scheduling-1] INFO  - =====================================
2026-01-25 15:20:00.003 [scheduling-1] INFO  - ========== 开始执行定时任务：检查未到店订单 ==========
2026-01-25 15:20:00.020 [scheduling-1] INFO  - 找到 0 条待核销的订单
2026-01-25 15:20:00.020 [scheduling-1] INFO  - ========== 定时任务完成 ==========
2026-01-25 15:20:00.020 [scheduling-1] INFO  - 总订单数: 0
2026-01-25 15:20:00.020 [scheduling-1] INFO  - 更新数量: 0
2026-01-25 15:20:00.021 [scheduling-1] INFO  - 跳过数量: 0
2026-01-25 15:20:00.021 [scheduling-1] INFO  - 错误数量: 0
2026-01-25 15:20:00.021 [scheduling-1] INFO  - 执行耗时: 14 毫秒
2026-01-25 15:20:00.021 [scheduling-1] INFO  - =====================================
2026-01-25 15:25:00.010 [scheduling-1] INFO  - ========== 开始执行定时任务：检查未到店订单 ==========
2026-01-25 15:25:00.027 [scheduling-1] INFO  - 找到 0 条待核销的订单
2026-01-25 15:25:00.027 [scheduling-1] INFO  - ========== 定时任务完成 ==========
2026-01-25 15:25:00.027 [scheduling-1] INFO  - 总订单数: 0
2026-01-25 15:25:00.027 [scheduling-1] INFO  - 更新数量: 0
2026-01-25 15:25:00.027 [scheduling-1] INFO  - 跳过数量: 0
2026-01-25 15:25:00.027 [scheduling-1] INFO  - 错误数量: 0
2026-01-25 15:25:00.027 [scheduling-1] INFO  - 执行耗时: 16 毫秒
2026-01-25 15:25:00.027 [scheduling-1] INFO  - =====================================
2026-01-25 15:30:00.008 [scheduling-1] INFO  - ========== 开始执行定时任务：检查未到店订单 ==========
2026-01-25 15:30:00.030 [scheduling-1] INFO  - 找到 0 条待核销的订单
2026-01-25 15:30:00.031 [scheduling-1] INFO  - ========== 定时任务完成 ==========
2026-01-25 15:30:00.031 [scheduling-1] INFO  - 总订单数: 0
2026-01-25 15:30:00.031 [scheduling-1] INFO  - 更新数量: 0
2026-01-25 15:30:00.031 [scheduling-1] INFO  - 跳过数量: 0
2026-01-25 15:30:00.031 [scheduling-1] INFO  - 错误数量: 0
2026-01-25 15:30:00.031 [scheduling-1] INFO  - 执行耗时: 19 毫秒
2026-01-25 15:30:00.031 [scheduling-1] INFO  - =====================================
2026-01-25 15:35:00.106 [scheduling-1] INFO  - ========== 开始执行定时任务：检查未到店订单 ==========
2026-01-25 15:35:00.127 [scheduling-1] INFO  - 找到 0 条待核销的订单
2026-01-25 15:35:00.127 [scheduling-1] INFO  - ========== 定时任务完成 ==========
2026-01-25 15:35:00.127 [scheduling-1] INFO  - 总订单数: 0
2026-01-25 15:35:00.128 [scheduling-1] INFO  - 更新数量: 0
2026-01-25 15:35:00.128 [scheduling-1] INFO  - 跳过数量: 0
2026-01-25 15:35:00.128 [scheduling-1] INFO  - 错误数量: 0
2026-01-25 15:35:00.128 [scheduling-1] INFO  - 执行耗时: 19 毫秒
2026-01-25 15:35:00.128 [scheduling-1] INFO  - =====================================
2026-01-25 15:40:00.009 [scheduling-1] INFO  - ========== 开始执行定时任务：检查未到店订单 ==========
2026-01-25 15:40:00.032 [scheduling-1] INFO  - 找到 0 条待核销的订单
2026-01-25 15:40:00.032 [scheduling-1] INFO  - ========== 定时任务完成 ==========
2026-01-25 15:40:00.032 [scheduling-1] INFO  - 总订单数: 0
2026-01-25 15:40:00.033 [scheduling-1] INFO  - 更新数量: 0
2026-01-25 15:40:00.033 [scheduling-1] INFO  - 跳过数量: 0
2026-01-25 15:40:00.033 [scheduling-1] INFO  - 错误数量: 0
2026-01-25 15:40:00.033 [scheduling-1] INFO  - 执行耗时: 21 毫秒
2026-01-25 15:40:00.033 [scheduling-1] INFO  - =====================================
2026-01-25 15:45:00.021 [scheduling-1] INFO  - ========== 开始执行定时任务：检查未到店订单 ==========
2026-01-25 15:45:00.062 [scheduling-1] INFO  - 找到 0 条待核销的订单
2026-01-25 15:45:00.063 [scheduling-1] INFO  - ========== 定时任务完成 ==========
2026-01-25 15:45:00.063 [scheduling-1] INFO  - 总订单数: 0
2026-01-25 15:45:00.063 [scheduling-1] INFO  - 更新数量: 0
2026-01-25 15:45:00.063 [scheduling-1] INFO  - 跳过数量: 0
2026-01-25 15:45:00.063 [scheduling-1] INFO  - 错误数量: 0
2026-01-25 15:45:00.063 [scheduling-1] INFO  - 执行耗时: 35 毫秒
2026-01-25 15:45:00.063 [scheduling-1] INFO  - =====================================
2026-01-25 15:50:00.016 [scheduling-1] INFO  - ========== 开始执行定时任务：检查未到店订单 ==========
2026-01-25 15:50:00.046 [scheduling-1] INFO  - 找到 0 条待核销的订单
2026-01-25 15:50:00.047 [scheduling-1] INFO  - ========== 定时任务完成 ==========
2026-01-25 15:50:00.047 [scheduling-1] INFO  - 总订单数: 0
2026-01-25 15:50:00.047 [scheduling-1] INFO  - 更新数量: 0
2026-01-25 15:50:00.047 [scheduling-1] INFO  - 跳过数量: 0
2026-01-25 15:50:00.047 [scheduling-1] INFO  - 错误数量: 0
2026-01-25 15:50:00.047 [scheduling-1] INFO  - 执行耗时: 29 毫秒
2026-01-25 15:50:00.048 [scheduling-1] INFO  - =====================================
2026-01-25 15:55:00.015 [scheduling-1] INFO  - ========== 开始执行定时任务：检查未到店订单 ==========
2026-01-25 15:55:00.026 [scheduling-1] INFO  - 找到 0 条待核销的订单
2026-01-25 15:55:00.027 [scheduling-1] INFO  - ========== 定时任务完成 ==========
2026-01-25 15:55:00.027 [scheduling-1] INFO  - 总订单数: 0
2026-01-25 15:55:00.027 [scheduling-1] INFO  - 更新数量: 0
2026-01-25 15:55:00.027 [scheduling-1] INFO  - 跳过数量: 0
2026-01-25 15:55:00.027 [scheduling-1] INFO  - 错误数量: 0
2026-01-25 15:55:00.027 [scheduling-1] INFO  - 执行耗时: 10 毫秒
2026-01-25 15:55:00.027 [scheduling-1] INFO  - =====================================
2026-01-25 16:00:00.011 [scheduling-1] INFO  - ========== 开始执行定时任务：检查未到店订单 ==========
2026-01-25 16:00:00.032 [scheduling-1] INFO  - 找到 0 条待核销的订单
2026-01-25 16:00:00.032 [scheduling-1] INFO  - ========== 定时任务完成 ==========
2026-01-25 16:00:00.032 [scheduling-1] INFO  - 总订单数: 0
2026-01-25 16:00:00.033 [scheduling-1] INFO  - 更新数量: 0
2026-01-25 16:00:00.033 [scheduling-1] INFO  - 跳过数量: 0
2026-01-25 16:00:00.033 [scheduling-1] INFO  - 错误数量: 0
2026-01-25 16:00:00.033 [scheduling-1] INFO  - 执行耗时: 19 毫秒
2026-01-25 16:00:00.033 [scheduling-1] INFO  - =====================================
2026-01-25 16:05:00.018 [scheduling-1] INFO  - ========== 开始执行定时任务：检查未到店订单 ==========
2026-01-25 16:05:00.046 [scheduling-1] INFO  - 找到 0 条待核销的订单
2026-01-25 16:05:00.047 [scheduling-1] INFO  - ========== 定时任务完成 ==========
2026-01-25 16:05:00.047 [scheduling-1] INFO  - 总订单数: 0
2026-01-25 16:05:00.047 [scheduling-1] INFO  - 更新数量: 0
2026-01-25 16:05:00.047 [scheduling-1] INFO  - 跳过数量: 0
2026-01-25 16:05:00.047 [scheduling-1] INFO  - 错误数量: 0
2026-01-25 16:05:00.047 [scheduling-1] INFO  - 执行耗时: 25 毫秒
2026-01-25 16:05:00.047 [scheduling-1] INFO  - =====================================
2026-01-25 16:10:00.015 [scheduling-1] INFO  - ========== 开始执行定时任务：检查未到店订单 ==========
2026-01-25 16:10:00.035 [scheduling-1] INFO  - 找到 0 条待核销的订单
2026-01-25 16:10:00.035 [scheduling-1] INFO  - ========== 定时任务完成 ==========
2026-01-25 16:10:00.035 [scheduling-1] INFO  - 总订单数: 0
2026-01-25 16:10:00.035 [scheduling-1] INFO  - 更新数量: 0
2026-01-25 16:10:00.035 [scheduling-1] INFO  - 跳过数量: 0
2026-01-25 16:10:00.035 [scheduling-1] INFO  - 错误数量: 0
2026-01-25 16:10:00.035 [scheduling-1] INFO  - 执行耗时: 18 毫秒
2026-01-25 16:10:00.035 [scheduling-1] INFO  - =====================================
2026-01-25 16:15:00.016 [scheduling-1] INFO  - ========== 开始执行定时任务：检查未到店订单 ==========
2026-01-25 16:15:00.038 [scheduling-1] INFO  - 找到 0 条待核销的订单
2026-01-25 16:15:00.039 [scheduling-1] INFO  - ========== 定时任务完成 ==========
2026-01-25 16:15:00.039 [scheduling-1] INFO  - 总订单数: 0
2026-01-25 16:15:00.039 [scheduling-1] INFO  - 更新数量: 0
2026-01-25 16:15:00.039 [scheduling-1] INFO  - 跳过数量: 0
2026-01-25 16:15:00.039 [scheduling-1] INFO  - 错误数量: 0
2026-01-25 16:15:00.039 [scheduling-1] INFO  - 执行耗时: 21 毫秒
2026-01-25 16:15:00.039 [scheduling-1] INFO  - =====================================
2026-01-25 16:20:00.016 [scheduling-1] INFO  - ========== 开始执行定时任务：检查未到店订单 ==========
2026-01-25 16:20:00.039 [scheduling-1] INFO  - 找到 0 条待核销的订单
2026-01-25 16:20:00.039 [scheduling-1] INFO  - ========== 定时任务完成 ==========
2026-01-25 16:20:00.040 [scheduling-1] INFO  - 总订单数: 0
2026-01-25 16:20:00.040 [scheduling-1] INFO  - 更新数量: 0
2026-01-25 16:20:00.040 [scheduling-1] INFO  - 跳过数量: 0
2026-01-25 16:20:00.040 [scheduling-1] INFO  - 错误数量: 0
2026-01-25 16:20:00.040 [scheduling-1] INFO  - 执行耗时: 21 毫秒
2026-01-25 16:20:00.040 [scheduling-1] INFO  - =====================================
2026-01-25 16:25:00.017 [scheduling-1] INFO  - ========== 开始执行定时任务：检查未到店订单 ==========
2026-01-25 16:25:00.035 [scheduling-1] INFO  - 找到 0 条待核销的订单
2026-01-25 16:25:00.035 [scheduling-1] INFO  - ========== 定时任务完成 ==========
2026-01-25 16:25:00.035 [scheduling-1] INFO  - 总订单数: 0
2026-01-25 16:25:00.035 [scheduling-1] INFO  - 更新数量: 0
2026-01-25 16:25:00.036 [scheduling-1] INFO  - 跳过数量: 0
2026-01-25 16:25:00.036 [scheduling-1] INFO  - 错误数量: 0
2026-01-25 16:25:00.036 [scheduling-1] INFO  - 执行耗时: 16 毫秒
2026-01-25 16:25:00.036 [scheduling-1] INFO  - =====================================
2026-01-25 16:30:00.016 [scheduling-1] INFO  - ========== 开始执行定时任务：检查未到店订单 ==========
2026-01-25 16:30:00.052 [scheduling-1] INFO  - 找到 0 条待核销的订单
2026-01-25 16:30:00.052 [scheduling-1] INFO  - ========== 定时任务完成 ==========
2026-01-25 16:30:00.052 [scheduling-1] INFO  - 总订单数: 0
2026-01-25 16:30:00.052 [scheduling-1] INFO  - 更新数量: 0
2026-01-25 16:30:00.054 [scheduling-1] INFO  - 跳过数量: 0
2026-01-25 16:30:00.054 [scheduling-1] INFO  - 错误数量: 0
2026-01-25 16:30:00.054 [scheduling-1] INFO  - 执行耗时: 28 毫秒
2026-01-25 16:30:00.054 [scheduling-1] INFO  - =====================================
2026-01-25 16:35:00.015 [scheduling-1] INFO  - ========== 开始执行定时任务：检查未到店订单 ==========
2026-01-25 16:35:00.029 [scheduling-1] INFO  - 找到 0 条待核销的订单
2026-01-25 16:35:00.029 [scheduling-1] INFO  - ========== 定时任务完成 ==========
2026-01-25 16:35:00.029 [scheduling-1] INFO  - 总订单数: 0
2026-01-25 16:35:00.029 [scheduling-1] INFO  - 更新数量: 0
2026-01-25 16:35:00.029 [scheduling-1] INFO  - 跳过数量: 0
2026-01-25 16:35:00.029 [scheduling-1] INFO  - 错误数量: 0
2026-01-25 16:35:00.029 [scheduling-1] INFO  - 执行耗时: 12 毫秒
2026-01-25 16:35:00.029 [scheduling-1] INFO  - =====================================
2026-01-25 16:39:59.971 [scheduling-1] INFO  - ========== 开始执行定时任务：检查未到店订单 ==========
2026-01-25 16:39:59.994 [scheduling-1] INFO  - 找到 0 条待核销的订单
2026-01-25 16:39:59.994 [scheduling-1] INFO  - ========== 定时任务完成 ==========
2026-01-25 16:39:59.994 [scheduling-1] INFO  - 总订单数: 0
2026-01-25 16:39:59.994 [scheduling-1] INFO  - 更新数量: 0
2026-01-25 16:39:59.994 [scheduling-1] INFO  - 跳过数量: 0
2026-01-25 16:39:59.994 [scheduling-1] INFO  - 错误数量: 0
2026-01-25 16:39:59.994 [scheduling-1] INFO  - 执行耗时: 21 毫秒
2026-01-25 16:39:59.994 [scheduling-1] INFO  - =====================================
2026-01-25 16:45:00.011 [scheduling-1] INFO  - ========== 开始执行定时任务：检查未到店订单 ==========
2026-01-25 16:45:00.029 [scheduling-1] INFO  - 找到 0 条待核销的订单
2026-01-25 16:45:00.030 [scheduling-1] INFO  - ========== 定时任务完成 ==========
2026-01-25 16:45:00.030 [scheduling-1] INFO  - 总订单数: 0
2026-01-25 16:45:00.030 [scheduling-1] INFO  - 更新数量: 0
2026-01-25 16:45:00.030 [scheduling-1] INFO  - 跳过数量: 0
2026-01-25 16:45:00.030 [scheduling-1] INFO  - 错误数量: 0
2026-01-25 16:45:00.030 [scheduling-1] INFO  - 执行耗时: 18 毫秒
2026-01-25 16:45:00.030 [scheduling-1] INFO  - =====================================
2026-01-25 16:50:00.006 [scheduling-1] INFO  - ========== 开始执行定时任务：检查未到店订单 ==========
2026-01-25 16:50:00.028 [scheduling-1] INFO  - 找到 0 条待核销的订单
2026-01-25 16:50:00.028 [scheduling-1] INFO  - ========== 定时任务完成 ==========
2026-01-25 16:50:00.029 [scheduling-1] INFO  - 总订单数: 0
2026-01-25 16:50:00.029 [scheduling-1] INFO  - 更新数量: 0
2026-01-25 16:50:00.029 [scheduling-1] INFO  - 跳过数量: 0
2026-01-25 16:50:00.029 [scheduling-1] INFO  - 错误数量: 0
2026-01-25 16:50:00.029 [scheduling-1] INFO  - 执行耗时: 19 毫秒
2026-01-25 16:50:00.029 [scheduling-1] INFO  - =====================================
2026-01-25 16:55:00.012 [scheduling-1] INFO  - ========== 开始执行定时任务：检查未到店订单 ==========
2026-01-25 16:55:00.025 [scheduling-1] INFO  - 找到 0 条待核销的订单
2026-01-25 16:55:00.025 [scheduling-1] INFO  - ========== 定时任务完成 ==========
2026-01-25 16:55:00.025 [scheduling-1] INFO  - 总订单数: 0
2026-01-25 16:55:00.025 [scheduling-1] INFO  - 更新数量: 0
2026-01-25 16:55:00.026 [scheduling-1] INFO  - 跳过数量: 0
2026-01-25 16:55:00.026 [scheduling-1] INFO  - 错误数量: 0
2026-01-25 16:55:00.026 [scheduling-1] INFO  - 执行耗时: 11 毫秒
2026-01-25 16:55:00.026 [scheduling-1] INFO  - =====================================
2026-01-25 17:00:00.012 [scheduling-1] INFO  - ========== 开始执行定时任务：检查未到店订单 ==========
2026-01-25 17:00:00.026 [scheduling-1] INFO  - 找到 0 条待核销的订单
2026-01-25 17:00:00.026 [scheduling-1] INFO  - ========== 定时任务完成 ==========
2026-01-25 17:00:00.026 [scheduling-1] INFO  - 总订单数: 0
2026-01-25 17:00:00.026 [scheduling-1] INFO  - 更新数量: 0
2026-01-25 17:00:00.026 [scheduling-1] INFO  - 跳过数量: 0
2026-01-25 17:00:00.026 [scheduling-1] INFO  - 错误数量: 0
2026-01-25 17:00:00.026 [scheduling-1] INFO  - 执行耗时: 12 毫秒
2026-01-25 17:00:00.026 [scheduling-1] INFO  - =====================================
2026-01-25 17:05:00.006 [scheduling-1] INFO  - ========== 开始执行定时任务：检查未到店订单 ==========
2026-01-25 17:05:00.024 [scheduling-1] INFO  - 找到 0 条待核销的订单
2026-01-25 17:05:00.025 [scheduling-1] INFO  - ========== 定时任务完成 ==========
2026-01-25 17:05:00.025 [scheduling-1] INFO  - 总订单数: 0
2026-01-25 17:05:00.025 [scheduling-1] INFO  - 更新数量: 0
2026-01-25 17:05:00.025 [scheduling-1] INFO  - 跳过数量: 0
2026-01-25 17:05:00.025 [scheduling-1] INFO  - 错误数量: 0
2026-01-25 17:05:00.025 [scheduling-1] INFO  - 执行耗时: 17 毫秒
2026-01-25 17:05:00.025 [scheduling-1] INFO  - =====================================
2026-01-25 17:10:00.012 [scheduling-1] INFO  - ========== 开始执行定时任务：检查未到店订单 ==========
2026-01-25 17:10:00.026 [scheduling-1] INFO  - 找到 0 条待核销的订单
2026-01-25 17:10:00.026 [scheduling-1] INFO  - ========== 定时任务完成 ==========
2026-01-25 17:10:00.026 [scheduling-1] INFO  - 总订单数: 0
2026-01-25 17:10:00.026 [scheduling-1] INFO  - 更新数量: 0
2026-01-25 17:10:00.026 [scheduling-1] INFO  - 跳过数量: 0
2026-01-25 17:10:00.026 [scheduling-1] INFO  - 错误数量: 0
2026-01-25 17:10:00.027 [scheduling-1] INFO  - 执行耗时: 13 毫秒
2026-01-25 17:10:00.027 [scheduling-1] INFO  - =====================================
2026-01-25 17:15:00.013 [scheduling-1] INFO  - ========== 开始执行定时任务：检查未到店订单 ==========
2026-01-25 17:15:00.030 [scheduling-1] INFO  - 找到 0 条待核销的订单
2026-01-25 17:15:00.030 [scheduling-1] INFO  - ========== 定时任务完成 ==========
2026-01-25 17:15:00.030 [scheduling-1] INFO  - 总订单数: 0
2026-01-25 17:15:00.030 [scheduling-1] INFO  - 更新数量: 0
2026-01-25 17:15:00.030 [scheduling-1] INFO  - 跳过数量: 0
2026-01-25 17:15:00.030 [scheduling-1] INFO  - 错误数量: 0
2026-01-25 17:15:00.030 [scheduling-1] INFO  - 执行耗时: 15 毫秒
2026-01-25 17:15:00.030 [scheduling-1] INFO  - =====================================
2026-01-25 17:20:00.012 [scheduling-1] INFO  - ========== 开始执行定时任务：检查未到店订单 ==========
2026-01-25 17:20:00.026 [scheduling-1] INFO  - 找到 0 条待核销的订单
2026-01-25 17:20:00.027 [scheduling-1] INFO  - ========== 定时任务完成 ==========
2026-01-25 17:20:00.027 [scheduling-1] INFO  - 总订单数: 0
2026-01-25 17:20:00.027 [scheduling-1] INFO  - 更新数量: 0
2026-01-25 17:20:00.027 [scheduling-1] INFO  - 跳过数量: 0
2026-01-25 17:20:00.027 [scheduling-1] INFO  - 错误数量: 0
2026-01-25 17:20:00.027 [scheduling-1] INFO  - 执行耗时: 12 毫秒
2026-01-25 17:20:00.027 [scheduling-1] INFO  - =====================================
2026-01-25 17:25:00.011 [scheduling-1] INFO  - ========== 开始执行定时任务：检查未到店订单 ==========
2026-01-25 17:25:00.033 [scheduling-1] INFO  - 找到 0 条待核销的订单
2026-01-25 17:25:00.033 [scheduling-1] INFO  - ========== 定时任务完成 ==========
2026-01-25 17:25:00.033 [scheduling-1] INFO  - 总订单数: 0
2026-01-25 17:25:00.033 [scheduling-1] INFO  - 更新数量: 0
2026-01-25 17:25:00.033 [scheduling-1] INFO  - 跳过数量: 0
2026-01-25 17:25:00.033 [scheduling-1] INFO  - 错误数量: 0
2026-01-25 17:25:00.033 [scheduling-1] INFO  - 执行耗时: 18 毫秒
2026-01-25 17:25:00.033 [scheduling-1] INFO  - =====================================
2026-01-25 17:30:00.016 [scheduling-1] INFO  - ========== 开始执行定时任务：检查未到店订单 ==========
2026-01-25 17:30:00.077 [scheduling-1] INFO  - 找到 0 条待核销的订单
2026-01-25 17:30:00.078 [scheduling-1] INFO  - ========== 定时任务完成 ==========
2026-01-25 17:30:00.078 [scheduling-1] INFO  - 总订单数: 0
2026-01-25 17:30:00.078 [scheduling-1] INFO  - 更新数量: 0
2026-01-25 17:30:00.078 [scheduling-1] INFO  - 跳过数量: 0
2026-01-25 17:30:00.078 [scheduling-1] INFO  - 错误数量: 0
2026-01-25 17:30:00.078 [scheduling-1] INFO  - 执行耗时: 59 毫秒
2026-01-25 17:30:00.078 [scheduling-1] INFO  - =====================================
2026-01-25 17:35:00.013 [scheduling-1] INFO  - ========== 开始执行定时任务：检查未到店订单 ==========
2026-01-25 17:35:00.029 [scheduling-1] INFO  - 找到 0 条待核销的订单
2026-01-25 17:35:00.029 [scheduling-1] INFO  - ========== 定时任务完成 ==========
2026-01-25 17:35:00.029 [scheduling-1] INFO  - 总订单数: 0
2026-01-25 17:35:00.029 [scheduling-1] INFO  - 更新数量: 0
2026-01-25 17:35:00.030 [scheduling-1] INFO  - 跳过数量: 0
2026-01-25 17:35:00.030 [scheduling-1] INFO  - 错误数量: 0
2026-01-25 17:35:00.030 [scheduling-1] INFO  - 执行耗时: 15 毫秒
2026-01-25 17:35:00.030 [scheduling-1] INFO  - =====================================
2026-01-25 17:40:00.011 [scheduling-1] INFO  - ========== 开始执行定时任务：检查未到店订单 ==========
2026-01-25 17:40:00.033 [scheduling-1] INFO  - 找到 0 条待核销的订单
2026-01-25 17:40:00.034 [scheduling-1] INFO  - ========== 定时任务完成 ==========
2026-01-25 17:40:00.034 [scheduling-1] INFO  - 总订单数: 0
2026-01-25 17:40:00.034 [scheduling-1] INFO  - 更新数量: 0
2026-01-25 17:40:00.034 [scheduling-1] INFO  - 跳过数量: 0
2026-01-25 17:40:00.034 [scheduling-1] INFO  - 错误数量: 0
2026-01-25 17:40:00.034 [scheduling-1] INFO  - 执行耗时: 21 毫秒
2026-01-25 17:40:00.034 [scheduling-1] INFO  - =====================================
2026-01-25 17:45:00.036 [scheduling-1] INFO  - ========== 开始执行定时任务：检查未到店订单 ==========
2026-01-25 17:45:00.057 [scheduling-1] INFO  - 找到 0 条待核销的订单
2026-01-25 17:45:00.057 [scheduling-1] INFO  - ========== 定时任务完成 ==========
2026-01-25 17:45:00.057 [scheduling-1] INFO  - 总订单数: 0
2026-01-25 17:45:00.057 [scheduling-1] INFO  - 更新数量: 0
2026-01-25 17:45:00.057 [scheduling-1] INFO  - 跳过数量: 0
2026-01-25 17:45:00.057 [scheduling-1] INFO  - 错误数量: 0
2026-01-25 17:45:00.058 [scheduling-1] INFO  - 执行耗时: 19 毫秒
2026-01-25 17:45:00.058 [scheduling-1] INFO  - =====================================
2026-01-25 17:50:00.016 [scheduling-1] INFO  - ========== 开始执行定时任务：检查未到店订单 ==========
2026-01-25 17:50:00.058 [scheduling-1] INFO  - 找到 0 条待核销的订单
2026-01-25 17:50:00.058 [scheduling-1] INFO  - ========== 定时任务完成 ==========
2026-01-25 17:50:00.058 [scheduling-1] INFO  - 总订单数: 0
2026-01-25 17:50:00.059 [scheduling-1] INFO  - 更新数量: 0
2026-01-25 17:50:00.059 [scheduling-1] INFO  - 跳过数量: 0
2026-01-25 17:50:00.059 [scheduling-1] INFO  - 错误数量: 0
2026-01-25 17:50:00.059 [scheduling-1] INFO  - 执行耗时: 40 毫秒
2026-01-25 17:50:00.059 [scheduling-1] INFO  - =====================================
2026-01-25 17:55:00.013 [scheduling-1] INFO  - ========== 开始执行定时任务：检查未到店订单 ==========
2026-01-25 17:55:00.024 [scheduling-1] INFO  - 找到 0 条待核销的订单
2026-01-25 17:55:00.024 [scheduling-1] INFO  - ========== 定时任务完成 ==========
2026-01-25 17:55:00.024 [scheduling-1] INFO  - 总订单数: 0
2026-01-25 17:55:00.024 [scheduling-1] INFO  - 更新数量: 0
2026-01-25 17:55:00.024 [scheduling-1] INFO  - 跳过数量: 0
2026-01-25 17:55:00.024 [scheduling-1] INFO  - 错误数量: 0
2026-01-25 17:55:00.025 [scheduling-1] INFO  - 执行耗时: 10 毫秒
2026-01-25 17:55:00.025 [scheduling-1] INFO  - =====================================
2026-01-25 18:00:00.009 [scheduling-1] INFO  - ========== 开始执行定时任务：检查未到店订单 ==========
2026-01-25 18:00:00.022 [scheduling-1] INFO  - 找到 0 条待核销的订单
2026-01-25 18:00:00.022 [scheduling-1] INFO  - ========== 定时任务完成 ==========
2026-01-25 18:00:00.022 [scheduling-1] INFO  - 总订单数: 0
2026-01-25 18:00:00.022 [scheduling-1] INFO  - 更新数量: 0
2026-01-25 18:00:00.022 [scheduling-1] INFO  - 跳过数量: 0
2026-01-25 18:00:00.022 [scheduling-1] INFO  - 错误数量: 0
2026-01-25 18:00:00.022 [scheduling-1] INFO  - 执行耗时: 11 毫秒
2026-01-25 18:00:00.022 [scheduling-1] INFO  - =====================================
2026-01-25 18:05:00.010 [scheduling-1] INFO  - ========== 开始执行定时任务：检查未到店订单 ==========
2026-01-25 18:05:00.024 [scheduling-1] INFO  - 找到 0 条待核销的订单
2026-01-25 18:05:00.024 [scheduling-1] INFO  - ========== 定时任务完成 ==========
2026-01-25 18:05:00.024 [scheduling-1] INFO  - 总订单数: 0
2026-01-25 18:05:00.024 [scheduling-1] INFO  - 更新数量: 0
2026-01-25 18:05:00.024 [scheduling-1] INFO  - 跳过数量: 0
2026-01-25 18:05:00.024 [scheduling-1] INFO  - 错误数量: 0
2026-01-25 18:05:00.024 [scheduling-1] INFO  - 执行耗时: 12 毫秒
2026-01-25 18:05:00.024 [scheduling-1] INFO  - =====================================
2026-01-25 18:10:00.013 [scheduling-1] INFO  - ========== 开始执行定时任务：检查未到店订单 ==========
2026-01-25 18:10:00.037 [scheduling-1] INFO  - 找到 0 条待核销的订单
2026-01-25 18:10:00.037 [scheduling-1] INFO  - ========== 定时任务完成 ==========
2026-01-25 18:10:00.037 [scheduling-1] INFO  - 总订单数: 0
2026-01-25 18:10:00.037 [scheduling-1] INFO  - 更新数量: 0
2026-01-25 18:10:00.037 [scheduling-1] INFO  - 跳过数量: 0
2026-01-25 18:10:00.037 [scheduling-1] INFO  - 错误数量: 0
2026-01-25 18:10:00.037 [scheduling-1] INFO  - 执行耗时: 20 毫秒
2026-01-25 18:10:00.037 [scheduling-1] INFO  - =====================================
2026-01-25 18:15:00.014 [scheduling-1] INFO  - ========== 开始执行定时任务：检查未到店订单 ==========
2026-01-25 18:15:00.029 [scheduling-1] INFO  - 找到 0 条待核销的订单
2026-01-25 18:15:00.030 [scheduling-1] INFO  - ========== 定时任务完成 ==========
2026-01-25 18:15:00.030 [scheduling-1] INFO  - 总订单数: 0
2026-01-25 18:15:00.030 [scheduling-1] INFO  - 更新数量: 0
2026-01-25 18:15:00.030 [scheduling-1] INFO  - 跳过数量: 0
2026-01-25 18:15:00.030 [scheduling-1] INFO  - 错误数量: 0
2026-01-25 18:15:00.030 [scheduling-1] INFO  - 执行耗时: 13 毫秒
2026-01-25 18:15:00.030 [scheduling-1] INFO  - =====================================
2026-01-25 18:20:00.017 [scheduling-1] INFO  - ========== 开始执行定时任务：检查未到店订单 ==========
2026-01-25 18:20:00.039 [scheduling-1] INFO  - 找到 0 条待核销的订单
2026-01-25 18:20:00.039 [scheduling-1] INFO  - ========== 定时任务完成 ==========
2026-01-25 18:20:00.039 [scheduling-1] INFO  - 总订单数: 0
2026-01-25 18:20:00.039 [scheduling-1] INFO  - 更新数量: 0
2026-01-25 18:20:00.039 [scheduling-1] INFO  - 跳过数量: 0
2026-01-25 18:20:00.039 [scheduling-1] INFO  - 错误数量: 0
2026-01-25 18:20:00.040 [scheduling-1] INFO  - 执行耗时: 19 毫秒
2026-01-25 18:20:00.040 [scheduling-1] INFO  - =====================================
2026-01-25 18:25:00.015 [scheduling-1] INFO  - ========== 开始执行定时任务：检查未到店订单 ==========
2026-01-25 18:25:00.051 [scheduling-1] INFO  - 找到 0 条待核销的订单
2026-01-25 18:25:00.051 [scheduling-1] INFO  - ========== 定时任务完成 ==========
2026-01-25 18:25:00.051 [scheduling-1] INFO  - 总订单数: 0
2026-01-25 18:25:00.052 [scheduling-1] INFO  - 更新数量: 0
2026-01-25 18:25:00.052 [scheduling-1] INFO  - 跳过数量: 0
2026-01-25 18:25:00.052 [scheduling-1] INFO  - 错误数量: 0
2026-01-25 18:25:00.052 [scheduling-1] INFO  - 执行耗时: 32 毫秒
2026-01-25 18:25:00.052 [scheduling-1] INFO  - =====================================
2026-01-25 18:30:00.014 [scheduling-1] INFO  - ========== 开始执行定时任务：检查未到店订单 ==========
2026-01-25 18:30:00.034 [scheduling-1] INFO  - 找到 0 条待核销的订单
2026-01-25 18:30:00.034 [scheduling-1] INFO  - ========== 定时任务完成 ==========
2026-01-25 18:30:00.034 [scheduling-1] INFO  - 总订单数: 0
2026-01-25 18:30:00.034 [scheduling-1] INFO  - 更新数量: 0
2026-01-25 18:30:00.034 [scheduling-1] INFO  - 跳过数量: 0
2026-01-25 18:30:00.034 [scheduling-1] INFO  - 错误数量: 0
2026-01-25 18:30:00.034 [scheduling-1] INFO  - 执行耗时: 18 毫秒
2026-01-25 18:30:00.034 [scheduling-1] INFO  - =====================================
2026-01-25 18:35:00.014 [scheduling-1] INFO  - ========== 开始执行定时任务：检查未到店订单 ==========
2026-01-25 18:35:00.029 [scheduling-1] INFO  - 找到 0 条待核销的订单
2026-01-25 18:35:00.029 [scheduling-1] INFO  - ========== 定时任务完成 ==========
2026-01-25 18:35:00.029 [scheduling-1] INFO  - 总订单数: 0
2026-01-25 18:35:00.029 [scheduling-1] INFO  - 更新数量: 0
2026-01-25 18:35:00.029 [scheduling-1] INFO  - 跳过数量: 0
2026-01-25 18:35:00.029 [scheduling-1] INFO  - 错误数量: 0
2026-01-25 18:35:00.029 [scheduling-1] INFO  - 执行耗时: 13 毫秒
2026-01-25 18:35:00.029 [scheduling-1] INFO  - =====================================
2026-01-25 18:40:00.030 [scheduling-1] INFO  - ========== 开始执行定时任务：检查未到店订单 ==========
2026-01-25 18:40:00.110 [scheduling-1] INFO  - 找到 0 条待核销的订单
2026-01-25 18:40:00.110 [scheduling-1] INFO  - ========== 定时任务完成 ==========
2026-01-25 18:40:00.110 [scheduling-1] INFO  - 总订单数: 0
2026-01-25 18:40:00.110 [scheduling-1] INFO  - 更新数量: 0
2026-01-25 18:40:00.110 [scheduling-1] INFO  - 跳过数量: 0
2026-01-25 18:40:00.110 [scheduling-1] INFO  - 错误数量: 0
2026-01-25 18:40:00.110 [scheduling-1] INFO  - 执行耗时: 74 毫秒
2026-01-25 18:40:00.110 [scheduling-1] INFO  - =====================================
2026-01-25 18:45:00.026 [scheduling-1] INFO  - ========== 开始执行定时任务：检查未到店订单 ==========
2026-01-25 18:45:00.072 [scheduling-1] INFO  - 找到 0 条待核销的订单
2026-01-25 18:45:00.072 [scheduling-1] INFO  - ========== 定时任务完成 ==========
2026-01-25 18:45:00.073 [scheduling-1] INFO  - 总订单数: 0
2026-01-25 18:45:00.073 [scheduling-1] INFO  - 更新数量: 0
2026-01-25 18:45:00.073 [scheduling-1] INFO  - 跳过数量: 0
2026-01-25 18:45:00.073 [scheduling-1] INFO  - 错误数量: 0
2026-01-25 18:45:00.073 [scheduling-1] INFO  - 执行耗时: 43 毫秒
2026-01-25 18:45:00.073 [scheduling-1] INFO  - =====================================
2026-01-25 18:50:00.020 [scheduling-1] INFO  - ========== 开始执行定时任务：检查未到店订单 ==========
2026-01-25 18:50:00.073 [scheduling-1] INFO  - 找到 0 条待核销的订单
2026-01-25 18:50:00.073 [scheduling-1] INFO  - ========== 定时任务完成 ==========
2026-01-25 18:50:00.073 [scheduling-1] INFO  - 总订单数: 0
2026-01-25 18:50:00.073 [scheduling-1] INFO  - 更新数量: 0
2026-01-25 18:50:00.073 [scheduling-1] INFO  - 跳过数量: 0
2026-01-25 18:50:00.073 [scheduling-1] INFO  - 错误数量: 0
2026-01-25 18:50:00.073 [scheduling-1] INFO  - 执行耗时: 48 毫秒
2026-01-25 18:50:00.073 [scheduling-1] INFO  - =====================================
2026-01-25 18:55:00.010 [scheduling-1] INFO  - ========== 开始执行定时任务：检查未到店订单 ==========
2026-01-25 18:55:00.043 [scheduling-1] INFO  - 找到 0 条待核销的订单
2026-01-25 18:55:00.043 [scheduling-1] INFO  - ========== 定时任务完成 ==========
2026-01-25 18:55:00.043 [scheduling-1] INFO  - 总订单数: 0
2026-01-25 18:55:00.043 [scheduling-1] INFO  - 更新数量: 0
2026-01-25 18:55:00.043 [scheduling-1] INFO  - 跳过数量: 0
2026-01-25 18:55:00.043 [scheduling-1] INFO  - 错误数量: 0
2026-01-25 18:55:00.043 [scheduling-1] INFO  - 执行耗时: 32 毫秒
2026-01-25 18:55:00.043 [scheduling-1] INFO  - =====================================
2026-01-25 19:00:00.018 [scheduling-1] INFO  - ========== 开始执行定时任务：检查未到店订单 ==========
2026-01-25 19:00:00.040 [scheduling-1] INFO  - 找到 0 条待核销的订单
2026-01-25 19:00:00.040 [scheduling-1] INFO  - ========== 定时任务完成 ==========
2026-01-25 19:00:00.040 [scheduling-1] INFO  - 总订单数: 0
2026-01-25 19:00:00.040 [scheduling-1] INFO  - 更新数量: 0
2026-01-25 19:00:00.040 [scheduling-1] INFO  - 跳过数量: 0
2026-01-25 19:00:00.040 [scheduling-1] INFO  - 错误数量: 0
2026-01-25 19:00:00.040 [scheduling-1] INFO  - 执行耗时: 19 毫秒
2026-01-25 19:00:00.040 [scheduling-1] INFO  - =====================================
2026-01-25 19:05:00.011 [scheduling-1] INFO  - ========== 开始执行定时任务：检查未到店订单 ==========
2026-01-25 19:05:00.048 [scheduling-1] INFO  - 找到 0 条待核销的订单
2026-01-25 19:05:00.048 [scheduling-1] INFO  - ========== 定时任务完成 ==========
2026-01-25 19:05:00.048 [scheduling-1] INFO  - 总订单数: 0
2026-01-25 19:05:00.048 [scheduling-1] INFO  - 更新数量: 0
2026-01-25 19:05:00.048 [scheduling-1] INFO  - 跳过数量: 0
2026-01-25 19:05:00.048 [scheduling-1] INFO  - 错误数量: 0
2026-01-25 19:05:00.048 [scheduling-1] INFO  - 执行耗时: 36 毫秒
2026-01-25 19:05:00.048 [scheduling-1] INFO  - =====================================
2026-01-25 19:10:00.015 [scheduling-1] INFO  - ========== 开始执行定时任务：检查未到店订单 ==========
2026-01-25 19:10:00.036 [scheduling-1] INFO  - 找到 0 条待核销的订单
2026-01-25 19:10:00.036 [scheduling-1] INFO  - ========== 定时任务完成 ==========
2026-01-25 19:10:00.036 [scheduling-1] INFO  - 总订单数: 0
2026-01-25 19:10:00.036 [scheduling-1] INFO  - 更新数量: 0
2026-01-25 19:10:00.036 [scheduling-1] INFO  - 跳过数量: 0
2026-01-25 19:10:00.036 [scheduling-1] INFO  - 错误数量: 0
2026-01-25 19:10:00.036 [scheduling-1] INFO  - 执行耗时: 20 毫秒
2026-01-25 19:10:00.037 [scheduling-1] INFO  - =====================================
2026-01-25 19:15:00.009 [scheduling-1] INFO  - ========== 开始执行定时任务：检查未到店订单 ==========
2026-01-25 19:15:00.029 [scheduling-1] INFO  - 找到 0 条待核销的订单
2026-01-25 19:15:00.029 [scheduling-1] INFO  - ========== 定时任务完成 ==========
2026-01-25 19:15:00.029 [scheduling-1] INFO  - 总订单数: 0
2026-01-25 19:15:00.029 [scheduling-1] INFO  - 更新数量: 0
2026-01-25 19:15:00.029 [scheduling-1] INFO  - 跳过数量: 0
2026-01-25 19:15:00.029 [scheduling-1] INFO  - 错误数量: 0
2026-01-25 19:15:00.029 [scheduling-1] INFO  - 执行耗时: 17 毫秒
2026-01-25 19:15:00.029 [scheduling-1] INFO  - =====================================
2026-01-25 19:20:00.015 [scheduling-1] INFO  - ========== 开始执行定时任务：检查未到店订单 ==========
2026-01-25 19:20:00.039 [scheduling-1] INFO  - 找到 0 条待核销的订单
2026-01-25 19:20:00.040 [scheduling-1] INFO  - ========== 定时任务完成 ==========
2026-01-25 19:20:00.040 [scheduling-1] INFO  - 总订单数: 0
2026-01-25 19:20:00.040 [scheduling-1] INFO  - 更新数量: 0
2026-01-25 19:20:00.040 [scheduling-1] INFO  - 跳过数量: 0
2026-01-25 19:20:00.040 [scheduling-1] INFO  - 错误数量: 0
2026-01-25 19:20:00.040 [scheduling-1] INFO  - 执行耗时: 21 毫秒
2026-01-25 19:20:00.040 [scheduling-1] INFO  - =====================================
2026-01-25 19:25:00.014 [scheduling-1] INFO  - ========== 开始执行定时任务：检查未到店订单 ==========
2026-01-25 19:25:00.035 [scheduling-1] INFO  - 找到 0 条待核销的订单
2026-01-25 19:25:00.035 [scheduling-1] INFO  - ========== 定时任务完成 ==========
2026-01-25 19:25:00.035 [scheduling-1] INFO  - 总订单数: 0
2026-01-25 19:25:00.035 [scheduling-1] INFO  - 更新数量: 0
2026-01-25 19:25:00.035 [scheduling-1] INFO  - 跳过数量: 0
2026-01-25 19:25:00.035 [scheduling-1] INFO  - 错误数量: 0
2026-01-25 19:25:00.035 [scheduling-1] INFO  - 执行耗时: 18 毫秒
2026-01-25 19:25:00.035 [scheduling-1] INFO  - =====================================
2026-01-25 19:30:00.016 [scheduling-1] INFO  - ========== 开始执行定时任务：检查未到店订单 ==========
2026-01-25 19:30:00.037 [scheduling-1] INFO  - 找到 0 条待核销的订单
2026-01-25 19:30:00.037 [scheduling-1] INFO  - ========== 定时任务完成 ==========
2026-01-25 19:30:00.037 [scheduling-1] INFO  - 总订单数: 0
2026-01-25 19:30:00.037 [scheduling-1] INFO  - 更新数量: 0
2026-01-25 19:30:00.037 [scheduling-1] INFO  - 跳过数量: 0
2026-01-25 19:30:00.037 [scheduling-1] INFO  - 错误数量: 0
2026-01-25 19:30:00.037 [scheduling-1] INFO  - 执行耗时: 15 毫秒
2026-01-25 19:30:00.037 [scheduling-1] INFO  - =====================================
2026-01-25 19:35:00.015 [scheduling-1] INFO  - ========== 开始执行定时任务：检查未到店订单 ==========
2026-01-25 19:35:00.035 [scheduling-1] INFO  - 找到 0 条待核销的订单
2026-01-25 19:35:00.035 [scheduling-1] INFO  - ========== 定时任务完成 ==========
2026-01-25 19:35:00.035 [scheduling-1] INFO  - 总订单数: 0
2026-01-25 19:35:00.035 [scheduling-1] INFO  - 更新数量: 0
2026-01-25 19:35:00.035 [scheduling-1] INFO  - 跳过数量: 0
2026-01-25 19:35:00.035 [scheduling-1] INFO  - 错误数量: 0
2026-01-25 19:35:00.035 [scheduling-1] INFO  - 执行耗时: 16 毫秒
2026-01-25 19:35:00.035 [scheduling-1] INFO  - =====================================
2026-01-25 19:40:00.015 [scheduling-1] INFO  - ========== 开始执行定时任务：检查未到店订单 ==========
2026-01-25 19:40:00.033 [scheduling-1] INFO  - 找到 0 条待核销的订单
2026-01-25 19:40:00.034 [scheduling-1] INFO  - ========== 定时任务完成 ==========
2026-01-25 19:40:00.034 [scheduling-1] INFO  - 总订单数: 0
2026-01-25 19:40:00.034 [scheduling-1] INFO  - 更新数量: 0
2026-01-25 19:40:00.035 [scheduling-1] INFO  - 跳过数量: 0
2026-01-25 19:40:00.035 [scheduling-1] INFO  - 错误数量: 0
2026-01-25 19:40:00.035 [scheduling-1] INFO  - 执行耗时: 16 毫秒
2026-01-25 19:40:00.035 [scheduling-1] INFO  - =====================================
2026-01-25 19:45:00.018 [scheduling-1] INFO  - ========== 开始执行定时任务：检查未到店订单 ==========
2026-01-25 19:45:00.040 [scheduling-1] INFO  - 找到 0 条待核销的订单
2026-01-25 19:45:00.041 [scheduling-1] INFO  - ========== 定时任务完成 ==========
2026-01-25 19:45:00.041 [scheduling-1] INFO  - 总订单数: 0
2026-01-25 19:45:00.041 [scheduling-1] INFO  - 更新数量: 0
2026-01-25 19:45:00.041 [scheduling-1] INFO  - 跳过数量: 0
2026-01-25 19:45:00.041 [scheduling-1] INFO  - 错误数量: 0
2026-01-25 19:45:00.041 [scheduling-1] INFO  - 执行耗时: 20 毫秒
2026-01-25 19:45:00.041 [scheduling-1] INFO  - =====================================
2026-01-25 19:50:00.008 [scheduling-1] INFO  - ========== 开始执行定时任务：检查未到店订单 ==========
2026-01-25 19:50:00.027 [scheduling-1] INFO  - 找到 0 条待核销的订单
2026-01-25 19:50:00.027 [scheduling-1] INFO  - ========== 定时任务完成 ==========
2026-01-25 19:50:00.027 [scheduling-1] INFO  - 总订单数: 0
2026-01-25 19:50:00.027 [scheduling-1] INFO  - 更新数量: 0
2026-01-25 19:50:00.027 [scheduling-1] INFO  - 跳过数量: 0
2026-01-25 19:50:00.027 [scheduling-1] INFO  - 错误数量: 0
2026-01-25 19:50:00.027 [scheduling-1] INFO  - 执行耗时: 16 毫秒
2026-01-25 19:50:00.027 [scheduling-1] INFO  - =====================================
2026-01-25 19:55:00.023 [scheduling-1] INFO  - ========== 开始执行定时任务：检查未到店订单 ==========
2026-01-25 19:55:00.075 [scheduling-1] INFO  - 找到 0 条待核销的订单
2026-01-25 19:55:00.075 [scheduling-1] INFO  - ========== 定时任务完成 ==========
2026-01-25 19:55:00.075 [scheduling-1] INFO  - 总订单数: 0
2026-01-25 19:55:00.076 [scheduling-1] INFO  - 更新数量: 0
2026-01-25 19:55:00.076 [scheduling-1] INFO  - 跳过数量: 0
2026-01-25 19:55:00.076 [scheduling-1] INFO  - 错误数量: 0
2026-01-25 19:55:00.076 [scheduling-1] INFO  - 执行耗时: 45 毫秒
2026-01-25 19:55:00.076 [scheduling-1] INFO  - =====================================
2026-01-25 20:00:00.010 [scheduling-1] INFO  - ========== 开始执行定时任务：检查未到店订单 ==========
2026-01-25 20:00:00.031 [scheduling-1] INFO  - 找到 0 条待核销的订单
2026-01-25 20:00:00.031 [scheduling-1] INFO  - ========== 定时任务完成 ==========
2026-01-25 20:00:00.031 [scheduling-1] INFO  - 总订单数: 0
2026-01-25 20:00:00.031 [scheduling-1] INFO  - 更新数量: 0
2026-01-25 20:00:00.031 [scheduling-1] INFO  - 跳过数量: 0
2026-01-25 20:00:00.031 [scheduling-1] INFO  - 错误数量: 0
2026-01-25 20:00:00.031 [scheduling-1] INFO  - 执行耗时: 18 毫秒
2026-01-25 20:00:00.031 [scheduling-1] INFO  - =====================================
2026-01-25 20:05:00.013 [scheduling-1] INFO  - ========== 开始执行定时任务：检查未到店订单 ==========
2026-01-25 20:05:00.036 [scheduling-1] INFO  - 找到 0 条待核销的订单
2026-01-25 20:05:00.036 [scheduling-1] INFO  - ========== 定时任务完成 ==========
2026-01-25 20:05:00.036 [scheduling-1] INFO  - 总订单数: 0
2026-01-25 20:05:00.036 [scheduling-1] INFO  - 更新数量: 0
2026-01-25 20:05:00.036 [scheduling-1] INFO  - 跳过数量: 0
2026-01-25 20:05:00.036 [scheduling-1] INFO  - 错误数量: 0
2026-01-25 20:05:00.036 [scheduling-1] INFO  - 执行耗时: 22 毫秒
2026-01-25 20:05:00.036 [scheduling-1] INFO  - =====================================
2026-01-25 20:10:00.015 [scheduling-1] INFO  - ========== 开始执行定时任务：检查未到店订单 ==========
2026-01-25 20:10:00.067 [scheduling-1] INFO  - 找到 0 条待核销的订单
2026-01-25 20:10:00.067 [scheduling-1] INFO  - ========== 定时任务完成 ==========
2026-01-25 20:10:00.067 [scheduling-1] INFO  - 总订单数: 0
2026-01-25 20:10:00.067 [scheduling-1] INFO  - 更新数量: 0
2026-01-25 20:10:00.067 [scheduling-1] INFO  - 跳过数量: 0
2026-01-25 20:10:00.067 [scheduling-1] INFO  - 错误数量: 0
2026-01-25 20:10:00.067 [scheduling-1] INFO  - 执行耗时: 50 毫秒
2026-01-25 20:10:00.067 [scheduling-1] INFO  - =====================================
2026-01-25 20:15:00.021 [scheduling-1] INFO  - ========== 开始执行定时任务：检查未到店订单 ==========
2026-01-25 20:15:00.040 [scheduling-1] INFO  - 找到 0 条待核销的订单
2026-01-25 20:15:00.040 [scheduling-1] INFO  - ========== 定时任务完成 ==========
2026-01-25 20:15:00.040 [scheduling-1] INFO  - 总订单数: 0
2026-01-25 20:15:00.040 [scheduling-1] INFO  - 更新数量: 0
2026-01-25 20:15:00.041 [scheduling-1] INFO  - 跳过数量: 0
2026-01-25 20:15:00.041 [scheduling-1] INFO  - 错误数量: 0
2026-01-25 20:15:00.041 [scheduling-1] INFO  - 执行耗时: 16 毫秒
2026-01-25 20:15:00.041 [scheduling-1] INFO  - =====================================
2026-01-25 20:19:59.966 [scheduling-1] INFO  - ========== 开始执行定时任务：检查未到店订单 ==========
2026-01-25 20:19:59.982 [scheduling-1] INFO  - 找到 0 条待核销的订单
2026-01-25 20:19:59.982 [scheduling-1] INFO  - ========== 定时任务完成 ==========
2026-01-25 20:19:59.982 [scheduling-1] INFO  - 总订单数: 0
2026-01-25 20:19:59.982 [scheduling-1] INFO  - 更新数量: 0
2026-01-25 20:19:59.982 [scheduling-1] INFO  - 跳过数量: 0
2026-01-25 20:19:59.982 [scheduling-1] INFO  - 错误数量: 0
2026-01-25 20:19:59.983 [scheduling-1] INFO  - 执行耗时: 15 毫秒
2026-01-25 20:19:59.983 [scheduling-1] INFO  - =====================================
2026-01-25 20:25:00.004 [scheduling-1] INFO  - ========== 开始执行定时任务：检查未到店订单 ==========
2026-01-25 20:25:00.029 [scheduling-1] INFO  - 找到 0 条待核销的订单
2026-01-25 20:25:00.029 [scheduling-1] INFO  - ========== 定时任务完成 ==========
2026-01-25 20:25:00.029 [scheduling-1] INFO  - 总订单数: 0
2026-01-25 20:25:00.029 [scheduling-1] INFO  - 更新数量: 0
2026-01-25 20:25:00.029 [scheduling-1] INFO  - 跳过数量: 0
2026-01-25 20:25:00.029 [scheduling-1] INFO  - 错误数量: 0
2026-01-25 20:25:00.029 [scheduling-1] INFO  - 执行耗时: 23 毫秒
2026-01-25 20:25:00.029 [scheduling-1] INFO  - =====================================
2026-01-25 20:30:00.008 [scheduling-1] INFO  - ========== 开始执行定时任务：检查未到店订单 ==========
2026-01-25 20:30:00.025 [scheduling-1] INFO  - 找到 0 条待核销的订单
2026-01-25 20:30:00.025 [scheduling-1] INFO  - ========== 定时任务完成 ==========
2026-01-25 20:30:00.025 [scheduling-1] INFO  - 总订单数: 0
2026-01-25 20:30:00.025 [scheduling-1] INFO  - 更新数量: 0
2026-01-25 20:30:00.025 [scheduling-1] INFO  - 跳过数量: 0
2026-01-25 20:30:00.025 [scheduling-1] INFO  - 错误数量: 0
2026-01-25 20:30:00.025 [scheduling-1] INFO  - 执行耗时: 15 毫秒
2026-01-25 20:30:00.025 [scheduling-1] INFO  - =====================================
2026-01-25 20:35:00.028 [scheduling-1] INFO  - ========== 开始执行定时任务：检查未到店订单 ==========
2026-01-25 20:35:00.053 [scheduling-1] INFO  - 找到 0 条待核销的订单
2026-01-25 20:35:00.054 [scheduling-1] INFO  - ========== 定时任务完成 ==========
2026-01-25 20:35:00.054 [scheduling-1] INFO  - 总订单数: 0
2026-01-25 20:35:00.054 [scheduling-1] INFO  - 更新数量: 0
2026-01-25 20:35:00.054 [scheduling-1] INFO  - 跳过数量: 0
2026-01-25 20:35:00.054 [scheduling-1] INFO  - 错误数量: 0
2026-01-25 20:35:00.054 [scheduling-1] INFO  - 执行耗时: 23 毫秒
2026-01-25 20:35:00.054 [scheduling-1] INFO  - =====================================
2026-01-25 20:40:00.011 [scheduling-1] INFO  - ========== 开始执行定时任务：检查未到店订单 ==========
2026-01-25 20:40:00.039 [scheduling-1] INFO  - 找到 0 条待核销的订单
2026-01-25 20:40:00.039 [scheduling-1] INFO  - ========== 定时任务完成 ==========
2026-01-25 20:40:00.039 [scheduling-1] INFO  - 总订单数: 0
2026-01-25 20:40:00.039 [scheduling-1] INFO  - 更新数量: 0
2026-01-25 20:40:00.039 [scheduling-1] INFO  - 跳过数量: 0
2026-01-25 20:40:00.039 [scheduling-1] INFO  - 错误数量: 0
2026-01-25 20:40:00.039 [scheduling-1] INFO  - 执行耗时: 25 毫秒
2026-01-25 20:40:00.039 [scheduling-1] INFO  - =====================================
2026-01-25 20:45:00.009 [scheduling-1] INFO  - ========== 开始执行定时任务：检查未到店订单 ==========
2026-01-25 20:45:00.033 [scheduling-1] INFO  - 找到 0 条待核销的订单
2026-01-25 20:45:00.033 [scheduling-1] INFO  - ========== 定时任务完成 ==========
2026-01-25 20:45:00.033 [scheduling-1] INFO  - 总订单数: 0
2026-01-25 20:45:00.034 [scheduling-1] INFO  - 更新数量: 0
2026-01-25 20:45:00.034 [scheduling-1] INFO  - 跳过数量: 0
2026-01-25 20:45:00.034 [scheduling-1] INFO  - 错误数量: 0
2026-01-25 20:45:00.034 [scheduling-1] INFO  - 执行耗时: 21 毫秒
2026-01-25 20:45:00.034 [scheduling-1] INFO  - =====================================
2026-01-25 20:50:00.009 [scheduling-1] INFO  - ========== 开始执行定时任务：检查未到店订单 ==========
2026-01-25 20:50:00.024 [scheduling-1] INFO  - 找到 0 条待核销的订单
2026-01-25 20:50:00.024 [scheduling-1] INFO  - ========== 定时任务完成 ==========
2026-01-25 20:50:00.024 [scheduling-1] INFO  - 总订单数: 0
2026-01-25 20:50:00.024 [scheduling-1] INFO  - 更新数量: 0
2026-01-25 20:50:00.024 [scheduling-1] INFO  - 跳过数量: 0
2026-01-25 20:50:00.024 [scheduling-1] INFO  - 错误数量: 0
2026-01-25 20:50:00.024 [scheduling-1] INFO  - 执行耗时: 14 毫秒
2026-01-25 20:50:00.024 [scheduling-1] INFO  - =====================================
2026-01-25 20:55:00.007 [scheduling-1] INFO  - ========== 开始执行定时任务：检查未到店订单 ==========
2026-01-25 20:55:00.043 [scheduling-1] INFO  - 找到 0 条待核销的订单
2026-01-25 20:55:00.044 [scheduling-1] INFO  - ========== 定时任务完成 ==========
2026-01-25 20:55:00.044 [scheduling-1] INFO  - 总订单数: 0
2026-01-25 20:55:00.044 [scheduling-1] INFO  - 更新数量: 0
2026-01-25 20:55:00.044 [scheduling-1] INFO  - 跳过数量: 0
2026-01-25 20:55:00.044 [scheduling-1] INFO  - 错误数量: 0
2026-01-25 20:55:00.044 [scheduling-1] INFO  - 执行耗时: 32 毫秒
2026-01-25 20:55:00.044 [scheduling-1] INFO  - =====================================
2026-01-25 21:00:00.010 [scheduling-1] INFO  - ========== 开始执行定时任务：检查未到店订单 ==========
2026-01-25 21:00:00.031 [scheduling-1] INFO  - 找到 0 条待核销的订单
2026-01-25 21:00:00.032 [scheduling-1] INFO  - ========== 定时任务完成 ==========
2026-01-25 21:00:00.032 [scheduling-1] INFO  - 总订单数: 0
2026-01-25 21:00:00.032 [scheduling-1] INFO  - 更新数量: 0
2026-01-25 21:00:00.032 [scheduling-1] INFO  - 跳过数量: 0
2026-01-25 21:00:00.032 [scheduling-1] INFO  - 错误数量: 0
2026-01-25 21:00:00.032 [scheduling-1] INFO  - 执行耗时: 20 毫秒
2026-01-25 21:00:00.032 [scheduling-1] INFO  - =====================================
2026-01-25 21:05:00.024 [scheduling-1] INFO  - ========== 开始执行定时任务：检查未到店订单 ==========
2026-01-25 21:05:00.046 [scheduling-1] INFO  - 找到 0 条待核销的订单
2026-01-25 21:05:00.047 [scheduling-1] INFO  - ========== 定时任务完成 ==========
2026-01-25 21:05:00.047 [scheduling-1] INFO  - 总订单数: 0
2026-01-25 21:05:00.047 [scheduling-1] INFO  - 更新数量: 0
2026-01-25 21:05:00.047 [scheduling-1] INFO  - 跳过数量: 0
2026-01-25 21:05:00.047 [scheduling-1] INFO  - 错误数量: 0
2026-01-25 21:05:00.047 [scheduling-1] INFO  - 执行耗时: 21 毫秒
2026-01-25 21:05:00.047 [scheduling-1] INFO  - =====================================
2026-01-25 21:10:00.018 [scheduling-1] INFO  - ========== 开始执行定时任务：检查未到店订单 ==========
2026-01-25 21:10:00.037 [scheduling-1] INFO  - 找到 0 条待核销的订单
2026-01-25 21:10:00.037 [scheduling-1] INFO  - ========== 定时任务完成 ==========
2026-01-25 21:10:00.037 [scheduling-1] INFO  - 总订单数: 0
2026-01-25 21:10:00.038 [scheduling-1] INFO  - 更新数量: 0
2026-01-25 21:10:00.038 [scheduling-1] INFO  - 跳过数量: 0
2026-01-25 21:10:00.038 [scheduling-1] INFO  - 错误数量: 0
2026-01-25 21:10:00.038 [scheduling-1] INFO  - 执行耗时: 18 毫秒
2026-01-25 21:10:00.038 [scheduling-1] INFO  - =====================================
2026-01-25 21:15:00.015 [scheduling-1] INFO  - ========== 开始执行定时任务：检查未到店订单 ==========
2026-01-25 21:15:00.033 [scheduling-1] INFO  - 找到 0 条待核销的订单
2026-01-25 21:15:00.033 [scheduling-1] INFO  - ========== 定时任务完成 ==========
2026-01-25 21:15:00.033 [scheduling-1] INFO  - 总订单数: 0
2026-01-25 21:15:00.033 [scheduling-1] INFO  - 更新数量: 0
2026-01-25 21:15:00.033 [scheduling-1] INFO  - 跳过数量: 0
2026-01-25 21:15:00.033 [scheduling-1] INFO  - 错误数量: 0
2026-01-25 21:15:00.033 [scheduling-1] INFO  - 执行耗时: 15 毫秒
2026-01-25 21:15:00.033 [scheduling-1] INFO  - =====================================
2026-01-25 21:20:00.016 [scheduling-1] INFO  - ========== 开始执行定时任务：检查未到店订单 ==========
2026-01-25 21:20:00.066 [scheduling-1] INFO  - 找到 0 条待核销的订单
2026-01-25 21:20:00.066 [scheduling-1] INFO  - ========== 定时任务完成 ==========
2026-01-25 21:20:00.066 [scheduling-1] INFO  - 总订单数: 0
2026-01-25 21:20:00.066 [scheduling-1] INFO  - 更新数量: 0
2026-01-25 21:20:00.066 [scheduling-1] INFO  - 跳过数量: 0
2026-01-25 21:20:00.066 [scheduling-1] INFO  - 错误数量: 0
2026-01-25 21:20:00.066 [scheduling-1] INFO  - 执行耗时: 47 毫秒
2026-01-25 21:20:00.066 [scheduling-1] INFO  - =====================================
2026-01-25 21:25:00.010 [scheduling-1] INFO  - ========== 开始执行定时任务：检查未到店订单 ==========
2026-01-25 21:25:00.032 [scheduling-1] INFO  - 找到 0 条待核销的订单
2026-01-25 21:25:00.033 [scheduling-1] INFO  - ========== 定时任务完成 ==========
2026-01-25 21:25:00.033 [scheduling-1] INFO  - 总订单数: 0
2026-01-25 21:25:00.033 [scheduling-1] INFO  - 更新数量: 0
2026-01-25 21:25:00.033 [scheduling-1] INFO  - 跳过数量: 0
2026-01-25 21:25:00.033 [scheduling-1] INFO  - 错误数量: 0
2026-01-25 21:25:00.033 [scheduling-1] INFO  - 执行耗时: 20 毫秒
2026-01-25 21:25:00.033 [scheduling-1] INFO  - =====================================
2026-01-25 21:30:00.008 [scheduling-1] INFO  - ========== 开始执行定时任务：检查未到店订单 ==========
2026-01-25 21:30:00.045 [scheduling-1] INFO  - 找到 0 条待核销的订单
2026-01-25 21:30:00.046 [scheduling-1] INFO  - ========== 定时任务完成 ==========
2026-01-25 21:30:00.046 [scheduling-1] INFO  - 总订单数: 0
2026-01-25 21:30:00.046 [scheduling-1] INFO  - 更新数量: 0
2026-01-25 21:30:00.046 [scheduling-1] INFO  - 跳过数量: 0
2026-01-25 21:30:00.046 [scheduling-1] INFO  - 错误数量: 0
2026-01-25 21:30:00.046 [scheduling-1] INFO  - 执行耗时: 35 毫秒
2026-01-25 21:30:00.046 [scheduling-1] INFO  - =====================================
2026-01-25 21:35:00.012 [scheduling-1] INFO  - ========== 开始执行定时任务：检查未到店订单 ==========
2026-01-25 21:35:00.066 [scheduling-1] INFO  - 找到 0 条待核销的订单
2026-01-25 21:35:00.066 [scheduling-1] INFO  - ========== 定时任务完成 ==========
2026-01-25 21:35:00.066 [scheduling-1] INFO  - 总订单数: 0
2026-01-25 21:35:00.066 [scheduling-1] INFO  - 更新数量: 0
2026-01-25 21:35:00.067 [scheduling-1] INFO  - 跳过数量: 0
2026-01-25 21:35:00.067 [scheduling-1] INFO  - 错误数量: 0
2026-01-25 21:35:00.067 [scheduling-1] INFO  - 执行耗时: 43 毫秒
2026-01-25 21:35:00.067 [scheduling-1] INFO  - =====================================
2026-01-25 21:40:00.022 [scheduling-1] INFO  - ========== 开始执行定时任务：检查未到店订单 ==========
2026-01-25 21:40:00.050 [scheduling-1] INFO  - 找到 0 条待核销的订单
2026-01-25 21:40:00.054 [scheduling-1] INFO  - ========== 定时任务完成 ==========
2026-01-25 21:40:00.054 [scheduling-1] INFO  - 总订单数: 0
2026-01-25 21:40:00.054 [scheduling-1] INFO  - 更新数量: 0
2026-01-25 21:40:00.054 [scheduling-1] INFO  - 跳过数量: 0
2026-01-25 21:40:00.056 [scheduling-1] INFO  - 错误数量: 0
2026-01-25 21:40:00.056 [scheduling-1] INFO  - 执行耗时: 25 毫秒
2026-01-25 21:40:00.056 [scheduling-1] INFO  - =====================================
2026-01-25 21:45:00.014 [scheduling-1] INFO  - ========== 开始执行定时任务：检查未到店订单 ==========
2026-01-25 21:45:00.037 [scheduling-1] INFO  - 找到 0 条待核销的订单
2026-01-25 21:45:00.037 [scheduling-1] INFO  - ========== 定时任务完成 ==========
2026-01-25 21:45:00.037 [scheduling-1] INFO  - 总订单数: 0
2026-01-25 21:45:00.037 [scheduling-1] INFO  - 更新数量: 0
2026-01-25 21:45:00.037 [scheduling-1] INFO  - 跳过数量: 0
2026-01-25 21:45:00.037 [scheduling-1] INFO  - 错误数量: 0
2026-01-25 21:45:00.037 [scheduling-1] INFO  - 执行耗时: 22 毫秒
2026-01-25 21:45:00.037 [scheduling-1] INFO  - =====================================
2026-01-25 21:50:00.008 [scheduling-1] INFO  - ========== 开始执行定时任务：检查未到店订单 ==========
2026-01-25 21:50:00.022 [scheduling-1] INFO  - 找到 0 条待核销的订单
2026-01-25 21:50:00.022 [scheduling-1] INFO  - ========== 定时任务完成 ==========
2026-01-25 21:50:00.022 [scheduling-1] INFO  - 总订单数: 0
2026-01-25 21:50:00.022 [scheduling-1] INFO  - 更新数量: 0
2026-01-25 21:50:00.022 [scheduling-1] INFO  - 跳过数量: 0
2026-01-25 21:50:00.022 [scheduling-1] INFO  - 错误数量: 0
2026-01-25 21:50:00.022 [scheduling-1] INFO  - 执行耗时: 12 毫秒
2026-01-25 21:50:00.022 [scheduling-1] INFO  - =====================================
2026-01-25 21:55:00.012 [scheduling-1] INFO  - ========== 开始执行定时任务：检查未到店订单 ==========
2026-01-25 21:55:00.058 [scheduling-1] INFO  - 找到 0 条待核销的订单
2026-01-25 21:55:00.059 [scheduling-1] INFO  - ========== 定时任务完成 ==========
2026-01-25 21:55:00.059 [scheduling-1] INFO  - 总订单数: 0
2026-01-25 21:55:00.059 [scheduling-1] INFO  - 更新数量: 0
2026-01-25 21:55:00.059 [scheduling-1] INFO  - 跳过数量: 0
2026-01-25 21:55:00.059 [scheduling-1] INFO  - 错误数量: 0
2026-01-25 21:55:00.059 [scheduling-1] INFO  - 执行耗时: 44 毫秒
2026-01-25 21:55:00.059 [scheduling-1] INFO  - =====================================
2026-01-25 22:00:00.010 [scheduling-1] INFO  - ========== 开始执行定时任务：检查未到店订单 ==========
2026-01-25 22:00:00.030 [scheduling-1] INFO  - 找到 0 条待核销的订单
2026-01-25 22:00:00.031 [scheduling-1] INFO  - ========== 定时任务完成 ==========
2026-01-25 22:00:00.031 [scheduling-1] INFO  - 总订单数: 0
2026-01-25 22:00:00.031 [scheduling-1] INFO  - 更新数量: 0
2026-01-25 22:00:00.031 [scheduling-1] INFO  - 跳过数量: 0
2026-01-25 22:00:00.031 [scheduling-1] INFO  - 错误数量: 0
2026-01-25 22:00:00.031 [scheduling-1] INFO  - 执行耗时: 20 毫秒
2026-01-25 22:00:00.031 [scheduling-1] INFO  - =====================================
2026-01-25 22:05:00.012 [scheduling-1] INFO  - ========== 开始执行定时任务：检查未到店订单 ==========
2026-01-25 22:05:00.032 [scheduling-1] INFO  - 找到 0 条待核销的订单
2026-01-25 22:05:00.032 [scheduling-1] INFO  - ========== 定时任务完成 ==========
2026-01-25 22:05:00.032 [scheduling-1] INFO  - 总订单数: 0
2026-01-25 22:05:00.032 [scheduling-1] INFO  - 更新数量: 0
2026-01-25 22:05:00.032 [scheduling-1] INFO  - 跳过数量: 0
2026-01-25 22:05:00.032 [scheduling-1] INFO  - 错误数量: 0
2026-01-25 22:05:00.032 [scheduling-1] INFO  - 执行耗时: 17 毫秒
2026-01-25 22:05:00.032 [scheduling-1] INFO  - =====================================
2026-01-25 22:10:00.014 [scheduling-1] INFO  - ========== 开始执行定时任务：检查未到店订单 ==========
2026-01-25 22:10:00.029 [scheduling-1] INFO  - 找到 0 条待核销的订单
2026-01-25 22:10:00.029 [scheduling-1] INFO  - ========== 定时任务完成 ==========
2026-01-25 22:10:00.029 [scheduling-1] INFO  - 总订单数: 0
2026-01-25 22:10:00.029 [scheduling-1] INFO  - 更新数量: 0
2026-01-25 22:10:00.030 [scheduling-1] INFO  - 跳过数量: 0
2026-01-25 22:10:00.030 [scheduling-1] INFO  - 错误数量: 0
2026-01-25 22:10:00.030 [scheduling-1] INFO  - 执行耗时: 13 毫秒
2026-01-25 22:10:00.030 [scheduling-1] INFO  - =====================================
2026-01-25 22:15:00.014 [scheduling-1] INFO  - ========== 开始执行定时任务：检查未到店订单 ==========
2026-01-25 22:15:00.032 [scheduling-1] INFO  - 找到 0 条待核销的订单
2026-01-25 22:15:00.032 [scheduling-1] INFO  - ========== 定时任务完成 ==========
2026-01-25 22:15:00.032 [scheduling-1] INFO  - 总订单数: 0
2026-01-25 22:15:00.032 [scheduling-1] INFO  - 更新数量: 0
2026-01-25 22:15:00.032 [scheduling-1] INFO  - 跳过数量: 0
2026-01-25 22:15:00.032 [scheduling-1] INFO  - 错误数量: 0
2026-01-25 22:15:00.032 [scheduling-1] INFO  - 执行耗时: 16 毫秒
2026-01-25 22:15:00.032 [scheduling-1] INFO  - =====================================
2026-01-25 22:20:00.015 [scheduling-1] INFO  - ========== 开始执行定时任务：检查未到店订单 ==========
2026-01-25 22:20:00.036 [scheduling-1] INFO  - 找到 0 条待核销的订单
2026-01-25 22:20:00.036 [scheduling-1] INFO  - ========== 定时任务完成 ==========
2026-01-25 22:20:00.036 [scheduling-1] INFO  - 总订单数: 0
2026-01-25 22:20:00.036 [scheduling-1] INFO  - 更新数量: 0
2026-01-25 22:20:00.036 [scheduling-1] INFO  - 跳过数量: 0
2026-01-25 22:20:00.036 [scheduling-1] INFO  - 错误数量: 0
2026-01-25 22:20:00.036 [scheduling-1] INFO  - 执行耗时: 19 毫秒
2026-01-25 22:20:00.036 [scheduling-1] INFO  - =====================================
2026-01-25 22:25:00.012 [scheduling-1] INFO  - ========== 开始执行定时任务：检查未到店订单 ==========
2026-01-25 22:25:00.025 [scheduling-1] INFO  - 找到 0 条待核销的订单
2026-01-25 22:25:00.025 [scheduling-1] INFO  - ========== 定时任务完成 ==========
2026-01-25 22:25:00.025 [scheduling-1] INFO  - 总订单数: 0
2026-01-25 22:25:00.025 [scheduling-1] INFO  - 更新数量: 0
2026-01-25 22:25:00.025 [scheduling-1] INFO  - 跳过数量: 0
2026-01-25 22:25:00.025 [scheduling-1] INFO  - 错误数量: 0
2026-01-25 22:25:00.025 [scheduling-1] INFO  - 执行耗时: 12 毫秒
2026-01-25 22:25:00.025 [scheduling-1] INFO  - =====================================
2026-01-25 22:30:00.010 [scheduling-1] INFO  - ========== 开始执行定时任务：检查未到店订单 ==========
2026-01-25 22:30:00.036 [scheduling-1] INFO  - 找到 0 条待核销的订单
2026-01-25 22:30:00.036 [scheduling-1] INFO  - ========== 定时任务完成 ==========
2026-01-25 22:30:00.036 [scheduling-1] INFO  - 总订单数: 0
2026-01-25 22:30:00.036 [scheduling-1] INFO  - 更新数量: 0
2026-01-25 22:30:00.036 [scheduling-1] INFO  - 跳过数量: 0
2026-01-25 22:30:00.036 [scheduling-1] INFO  - 错误数量: 0
2026-01-25 22:30:00.036 [scheduling-1] INFO  - 执行耗时: 24 毫秒
2026-01-25 22:30:00.036 [scheduling-1] INFO  - =====================================
2026-01-25 22:35:00.010 [scheduling-1] INFO  - ========== 开始执行定时任务：检查未到店订单 ==========
2026-01-25 22:35:00.046 [scheduling-1] INFO  - 找到 0 条待核销的订单
2026-01-25 22:35:00.047 [scheduling-1] INFO  - ========== 定时任务完成 ==========
2026-01-25 22:35:00.047 [scheduling-1] INFO  - 总订单数: 0
2026-01-25 22:35:00.047 [scheduling-1] INFO  - 更新数量: 0
2026-01-25 22:35:00.047 [scheduling-1] INFO  - 跳过数量: 0
2026-01-25 22:35:00.047 [scheduling-1] INFO  - 错误数量: 0
2026-01-25 22:35:00.047 [scheduling-1] INFO  - 执行耗时: 33 毫秒
2026-01-25 22:35:00.047 [scheduling-1] INFO  - =====================================
2026-01-25 22:40:00.010 [scheduling-1] INFO  - ========== 开始执行定时任务：检查未到店订单 ==========
2026-01-25 22:40:00.039 [scheduling-1] INFO  - 找到 0 条待核销的订单
2026-01-25 22:40:00.040 [scheduling-1] INFO  - ========== 定时任务完成 ==========
2026-01-25 22:40:00.040 [scheduling-1] INFO  - 总订单数: 0
2026-01-25 22:40:00.040 [scheduling-1] INFO  - 更新数量: 0
2026-01-25 22:40:00.040 [scheduling-1] INFO  - 跳过数量: 0
2026-01-25 22:40:00.040 [scheduling-1] INFO  - 错误数量: 0
2026-01-25 22:40:00.040 [scheduling-1] INFO  - 执行耗时: 28 毫秒
2026-01-25 22:40:00.040 [scheduling-1] INFO  - =====================================
2026-01-25 22:44:59.823 [scheduling-1] INFO  - ========== 开始执行定时任务：检查未到店订单 ==========
2026-01-25 22:44:59.837 [scheduling-1] INFO  - 找到 0 条待核销的订单
2026-01-25 22:44:59.837 [scheduling-1] INFO  - ========== 定时任务完成 ==========
2026-01-25 22:44:59.837 [scheduling-1] INFO  - 总订单数: 0
2026-01-25 22:44:59.837 [scheduling-1] INFO  - 更新数量: 0
2026-01-25 22:44:59.837 [scheduling-1] INFO  - 跳过数量: 0
2026-01-25 22:44:59.837 [scheduling-1] INFO  - 错误数量: 0
2026-01-25 22:44:59.837 [scheduling-1] INFO  - 执行耗时: 13 毫秒
2026-01-25 22:44:59.837 [scheduling-1] INFO  - =====================================
2026-01-25 22:50:00.014 [scheduling-1] INFO  - ========== 开始执行定时任务：检查未到店订单 ==========
2026-01-25 22:50:00.035 [scheduling-1] INFO  - 找到 0 条待核销的订单
2026-01-25 22:50:00.035 [scheduling-1] INFO  - ========== 定时任务完成 ==========
2026-01-25 22:50:00.035 [scheduling-1] INFO  - 总订单数: 0
2026-01-25 22:50:00.035 [scheduling-1] INFO  - 更新数量: 0
2026-01-25 22:50:00.035 [scheduling-1] INFO  - 跳过数量: 0
2026-01-25 22:50:00.035 [scheduling-1] INFO  - 错误数量: 0
2026-01-25 22:50:00.035 [scheduling-1] INFO  - 执行耗时: 18 毫秒
2026-01-25 22:50:00.035 [scheduling-1] INFO  - =====================================
2026-01-25 22:55:00.000 [scheduling-1] INFO  - ========== 开始执行定时任务：检查未到店订单 ==========
2026-01-25 22:55:00.046 [scheduling-1] INFO  - 找到 0 条待核销的订单
2026-01-25 22:55:00.047 [scheduling-1] INFO  - ========== 定时任务完成 ==========
2026-01-25 22:55:00.047 [scheduling-1] INFO  - 总订单数: 0
2026-01-25 22:55:00.047 [scheduling-1] INFO  - 更新数量: 0
2026-01-25 22:55:00.047 [scheduling-1] INFO  - 跳过数量: 0
2026-01-25 22:55:00.047 [scheduling-1] INFO  - 错误数量: 0
2026-01-25 22:55:00.047 [scheduling-1] INFO  - 执行耗时: 45 毫秒
2026-01-25 22:55:00.047 [scheduling-1] INFO  - =====================================
2026-01-25 23:00:00.063 [scheduling-1] INFO  - ========== 开始执行定时任务：检查未到店订单 ==========
2026-01-25 23:00:00.085 [scheduling-1] INFO  - 找到 0 条待核销的订单
2026-01-25 23:00:00.085 [scheduling-1] INFO  - ========== 定时任务完成 ==========
2026-01-25 23:00:00.085 [scheduling-1] INFO  - 总订单数: 0
2026-01-25 23:00:00.085 [scheduling-1] INFO  - 更新数量: 0
2026-01-25 23:00:00.085 [scheduling-1] INFO  - 跳过数量: 0
2026-01-25 23:00:00.085 [scheduling-1] INFO  - 错误数量: 0
2026-01-25 23:00:00.085 [scheduling-1] INFO  - 执行耗时: 18 毫秒
2026-01-25 23:00:00.085 [scheduling-1] INFO  - =====================================
2026-01-25 23:04:59.999 [scheduling-1] INFO  - ========== 开始执行定时任务：检查未到店订单 ==========
2026-01-25 23:05:00.038 [scheduling-1] INFO  - 找到 0 条待核销的订单
2026-01-25 23:05:00.038 [scheduling-1] INFO  - ========== 定时任务完成 ==========
2026-01-25 23:05:00.038 [scheduling-1] INFO  - 总订单数: 0
2026-01-25 23:05:00.038 [scheduling-1] INFO  - 更新数量: 0
2026-01-25 23:05:00.038 [scheduling-1] INFO  - 跳过数量: 0
2026-01-25 23:05:00.038 [scheduling-1] INFO  - 错误数量: 0
2026-01-25 23:05:00.038 [scheduling-1] INFO  - 执行耗时: 36 毫秒
2026-01-25 23:05:00.038 [scheduling-1] INFO  - =====================================
2026-01-25 23:10:00.003 [scheduling-1] INFO  - ========== 开始执行定时任务：检查未到店订单 ==========
2026-01-25 23:10:00.023 [scheduling-1] INFO  - 找到 0 条待核销的订单
2026-01-25 23:10:00.023 [scheduling-1] INFO  - ========== 定时任务完成 ==========
2026-01-25 23:10:00.023 [scheduling-1] INFO  - 总订单数: 0
2026-01-25 23:10:00.023 [scheduling-1] INFO  - 更新数量: 0
2026-01-25 23:10:00.023 [scheduling-1] INFO  - 跳过数量: 0
2026-01-25 23:10:00.023 [scheduling-1] INFO  - 错误数量: 0
2026-01-25 23:10:00.023 [scheduling-1] INFO  - 执行耗时: 18 毫秒
2026-01-25 23:10:00.023 [scheduling-1] INFO  - =====================================
2026-01-25 23:15:00.009 [scheduling-1] INFO  - ========== 开始执行定时任务：检查未到店订单 ==========
2026-01-25 23:15:00.035 [scheduling-1] INFO  - 找到 0 条待核销的订单
2026-01-25 23:15:00.035 [scheduling-1] INFO  - ========== 定时任务完成 ==========
2026-01-25 23:15:00.035 [scheduling-1] INFO  - 总订单数: 0
2026-01-25 23:15:00.035 [scheduling-1] INFO  - 更新数量: 0
2026-01-25 23:15:00.035 [scheduling-1] INFO  - 跳过数量: 0
2026-01-25 23:15:00.035 [scheduling-1] INFO  - 错误数量: 0
2026-01-25 23:15:00.035 [scheduling-1] INFO  - 执行耗时: 23 毫秒
2026-01-25 23:15:00.035 [scheduling-1] INFO  - =====================================
2026-01-25 23:20:00.011 [scheduling-1] INFO  - ========== 开始执行定时任务：检查未到店订单 ==========
2026-01-25 23:20:00.093 [scheduling-1] INFO  - 找到 0 条待核销的订单
2026-01-25 23:20:00.093 [scheduling-1] INFO  - ========== 定时任务完成 ==========
2026-01-25 23:20:00.094 [scheduling-1] INFO  - 总订单数: 0
2026-01-25 23:20:00.094 [scheduling-1] INFO  - 更新数量: 0
2026-01-25 23:20:00.094 [scheduling-1] INFO  - 跳过数量: 0
2026-01-25 23:20:00.094 [scheduling-1] INFO  - 错误数量: 0
2026-01-25 23:20:00.094 [scheduling-1] INFO  - 执行耗时: 77 毫秒
2026-01-25 23:20:00.094 [scheduling-1] INFO  - =====================================
2026-01-25 23:25:00.006 [scheduling-1] INFO  - ========== 开始执行定时任务：检查未到店订单 ==========
2026-01-25 23:25:00.058 [scheduling-1] INFO  - 找到 0 条待核销的订单
2026-01-25 23:25:00.059 [scheduling-1] INFO  - ========== 定时任务完成 ==========
2026-01-25 23:25:00.059 [scheduling-1] INFO  - 总订单数: 0
2026-01-25 23:25:00.059 [scheduling-1] INFO  - 更新数量: 0
2026-01-25 23:25:00.059 [scheduling-1] INFO  - 跳过数量: 0
2026-01-25 23:25:00.059 [scheduling-1] INFO  - 错误数量: 0
2026-01-25 23:25:00.059 [scheduling-1] INFO  - 执行耗时: 50 毫秒
2026-01-25 23:25:00.059 [scheduling-1] INFO  - =====================================
2026-01-25 23:30:00.004 [scheduling-1] INFO  - ========== 开始执行定时任务：检查未到店订单 ==========
2026-01-25 23:30:00.026 [scheduling-1] INFO  - 找到 0 条待核销的订单
2026-01-25 23:30:00.027 [scheduling-1] INFO  - ========== 定时任务完成 ==========
2026-01-25 23:30:00.027 [scheduling-1] INFO  - 总订单数: 0
2026-01-25 23:30:00.027 [scheduling-1] INFO  - 更新数量: 0
2026-01-25 23:30:00.027 [scheduling-1] INFO  - 跳过数量: 0
2026-01-25 23:30:00.027 [scheduling-1] INFO  - 错误数量: 0
2026-01-25 23:30:00.027 [scheduling-1] INFO  - 执行耗时: 19 毫秒
2026-01-25 23:30:00.027 [scheduling-1] INFO  - =====================================
2026-01-25 23:35:00.008 [scheduling-1] INFO  - ========== 开始执行定时任务：检查未到店订单 ==========
2026-01-25 23:35:00.025 [scheduling-1] INFO  - 找到 0 条待核销的订单
2026-01-25 23:35:00.025 [scheduling-1] INFO  - ========== 定时任务完成 ==========
2026-01-25 23:35:00.025 [scheduling-1] INFO  - 总订单数: 0
2026-01-25 23:35:00.025 [scheduling-1] INFO  - 更新数量: 0
2026-01-25 23:35:00.025 [scheduling-1] INFO  - 跳过数量: 0
2026-01-25 23:35:00.025 [scheduling-1] INFO  - 错误数量: 0
2026-01-25 23:35:00.026 [scheduling-1] INFO  - 执行耗时: 16 毫秒
2026-01-25 23:35:00.026 [scheduling-1] INFO  - =====================================
2026-01-25 23:40:00.012 [scheduling-1] INFO  - ========== 开始执行定时任务：检查未到店订单 ==========
2026-01-25 23:40:00.038 [scheduling-1] INFO  - 找到 0 条待核销的订单
2026-01-25 23:40:00.039 [scheduling-1] INFO  - ========== 定时任务完成 ==========
2026-01-25 23:40:00.039 [scheduling-1] INFO  - 总订单数: 0
2026-01-25 23:40:00.039 [scheduling-1] INFO  - 更新数量: 0
2026-01-25 23:40:00.039 [scheduling-1] INFO  - 跳过数量: 0
2026-01-25 23:40:00.039 [scheduling-1] INFO  - 错误数量: 0
2026-01-25 23:40:00.039 [scheduling-1] INFO  - 执行耗时: 18 毫秒
2026-01-25 23:40:00.039 [scheduling-1] INFO  - =====================================
2026-01-25 23:45:00.027 [scheduling-1] INFO  - ========== 开始执行定时任务：检查未到店订单 ==========
2026-01-25 23:45:00.038 [scheduling-1] INFO  - 找到 1 条待核销的订单
2026-01-25 23:45:00.039 [scheduling-1] INFO  - ========== 定时任务完成 ==========
2026-01-25 23:45:00.039 [scheduling-1] INFO  - 总订单数: 1
2026-01-25 23:45:00.039 [scheduling-1] INFO  - 更新数量: 0
2026-01-25 23:45:00.039 [scheduling-1] INFO  - 跳过数量: 0
2026-01-25 23:45:00.039 [scheduling-1] INFO  - 错误数量: 0
2026-01-25 23:45:00.039 [scheduling-1] INFO  - 执行耗时: 11 毫秒
2026-01-25 23:45:00.039 [scheduling-1] INFO  - =====================================
2026-01-25 23:50:00.006 [scheduling-1] INFO  - ========== 开始执行定时任务：检查未到店订单 ==========
2026-01-25 23:50:00.059 [scheduling-1] INFO  - 找到 1 条待核销的订单
2026-01-25 23:50:00.059 [scheduling-1] INFO  - ========== 定时任务完成 ==========
2026-01-25 23:50:00.059 [scheduling-1] INFO  - 总订单数: 1
2026-01-25 23:50:00.059 [scheduling-1] INFO  - 更新数量: 0
2026-01-25 23:50:00.059 [scheduling-1] INFO  - 跳过数量: 0
2026-01-25 23:50:00.059 [scheduling-1] INFO  - 错误数量: 0
2026-01-25 23:50:00.059 [scheduling-1] INFO  - 执行耗时: 50 毫秒
2026-01-25 23:50:00.059 [scheduling-1] INFO  - =====================================
2026-01-25 23:54:59.988 [scheduling-1] INFO  - ========== 开始执行定时任务：检查未到店订单 ==========
2026-01-25 23:55:00.023 [scheduling-1] INFO  - 找到 1 条待核销的订单
2026-01-25 23:55:00.024 [scheduling-1] INFO  - ========== 定时任务完成 ==========
2026-01-25 23:55:00.024 [scheduling-1] INFO  - 总订单数: 1
2026-01-25 23:55:00.024 [scheduling-1] INFO  - 更新数量: 0
2026-01-25 23:55:00.024 [scheduling-1] INFO  - 跳过数量: 0
2026-01-25 23:55:00.024 [scheduling-1] INFO  - 错误数量: 0
2026-01-25 23:55:00.024 [scheduling-1] INFO  - 执行耗时: 35 毫秒
2026-01-25 23:55:00.024 [scheduling-1] INFO  - =====================================
