2026-01-21 00:00:00.010 [scheduling-1] INFO  - ========== 开始执行定时任务：检查未到店订单 ==========
2026-01-21 00:00:00.060 [scheduling-1] INFO  - 找到 0 条待核销的订单
2026-01-21 00:00:00.060 [scheduling-1] INFO  - ========== 定时任务完成 ==========
2026-01-21 00:00:00.060 [scheduling-1] INFO  - 总订单数: 0
2026-01-21 00:00:00.060 [scheduling-1] INFO  - 更新数量: 0
2026-01-21 00:00:00.061 [scheduling-1] INFO  - 跳过数量: 0
2026-01-21 00:00:00.061 [scheduling-1] INFO  - 错误数量: 0
2026-01-21 00:00:00.061 [scheduling-1] INFO  - 执行耗时: 15 毫秒
2026-01-21 00:00:00.061 [scheduling-1] INFO  - =====================================
2026-01-21 00:05:00.010 [scheduling-1] INFO  - ========== 开始执行定时任务：检查未到店订单 ==========
2026-01-21 00:05:00.022 [scheduling-1] INFO  - 找到 0 条待核销的订单
2026-01-21 00:05:00.022 [scheduling-1] INFO  - ========== 定时任务完成 ==========
2026-01-21 00:05:00.022 [scheduling-1] INFO  - 总订单数: 0
2026-01-21 00:05:00.023 [scheduling-1] INFO  - 更新数量: 0
2026-01-21 00:05:00.023 [scheduling-1] INFO  - 跳过数量: 0
2026-01-21 00:05:00.023 [scheduling-1] INFO  - 错误数量: 0
2026-01-21 00:05:00.023 [scheduling-1] INFO  - 执行耗时: 10 毫秒
2026-01-21 00:05:00.023 [scheduling-1] INFO  - =====================================
2026-01-21 00:10:00.015 [scheduling-1] INFO  - ========== 开始执行定时任务：检查未到店订单 ==========
2026-01-21 00:10:00.041 [scheduling-1] INFO  - 找到 0 条待核销的订单
2026-01-21 00:10:00.041 [scheduling-1] INFO  - ========== 定时任务完成 ==========
2026-01-21 00:10:00.041 [scheduling-1] INFO  - 总订单数: 0
2026-01-21 00:10:00.041 [scheduling-1] INFO  - 更新数量: 0
2026-01-21 00:10:00.041 [scheduling-1] INFO  - 跳过数量: 0
2026-01-21 00:10:00.041 [scheduling-1] INFO  - 错误数量: 0
2026-01-21 00:10:00.041 [scheduling-1] INFO  - 执行耗时: 18 毫秒
2026-01-21 00:10:00.041 [scheduling-1] INFO  - =====================================
2026-01-21 00:15:00.013 [scheduling-1] INFO  - ========== 开始执行定时任务：检查未到店订单 ==========
2026-01-21 00:15:00.051 [scheduling-1] INFO  - 找到 0 条待核销的订单
2026-01-21 00:15:00.051 [scheduling-1] INFO  - ========== 定时任务完成 ==========
2026-01-21 00:15:00.051 [scheduling-1] INFO  - 总订单数: 0
2026-01-21 00:15:00.051 [scheduling-1] INFO  - 更新数量: 0
2026-01-21 00:15:00.051 [scheduling-1] INFO  - 跳过数量: 0
2026-01-21 00:15:00.051 [scheduling-1] INFO  - 错误数量: 0
2026-01-21 00:15:00.051 [scheduling-1] INFO  - 执行耗时: 32 毫秒
2026-01-21 00:15:00.051 [scheduling-1] INFO  - =====================================
2026-01-21 00:20:00.010 [scheduling-1] INFO  - ========== 开始执行定时任务：检查未到店订单 ==========
2026-01-21 00:20:00.047 [scheduling-1] INFO  - 找到 0 条待核销的订单
2026-01-21 00:20:00.048 [scheduling-1] INFO  - ========== 定时任务完成 ==========
2026-01-21 00:20:00.048 [scheduling-1] INFO  - 总订单数: 0
2026-01-21 00:20:00.048 [scheduling-1] INFO  - 更新数量: 0
2026-01-21 00:20:00.048 [scheduling-1] INFO  - 跳过数量: 0
2026-01-21 00:20:00.048 [scheduling-1] INFO  - 错误数量: 0
2026-01-21 00:20:00.048 [scheduling-1] INFO  - 执行耗时: 36 毫秒
2026-01-21 00:20:00.048 [scheduling-1] INFO  - =====================================
2026-01-21 00:25:00.010 [scheduling-1] INFO  - ========== 开始执行定时任务：检查未到店订单 ==========
2026-01-21 00:25:00.036 [scheduling-1] INFO  - 找到 0 条待核销的订单
2026-01-21 00:25:00.037 [scheduling-1] INFO  - ========== 定时任务完成 ==========
2026-01-21 00:25:00.038 [scheduling-1] INFO  - 总订单数: 0
2026-01-21 00:25:00.038 [scheduling-1] INFO  - 更新数量: 0
2026-01-21 00:25:00.038 [scheduling-1] INFO  - 跳过数量: 0
2026-01-21 00:25:00.038 [scheduling-1] INFO  - 错误数量: 0
2026-01-21 00:25:00.038 [scheduling-1] INFO  - 执行耗时: 25 毫秒
2026-01-21 00:25:00.038 [scheduling-1] INFO  - =====================================
2026-01-21 00:30:00.018 [scheduling-1] INFO  - ========== 开始执行定时任务：检查未到店订单 ==========
2026-01-21 00:30:00.034 [scheduling-1] INFO  - 找到 0 条待核销的订单
2026-01-21 00:30:00.034 [scheduling-1] INFO  - ========== 定时任务完成 ==========
2026-01-21 00:30:00.034 [scheduling-1] INFO  - 总订单数: 0
2026-01-21 00:30:00.034 [scheduling-1] INFO  - 更新数量: 0
2026-01-21 00:30:00.034 [scheduling-1] INFO  - 跳过数量: 0
2026-01-21 00:30:00.035 [scheduling-1] INFO  - 错误数量: 0
2026-01-21 00:30:00.035 [scheduling-1] INFO  - 执行耗时: 15 毫秒
2026-01-21 00:30:00.035 [scheduling-1] INFO  - =====================================
2026-01-21 00:35:00.012 [scheduling-1] INFO  - ========== 开始执行定时任务：检查未到店订单 ==========
2026-01-21 00:35:00.050 [scheduling-1] INFO  - 找到 0 条待核销的订单
2026-01-21 00:35:00.050 [scheduling-1] INFO  - ========== 定时任务完成 ==========
2026-01-21 00:35:00.050 [scheduling-1] INFO  - 总订单数: 0
2026-01-21 00:35:00.050 [scheduling-1] INFO  - 更新数量: 0
2026-01-21 00:35:00.050 [scheduling-1] INFO  - 跳过数量: 0
2026-01-21 00:35:00.050 [scheduling-1] INFO  - 错误数量: 0
2026-01-21 00:35:00.050 [scheduling-1] INFO  - 执行耗时: 31 毫秒
2026-01-21 00:35:00.050 [scheduling-1] INFO  - =====================================
2026-01-21 00:40:00.017 [scheduling-1] INFO  - ========== 开始执行定时任务：检查未到店订单 ==========
2026-01-21 00:40:00.035 [scheduling-1] INFO  - 找到 0 条待核销的订单
2026-01-21 00:40:00.035 [scheduling-1] INFO  - ========== 定时任务完成 ==========
2026-01-21 00:40:00.035 [scheduling-1] INFO  - 总订单数: 0
2026-01-21 00:40:00.035 [scheduling-1] INFO  - 更新数量: 0
2026-01-21 00:40:00.035 [scheduling-1] INFO  - 跳过数量: 0
2026-01-21 00:40:00.035 [scheduling-1] INFO  - 错误数量: 0
2026-01-21 00:40:00.035 [scheduling-1] INFO  - 执行耗时: 16 毫秒
2026-01-21 00:40:00.036 [scheduling-1] INFO  - =====================================
2026-01-21 00:45:00.010 [scheduling-1] INFO  - ========== 开始执行定时任务：检查未到店订单 ==========
2026-01-21 00:45:00.039 [scheduling-1] INFO  - 找到 0 条待核销的订单
2026-01-21 00:45:00.039 [scheduling-1] INFO  - ========== 定时任务完成 ==========
2026-01-21 00:45:00.039 [scheduling-1] INFO  - 总订单数: 0
2026-01-21 00:45:00.039 [scheduling-1] INFO  - 更新数量: 0
2026-01-21 00:45:00.039 [scheduling-1] INFO  - 跳过数量: 0
2026-01-21 00:45:00.040 [scheduling-1] INFO  - 错误数量: 0
2026-01-21 00:45:00.040 [scheduling-1] INFO  - 执行耗时: 26 毫秒
2026-01-21 00:45:00.040 [scheduling-1] INFO  - =====================================
2026-01-21 00:49:59.999 [scheduling-1] INFO  - ========== 开始执行定时任务：检查未到店订单 ==========
2026-01-21 00:50:00.030 [scheduling-1] INFO  - 找到 0 条待核销的订单
2026-01-21 00:50:00.030 [scheduling-1] INFO  - ========== 定时任务完成 ==========
2026-01-21 00:50:00.030 [scheduling-1] INFO  - 总订单数: 0
2026-01-21 00:50:00.030 [scheduling-1] INFO  - 更新数量: 0
2026-01-21 00:50:00.030 [scheduling-1] INFO  - 跳过数量: 0
2026-01-21 00:50:00.030 [scheduling-1] INFO  - 错误数量: 0
2026-01-21 00:50:00.030 [scheduling-1] INFO  - 执行耗时: 28 毫秒
2026-01-21 00:50:00.030 [scheduling-1] INFO  - =====================================
2026-01-21 00:55:00.009 [scheduling-1] INFO  - ========== 开始执行定时任务：检查未到店订单 ==========
2026-01-21 00:55:00.024 [scheduling-1] INFO  - 找到 0 条待核销的订单
2026-01-21 00:55:00.024 [scheduling-1] INFO  - ========== 定时任务完成 ==========
2026-01-21 00:55:00.024 [scheduling-1] INFO  - 总订单数: 0
2026-01-21 00:55:00.024 [scheduling-1] INFO  - 更新数量: 0
2026-01-21 00:55:00.024 [scheduling-1] INFO  - 跳过数量: 0
2026-01-21 00:55:00.024 [scheduling-1] INFO  - 错误数量: 0
2026-01-21 00:55:00.024 [scheduling-1] INFO  - 执行耗时: 14 毫秒
2026-01-21 00:55:00.024 [scheduling-1] INFO  - =====================================
2026-01-21 01:00:00.005 [scheduling-1] INFO  - ========== 开始执行定时任务：检查未到店订单 ==========
2026-01-21 01:00:00.031 [scheduling-1] INFO  - 找到 0 条待核销的订单
2026-01-21 01:00:00.031 [scheduling-1] INFO  - ========== 定时任务完成 ==========
2026-01-21 01:00:00.032 [scheduling-1] INFO  - 总订单数: 0
2026-01-21 01:00:00.032 [scheduling-1] INFO  - 更新数量: 0
2026-01-21 01:00:00.032 [scheduling-1] INFO  - 跳过数量: 0
2026-01-21 01:00:00.032 [scheduling-1] INFO  - 错误数量: 0
2026-01-21 01:00:00.032 [scheduling-1] INFO  - 执行耗时: 23 毫秒
2026-01-21 01:00:00.032 [scheduling-1] INFO  - =====================================
2026-01-21 01:05:00.006 [scheduling-1] INFO  - ========== 开始执行定时任务：检查未到店订单 ==========
2026-01-21 01:05:00.023 [scheduling-1] INFO  - 找到 0 条待核销的订单
2026-01-21 01:05:00.023 [scheduling-1] INFO  - ========== 定时任务完成 ==========
2026-01-21 01:05:00.023 [scheduling-1] INFO  - 总订单数: 0
2026-01-21 01:05:00.023 [scheduling-1] INFO  - 更新数量: 0
2026-01-21 01:05:00.023 [scheduling-1] INFO  - 跳过数量: 0
2026-01-21 01:05:00.023 [scheduling-1] INFO  - 错误数量: 0
2026-01-21 01:05:00.023 [scheduling-1] INFO  - 执行耗时: 15 毫秒
2026-01-21 01:05:00.023 [scheduling-1] INFO  - =====================================
2026-01-21 01:10:00.007 [scheduling-1] INFO  - ========== 开始执行定时任务：检查未到店订单 ==========
2026-01-21 01:10:00.035 [scheduling-1] INFO  - 找到 0 条待核销的订单
2026-01-21 01:10:00.036 [scheduling-1] INFO  - ========== 定时任务完成 ==========
2026-01-21 01:10:00.036 [scheduling-1] INFO  - 总订单数: 0
2026-01-21 01:10:00.036 [scheduling-1] INFO  - 更新数量: 0
2026-01-21 01:10:00.036 [scheduling-1] INFO  - 跳过数量: 0
2026-01-21 01:10:00.036 [scheduling-1] INFO  - 错误数量: 0
2026-01-21 01:10:00.036 [scheduling-1] INFO  - 执行耗时: 28 毫秒
2026-01-21 01:10:00.036 [scheduling-1] INFO  - =====================================
2026-01-21 01:15:00.005 [scheduling-1] INFO  - ========== 开始执行定时任务：检查未到店订单 ==========
2026-01-21 01:15:00.020 [scheduling-1] INFO  - 找到 0 条待核销的订单
2026-01-21 01:15:00.021 [scheduling-1] INFO  - ========== 定时任务完成 ==========
2026-01-21 01:15:00.021 [scheduling-1] INFO  - 总订单数: 0
2026-01-21 01:15:00.021 [scheduling-1] INFO  - 更新数量: 0
2026-01-21 01:15:00.021 [scheduling-1] INFO  - 跳过数量: 0
2026-01-21 01:15:00.021 [scheduling-1] INFO  - 错误数量: 0
2026-01-21 01:15:00.021 [scheduling-1] INFO  - 执行耗时: 14 毫秒
2026-01-21 01:15:00.021 [scheduling-1] INFO  - =====================================
2026-01-21 01:20:00.009 [scheduling-1] INFO  - ========== 开始执行定时任务：检查未到店订单 ==========
2026-01-21 01:20:00.048 [scheduling-1] INFO  - 找到 0 条待核销的订单
2026-01-21 01:20:00.048 [scheduling-1] INFO  - ========== 定时任务完成 ==========
2026-01-21 01:20:00.048 [scheduling-1] INFO  - 总订单数: 0
2026-01-21 01:20:00.048 [scheduling-1] INFO  - 更新数量: 0
2026-01-21 01:20:00.048 [scheduling-1] INFO  - 跳过数量: 0
2026-01-21 01:20:00.048 [scheduling-1] INFO  - 错误数量: 0
2026-01-21 01:20:00.048 [scheduling-1] INFO  - 执行耗时: 36 毫秒
2026-01-21 01:20:00.048 [scheduling-1] INFO  - =====================================
2026-01-21 14:45:00.742 [scheduling-1] INFO  - ========== 开始执行定时任务：检查未到店订单 ==========
2026-01-21 14:45:02.907 [scheduling-1] INFO  - 找到 0 条待核销的订单
2026-01-21 14:45:04.296 [scheduling-1] INFO  - ========== 定时任务完成 ==========
2026-01-21 14:45:04.306 [scheduling-1] INFO  - 总订单数: 0
2026-01-21 14:45:04.308 [scheduling-1] INFO  - 更新数量: 0
2026-01-21 14:45:04.308 [scheduling-1] INFO  - 跳过数量: 0
2026-01-21 14:45:04.309 [scheduling-1] INFO  - 错误数量: 0
2026-01-21 14:45:04.311 [scheduling-1] INFO  - 执行耗时: 3366 毫秒
2026-01-21 14:45:04.311 [scheduling-1] INFO  - =====================================
2026-01-21 14:50:00.007 [scheduling-1] INFO  - ========== 开始执行定时任务：检查未到店订单 ==========
2026-01-21 14:50:00.064 [scheduling-1] INFO  - 找到 0 条待核销的订单
2026-01-21 14:50:00.064 [scheduling-1] INFO  - ========== 定时任务完成 ==========
2026-01-21 14:50:00.064 [scheduling-1] INFO  - 总订单数: 0
2026-01-21 14:50:00.064 [scheduling-1] INFO  - 更新数量: 0
2026-01-21 14:50:00.064 [scheduling-1] INFO  - 跳过数量: 0
2026-01-21 14:50:00.064 [scheduling-1] INFO  - 错误数量: 0
2026-01-21 14:50:00.064 [scheduling-1] INFO  - 执行耗时: 54 毫秒
2026-01-21 14:50:00.064 [scheduling-1] INFO  - =====================================
2026-01-21 14:55:00.014 [scheduling-1] INFO  - ========== 开始执行定时任务：检查未到店订单 ==========
2026-01-21 14:55:00.081 [scheduling-1] INFO  - 找到 0 条待核销的订单
2026-01-21 14:55:00.082 [scheduling-1] INFO  - ========== 定时任务完成 ==========
2026-01-21 14:55:00.082 [scheduling-1] INFO  - 总订单数: 0
2026-01-21 14:55:00.082 [scheduling-1] INFO  - 更新数量: 0
2026-01-21 14:55:00.082 [scheduling-1] INFO  - 跳过数量: 0
2026-01-21 14:55:00.082 [scheduling-1] INFO  - 错误数量: 0
2026-01-21 14:55:00.082 [scheduling-1] INFO  - 执行耗时: 62 毫秒
2026-01-21 14:55:00.082 [scheduling-1] INFO  - =====================================
2026-01-21 15:00:00.000 [scheduling-1] INFO  - ========== 开始执行定时任务：检查未到店订单 ==========
2026-01-21 15:00:00.017 [scheduling-1] INFO  - 找到 0 条待核销的订单
2026-01-21 15:00:00.017 [scheduling-1] INFO  - ========== 定时任务完成 ==========
2026-01-21 15:00:00.017 [scheduling-1] INFO  - 总订单数: 0
2026-01-21 15:00:00.017 [scheduling-1] INFO  - 更新数量: 0
2026-01-21 15:00:00.017 [scheduling-1] INFO  - 跳过数量: 0
2026-01-21 15:00:00.017 [scheduling-1] INFO  - 错误数量: 0
2026-01-21 15:00:00.017 [scheduling-1] INFO  - 执行耗时: 15 毫秒
2026-01-21 15:00:00.017 [scheduling-1] INFO  - =====================================
2026-01-21 15:05:00.056 [scheduling-1] INFO  - ========== 开始执行定时任务：检查未到店订单 ==========
2026-01-21 15:05:00.074 [scheduling-1] INFO  - 找到 0 条待核销的订单
2026-01-21 15:05:00.074 [scheduling-1] INFO  - ========== 定时任务完成 ==========
2026-01-21 15:05:00.074 [scheduling-1] INFO  - 总订单数: 0
2026-01-21 15:05:00.074 [scheduling-1] INFO  - 更新数量: 0
2026-01-21 15:05:00.074 [scheduling-1] INFO  - 跳过数量: 0
2026-01-21 15:05:00.074 [scheduling-1] INFO  - 错误数量: 0
2026-01-21 15:05:00.074 [scheduling-1] INFO  - 执行耗时: 17 毫秒
2026-01-21 15:05:00.074 [scheduling-1] INFO  - =====================================
2026-01-21 15:10:00.038 [scheduling-1] INFO  - ========== 开始执行定时任务：检查未到店订单 ==========
2026-01-21 15:10:00.055 [scheduling-1] INFO  - 找到 0 条待核销的订单
2026-01-21 15:10:00.056 [scheduling-1] INFO  - ========== 定时任务完成 ==========
2026-01-21 15:10:00.056 [scheduling-1] INFO  - 总订单数: 0
2026-01-21 15:10:00.056 [scheduling-1] INFO  - 更新数量: 0
2026-01-21 15:10:00.056 [scheduling-1] INFO  - 跳过数量: 0
2026-01-21 15:10:00.056 [scheduling-1] INFO  - 错误数量: 0
2026-01-21 15:10:00.056 [scheduling-1] INFO  - 执行耗时: 17 毫秒
2026-01-21 15:10:00.056 [scheduling-1] INFO  - =====================================
2026-01-21 15:15:00.027 [scheduling-1] INFO  - ========== 开始执行定时任务：检查未到店订单 ==========
2026-01-21 15:15:00.041 [scheduling-1] INFO  - 找到 0 条待核销的订单
2026-01-21 15:15:00.042 [scheduling-1] INFO  - ========== 定时任务完成 ==========
2026-01-21 15:15:00.042 [scheduling-1] INFO  - 总订单数: 0
2026-01-21 15:15:00.042 [scheduling-1] INFO  - 更新数量: 0
2026-01-21 15:15:00.042 [scheduling-1] INFO  - 跳过数量: 0
2026-01-21 15:15:00.042 [scheduling-1] INFO  - 错误数量: 0
2026-01-21 15:15:00.042 [scheduling-1] INFO  - 执行耗时: 14 毫秒
2026-01-21 15:15:00.042 [scheduling-1] INFO  - =====================================
2026-01-21 15:20:00.063 [scheduling-1] INFO  - ========== 开始执行定时任务：检查未到店订单 ==========
2026-01-21 15:20:00.086 [scheduling-1] INFO  - 找到 0 条待核销的订单
2026-01-21 15:20:00.087 [scheduling-1] INFO  - ========== 定时任务完成 ==========
2026-01-21 15:20:00.087 [scheduling-1] INFO  - 总订单数: 0
2026-01-21 15:20:00.087 [scheduling-1] INFO  - 更新数量: 0
2026-01-21 15:20:00.087 [scheduling-1] INFO  - 跳过数量: 0
2026-01-21 15:20:00.087 [scheduling-1] INFO  - 错误数量: 0
2026-01-21 15:20:00.087 [scheduling-1] INFO  - 执行耗时: 22 毫秒
2026-01-21 15:20:00.087 [scheduling-1] INFO  - =====================================
2026-01-21 15:25:00.009 [scheduling-1] INFO  - ========== 开始执行定时任务：检查未到店订单 ==========
2026-01-21 15:25:00.036 [scheduling-1] INFO  - 找到 0 条待核销的订单
2026-01-21 15:25:00.036 [scheduling-1] INFO  - ========== 定时任务完成 ==========
2026-01-21 15:25:00.036 [scheduling-1] INFO  - 总订单数: 0
2026-01-21 15:25:00.036 [scheduling-1] INFO  - 更新数量: 0
2026-01-21 15:25:00.036 [scheduling-1] INFO  - 跳过数量: 0
2026-01-21 15:25:00.036 [scheduling-1] INFO  - 错误数量: 0
2026-01-21 15:25:00.036 [scheduling-1] INFO  - 执行耗时: 25 毫秒
2026-01-21 15:25:00.036 [scheduling-1] INFO  - =====================================
2026-01-21 15:30:00.013 [scheduling-1] INFO  - ========== 开始执行定时任务：检查未到店订单 ==========
2026-01-21 15:30:00.121 [scheduling-1] INFO  - 找到 0 条待核销的订单
2026-01-21 15:30:00.122 [scheduling-1] INFO  - ========== 定时任务完成 ==========
2026-01-21 15:30:00.122 [scheduling-1] INFO  - 总订单数: 0
2026-01-21 15:30:00.122 [scheduling-1] INFO  - 更新数量: 0
2026-01-21 15:30:00.122 [scheduling-1] INFO  - 跳过数量: 0
2026-01-21 15:30:00.122 [scheduling-1] INFO  - 错误数量: 0
2026-01-21 15:30:00.122 [scheduling-1] INFO  - 执行耗时: 100 毫秒
2026-01-21 15:30:00.122 [scheduling-1] INFO  - =====================================
2026-01-21 15:35:00.049 [scheduling-1] INFO  - ========== 开始执行定时任务：检查未到店订单 ==========
2026-01-21 15:35:00.067 [scheduling-1] INFO  - 找到 0 条待核销的订单
2026-01-21 15:35:00.067 [scheduling-1] INFO  - ========== 定时任务完成 ==========
2026-01-21 15:35:00.067 [scheduling-1] INFO  - 总订单数: 0
2026-01-21 15:35:00.067 [scheduling-1] INFO  - 更新数量: 0
2026-01-21 15:35:00.067 [scheduling-1] INFO  - 跳过数量: 0
2026-01-21 15:35:00.067 [scheduling-1] INFO  - 错误数量: 0
2026-01-21 15:35:00.067 [scheduling-1] INFO  - 执行耗时: 15 毫秒
2026-01-21 15:35:00.067 [scheduling-1] INFO  - =====================================
2026-01-21 15:40:00.017 [scheduling-1] INFO  - ========== 开始执行定时任务：检查未到店订单 ==========
2026-01-21 15:40:00.027 [scheduling-1] INFO  - 找到 0 条待核销的订单
2026-01-21 15:40:00.027 [scheduling-1] INFO  - ========== 定时任务完成 ==========
2026-01-21 15:40:00.027 [scheduling-1] INFO  - 总订单数: 0
2026-01-21 15:40:00.027 [scheduling-1] INFO  - 更新数量: 0
2026-01-21 15:40:00.027 [scheduling-1] INFO  - 跳过数量: 0
2026-01-21 15:40:00.027 [scheduling-1] INFO  - 错误数量: 0
2026-01-21 15:40:00.027 [scheduling-1] INFO  - 执行耗时: 9 毫秒
2026-01-21 15:40:00.027 [scheduling-1] INFO  - =====================================
2026-01-21 15:45:00.040 [scheduling-1] INFO  - ========== 开始执行定时任务：检查未到店订单 ==========
2026-01-21 15:45:00.074 [scheduling-1] INFO  - 找到 0 条待核销的订单
2026-01-21 15:45:00.074 [scheduling-1] INFO  - ========== 定时任务完成 ==========
2026-01-21 15:45:00.074 [scheduling-1] INFO  - 总订单数: 0
2026-01-21 15:45:00.074 [scheduling-1] INFO  - 更新数量: 0
2026-01-21 15:45:00.074 [scheduling-1] INFO  - 跳过数量: 0
2026-01-21 15:45:00.074 [scheduling-1] INFO  - 错误数量: 0
2026-01-21 15:45:00.074 [scheduling-1] INFO  - 执行耗时: 29 毫秒
2026-01-21 15:45:00.074 [scheduling-1] INFO  - =====================================
2026-01-21 15:50:00.017 [scheduling-1] INFO  - ========== 开始执行定时任务：检查未到店订单 ==========
2026-01-21 15:50:00.036 [scheduling-1] INFO  - 找到 0 条待核销的订单
2026-01-21 15:50:00.036 [scheduling-1] INFO  - ========== 定时任务完成 ==========
2026-01-21 15:50:00.036 [scheduling-1] INFO  - 总订单数: 0
2026-01-21 15:50:00.036 [scheduling-1] INFO  - 更新数量: 0
2026-01-21 15:50:00.036 [scheduling-1] INFO  - 跳过数量: 0
2026-01-21 15:50:00.036 [scheduling-1] INFO  - 错误数量: 0
2026-01-21 15:50:00.036 [scheduling-1] INFO  - 执行耗时: 17 毫秒
2026-01-21 15:50:00.036 [scheduling-1] INFO  - =====================================
2026-01-21 15:55:00.013 [scheduling-1] INFO  - ========== 开始执行定时任务：检查未到店订单 ==========
2026-01-21 15:55:00.059 [scheduling-1] INFO  - 找到 0 条待核销的订单
2026-01-21 15:55:00.060 [scheduling-1] INFO  - ========== 定时任务完成 ==========
2026-01-21 15:55:00.060 [scheduling-1] INFO  - 总订单数: 0
2026-01-21 15:55:00.060 [scheduling-1] INFO  - 更新数量: 0
2026-01-21 15:55:00.060 [scheduling-1] INFO  - 跳过数量: 0
2026-01-21 15:55:00.060 [scheduling-1] INFO  - 错误数量: 0
2026-01-21 15:55:00.060 [scheduling-1] INFO  - 执行耗时: 40 毫秒
2026-01-21 15:55:00.060 [scheduling-1] INFO  - =====================================
2026-01-21 16:00:00.015 [scheduling-1] INFO  - ========== 开始执行定时任务：检查未到店订单 ==========
2026-01-21 16:00:00.084 [scheduling-1] INFO  - 找到 0 条待核销的订单
2026-01-21 16:00:00.084 [scheduling-1] INFO  - ========== 定时任务完成 ==========
2026-01-21 16:00:00.084 [scheduling-1] INFO  - 总订单数: 0
2026-01-21 16:00:00.084 [scheduling-1] INFO  - 更新数量: 0
2026-01-21 16:00:00.084 [scheduling-1] INFO  - 跳过数量: 0
2026-01-21 16:00:00.084 [scheduling-1] INFO  - 错误数量: 0
2026-01-21 16:00:00.084 [scheduling-1] INFO  - 执行耗时: 66 毫秒
2026-01-21 16:00:00.084 [scheduling-1] INFO  - =====================================
2026-01-21 16:05:00.015 [scheduling-1] INFO  - ========== 开始执行定时任务：检查未到店订单 ==========
2026-01-21 16:05:00.045 [scheduling-1] INFO  - 找到 0 条待核销的订单
2026-01-21 16:05:00.045 [scheduling-1] INFO  - ========== 定时任务完成 ==========
2026-01-21 16:05:00.045 [scheduling-1] INFO  - 总订单数: 0
2026-01-21 16:05:00.045 [scheduling-1] INFO  - 更新数量: 0
2026-01-21 16:05:00.045 [scheduling-1] INFO  - 跳过数量: 0
2026-01-21 16:05:00.045 [scheduling-1] INFO  - 错误数量: 0
2026-01-21 16:05:00.045 [scheduling-1] INFO  - 执行耗时: 28 毫秒
2026-01-21 16:05:00.046 [scheduling-1] INFO  - =====================================
2026-01-21 16:10:00.013 [scheduling-1] INFO  - ========== 开始执行定时任务：检查未到店订单 ==========
2026-01-21 16:10:00.056 [scheduling-1] INFO  - 找到 0 条待核销的订单
2026-01-21 16:10:00.056 [scheduling-1] INFO  - ========== 定时任务完成 ==========
2026-01-21 16:10:00.056 [scheduling-1] INFO  - 总订单数: 0
2026-01-21 16:10:00.056 [scheduling-1] INFO  - 更新数量: 0
2026-01-21 16:10:00.056 [scheduling-1] INFO  - 跳过数量: 0
2026-01-21 16:10:00.056 [scheduling-1] INFO  - 错误数量: 0
2026-01-21 16:10:00.056 [scheduling-1] INFO  - 执行耗时: 41 毫秒
2026-01-21 16:10:00.056 [scheduling-1] INFO  - =====================================
2026-01-21 16:15:00.018 [scheduling-1] INFO  - ========== 开始执行定时任务：检查未到店订单 ==========
2026-01-21 16:15:00.036 [scheduling-1] INFO  - 找到 0 条待核销的订单
2026-01-21 16:15:00.037 [scheduling-1] INFO  - ========== 定时任务完成 ==========
2026-01-21 16:15:00.037 [scheduling-1] INFO  - 总订单数: 0
2026-01-21 16:15:00.037 [scheduling-1] INFO  - 更新数量: 0
2026-01-21 16:15:00.037 [scheduling-1] INFO  - 跳过数量: 0
2026-01-21 16:15:00.037 [scheduling-1] INFO  - 错误数量: 0
2026-01-21 16:15:00.037 [scheduling-1] INFO  - 执行耗时: 17 毫秒
2026-01-21 16:15:00.037 [scheduling-1] INFO  - =====================================
2026-01-21 16:20:00.014 [scheduling-1] INFO  - ========== 开始执行定时任务：检查未到店订单 ==========
2026-01-21 16:20:00.045 [scheduling-1] INFO  - 找到 0 条待核销的订单
2026-01-21 16:20:00.045 [scheduling-1] INFO  - ========== 定时任务完成 ==========
2026-01-21 16:20:00.045 [scheduling-1] INFO  - 总订单数: 0
2026-01-21 16:20:00.045 [scheduling-1] INFO  - 更新数量: 0
2026-01-21 16:20:00.045 [scheduling-1] INFO  - 跳过数量: 0
2026-01-21 16:20:00.045 [scheduling-1] INFO  - 错误数量: 0
2026-01-21 16:20:00.045 [scheduling-1] INFO  - 执行耗时: 29 毫秒
2026-01-21 16:20:00.045 [scheduling-1] INFO  - =====================================
2026-01-21 16:25:00.014 [scheduling-1] INFO  - ========== 开始执行定时任务：检查未到店订单 ==========
2026-01-21 16:25:00.057 [scheduling-1] INFO  - 找到 0 条待核销的订单
2026-01-21 16:25:00.058 [scheduling-1] INFO  - ========== 定时任务完成 ==========
2026-01-21 16:25:00.058 [scheduling-1] INFO  - 总订单数: 0
2026-01-21 16:25:00.058 [scheduling-1] INFO  - 更新数量: 0
2026-01-21 16:25:00.058 [scheduling-1] INFO  - 跳过数量: 0
2026-01-21 16:25:00.058 [scheduling-1] INFO  - 错误数量: 0
2026-01-21 16:25:00.058 [scheduling-1] INFO  - 执行耗时: 41 毫秒
2026-01-21 16:25:00.058 [scheduling-1] INFO  - =====================================
2026-01-21 16:30:00.014 [scheduling-1] INFO  - ========== 开始执行定时任务：检查未到店订单 ==========
2026-01-21 16:30:00.058 [scheduling-1] INFO  - 找到 0 条待核销的订单
2026-01-21 16:30:00.058 [scheduling-1] INFO  - ========== 定时任务完成 ==========
2026-01-21 16:30:00.058 [scheduling-1] INFO  - 总订单数: 0
2026-01-21 16:30:00.058 [scheduling-1] INFO  - 更新数量: 0
2026-01-21 16:30:00.059 [scheduling-1] INFO  - 跳过数量: 0
2026-01-21 16:30:00.059 [scheduling-1] INFO  - 错误数量: 0
2026-01-21 16:30:00.059 [scheduling-1] INFO  - 执行耗时: 42 毫秒
2026-01-21 16:30:00.059 [scheduling-1] INFO  - =====================================
2026-01-21 16:35:00.021 [scheduling-1] INFO  - ========== 开始执行定时任务：检查未到店订单 ==========
2026-01-21 16:35:00.148 [scheduling-1] INFO  - 找到 0 条待核销的订单
2026-01-21 16:35:00.148 [scheduling-1] INFO  - ========== 定时任务完成 ==========
2026-01-21 16:35:00.148 [scheduling-1] INFO  - 总订单数: 0
2026-01-21 16:35:00.148 [scheduling-1] INFO  - 更新数量: 0
2026-01-21 16:35:00.155 [scheduling-1] INFO  - 跳过数量: 0
2026-01-21 16:35:00.155 [scheduling-1] INFO  - 错误数量: 0
2026-01-21 16:35:00.155 [scheduling-1] INFO  - 执行耗时: 126 毫秒
2026-01-21 16:35:00.155 [scheduling-1] INFO  - =====================================
2026-01-21 16:40:00.015 [scheduling-1] INFO  - ========== 开始执行定时任务：检查未到店订单 ==========
2026-01-21 16:40:00.036 [scheduling-1] INFO  - 找到 0 条待核销的订单
2026-01-21 16:40:00.036 [scheduling-1] INFO  - ========== 定时任务完成 ==========
2026-01-21 16:40:00.036 [scheduling-1] INFO  - 总订单数: 0
2026-01-21 16:40:00.036 [scheduling-1] INFO  - 更新数量: 0
2026-01-21 16:40:00.036 [scheduling-1] INFO  - 跳过数量: 0
2026-01-21 16:40:00.036 [scheduling-1] INFO  - 错误数量: 0
2026-01-21 16:40:00.036 [scheduling-1] INFO  - 执行耗时: 18 毫秒
2026-01-21 16:40:00.036 [scheduling-1] INFO  - =====================================
2026-01-21 16:45:00.011 [scheduling-1] INFO  - ========== 开始执行定时任务：检查未到店订单 ==========
2026-01-21 16:45:00.027 [scheduling-1] INFO  - 找到 0 条待核销的订单
2026-01-21 16:45:00.028 [scheduling-1] INFO  - ========== 定时任务完成 ==========
2026-01-21 16:45:00.028 [scheduling-1] INFO  - 总订单数: 0
2026-01-21 16:45:00.028 [scheduling-1] INFO  - 更新数量: 0
2026-01-21 16:45:00.028 [scheduling-1] INFO  - 跳过数量: 0
2026-01-21 16:45:00.028 [scheduling-1] INFO  - 错误数量: 0
2026-01-21 16:45:00.028 [scheduling-1] INFO  - 执行耗时: 16 毫秒
2026-01-21 16:45:00.028 [scheduling-1] INFO  - =====================================
2026-01-21 16:50:00.024 [scheduling-1] INFO  - ========== 开始执行定时任务：检查未到店订单 ==========
2026-01-21 16:50:00.037 [scheduling-1] INFO  - 找到 0 条待核销的订单
2026-01-21 16:50:00.037 [scheduling-1] INFO  - ========== 定时任务完成 ==========
2026-01-21 16:50:00.037 [scheduling-1] INFO  - 总订单数: 0
2026-01-21 16:50:00.037 [scheduling-1] INFO  - 更新数量: 0
2026-01-21 16:50:00.037 [scheduling-1] INFO  - 跳过数量: 0
2026-01-21 16:50:00.037 [scheduling-1] INFO  - 错误数量: 0
2026-01-21 16:50:00.037 [scheduling-1] INFO  - 执行耗时: 12 毫秒
2026-01-21 16:50:00.038 [scheduling-1] INFO  - =====================================
2026-01-21 16:54:59.909 [scheduling-1] INFO  - ========== 开始执行定时任务：检查未到店订单 ==========
2026-01-21 16:54:59.948 [scheduling-1] INFO  - 找到 0 条待核销的订单
2026-01-21 16:54:59.948 [scheduling-1] INFO  - ========== 定时任务完成 ==========
2026-01-21 16:54:59.948 [scheduling-1] INFO  - 总订单数: 0
2026-01-21 16:54:59.948 [scheduling-1] INFO  - 更新数量: 0
2026-01-21 16:54:59.948 [scheduling-1] INFO  - 跳过数量: 0
2026-01-21 16:54:59.948 [scheduling-1] INFO  - 错误数量: 0
2026-01-21 16:54:59.948 [scheduling-1] INFO  - 执行耗时: 38 毫秒
2026-01-21 16:54:59.948 [scheduling-1] INFO  - =====================================
2026-01-21 17:00:00.004 [scheduling-1] INFO  - ========== 开始执行定时任务：检查未到店订单 ==========
2026-01-21 17:00:00.022 [scheduling-1] INFO  - 找到 0 条待核销的订单
2026-01-21 17:00:00.023 [scheduling-1] INFO  - ========== 定时任务完成 ==========
2026-01-21 17:00:00.023 [scheduling-1] INFO  - 总订单数: 0
2026-01-21 17:00:00.023 [scheduling-1] INFO  - 更新数量: 0
2026-01-21 17:00:00.023 [scheduling-1] INFO  - 跳过数量: 0
2026-01-21 17:00:00.023 [scheduling-1] INFO  - 错误数量: 0
2026-01-21 17:00:00.023 [scheduling-1] INFO  - 执行耗时: 15 毫秒
2026-01-21 17:00:00.023 [scheduling-1] INFO  - =====================================
2026-01-21 17:05:00.007 [scheduling-1] INFO  - ========== 开始执行定时任务：检查未到店订单 ==========
2026-01-21 17:05:00.036 [scheduling-1] INFO  - 找到 0 条待核销的订单
2026-01-21 17:05:00.037 [scheduling-1] INFO  - ========== 定时任务完成 ==========
2026-01-21 17:05:00.037 [scheduling-1] INFO  - 总订单数: 0
2026-01-21 17:05:00.037 [scheduling-1] INFO  - 更新数量: 0
2026-01-21 17:05:00.037 [scheduling-1] INFO  - 跳过数量: 0
2026-01-21 17:05:00.037 [scheduling-1] INFO  - 错误数量: 0
2026-01-21 17:05:00.037 [scheduling-1] INFO  - 执行耗时: 29 毫秒
2026-01-21 17:05:00.037 [scheduling-1] INFO  - =====================================
2026-01-21 17:10:00.042 [scheduling-1] INFO  - ========== 开始执行定时任务：检查未到店订单 ==========
2026-01-21 17:10:00.075 [scheduling-1] INFO  - 找到 0 条待核销的订单
2026-01-21 17:10:00.075 [scheduling-1] INFO  - ========== 定时任务完成 ==========
2026-01-21 17:10:00.075 [scheduling-1] INFO  - 总订单数: 0
2026-01-21 17:10:00.075 [scheduling-1] INFO  - 更新数量: 0
2026-01-21 17:10:00.075 [scheduling-1] INFO  - 跳过数量: 0
2026-01-21 17:10:00.075 [scheduling-1] INFO  - 错误数量: 0
2026-01-21 17:10:00.075 [scheduling-1] INFO  - 执行耗时: 31 毫秒
2026-01-21 17:10:00.076 [scheduling-1] INFO  - =====================================
2026-01-21 17:15:00.007 [scheduling-1] INFO  - ========== 开始执行定时任务：检查未到店订单 ==========
2026-01-21 17:15:00.055 [scheduling-1] INFO  - 找到 0 条待核销的订单
2026-01-21 17:15:00.055 [scheduling-1] INFO  - ========== 定时任务完成 ==========
2026-01-21 17:15:00.055 [scheduling-1] INFO  - 总订单数: 0
2026-01-21 17:15:00.055 [scheduling-1] INFO  - 更新数量: 0
2026-01-21 17:15:00.055 [scheduling-1] INFO  - 跳过数量: 0
2026-01-21 17:15:00.055 [scheduling-1] INFO  - 错误数量: 0
2026-01-21 17:15:00.055 [scheduling-1] INFO  - 执行耗时: 46 毫秒
2026-01-21 17:15:00.056 [scheduling-1] INFO  - =====================================
2026-01-21 17:20:00.009 [scheduling-1] INFO  - ========== 开始执行定时任务：检查未到店订单 ==========
2026-01-21 17:20:00.044 [scheduling-1] INFO  - 找到 0 条待核销的订单
2026-01-21 17:20:00.044 [scheduling-1] INFO  - ========== 定时任务完成 ==========
2026-01-21 17:20:00.044 [scheduling-1] INFO  - 总订单数: 0
2026-01-21 17:20:00.044 [scheduling-1] INFO  - 更新数量: 0
2026-01-21 17:20:00.044 [scheduling-1] INFO  - 跳过数量: 0
2026-01-21 17:20:00.044 [scheduling-1] INFO  - 错误数量: 0
2026-01-21 17:20:00.044 [scheduling-1] INFO  - 执行耗时: 33 毫秒
2026-01-21 17:20:00.044 [scheduling-1] INFO  - =====================================
2026-01-21 17:25:00.018 [scheduling-1] INFO  - ========== 开始执行定时任务：检查未到店订单 ==========
2026-01-21 17:25:00.094 [scheduling-1] INFO  - 找到 0 条待核销的订单
2026-01-21 17:25:00.095 [scheduling-1] INFO  - ========== 定时任务完成 ==========
2026-01-21 17:25:00.095 [scheduling-1] INFO  - 总订单数: 0
2026-01-21 17:25:00.095 [scheduling-1] INFO  - 更新数量: 0
2026-01-21 17:25:00.095 [scheduling-1] INFO  - 跳过数量: 0
2026-01-21 17:25:00.095 [scheduling-1] INFO  - 错误数量: 0
2026-01-21 17:25:00.095 [scheduling-1] INFO  - 执行耗时: 73 毫秒
2026-01-21 17:25:00.095 [scheduling-1] INFO  - =====================================
2026-01-21 17:30:00.016 [scheduling-1] INFO  - ========== 开始执行定时任务：检查未到店订单 ==========
2026-01-21 17:30:00.092 [scheduling-1] INFO  - 找到 0 条待核销的订单
2026-01-21 17:30:00.092 [scheduling-1] INFO  - ========== 定时任务完成 ==========
2026-01-21 17:30:00.092 [scheduling-1] INFO  - 总订单数: 0
2026-01-21 17:30:00.092 [scheduling-1] INFO  - 更新数量: 0
2026-01-21 17:30:00.092 [scheduling-1] INFO  - 跳过数量: 0
2026-01-21 17:30:00.092 [scheduling-1] INFO  - 错误数量: 0
2026-01-21 17:30:00.092 [scheduling-1] INFO  - 执行耗时: 73 毫秒
2026-01-21 17:30:00.092 [scheduling-1] INFO  - =====================================
2026-01-21 17:35:00.005 [scheduling-1] INFO  - ========== 开始执行定时任务：检查未到店订单 ==========
2026-01-21 17:35:00.033 [scheduling-1] INFO  - 找到 0 条待核销的订单
2026-01-21 17:35:00.033 [scheduling-1] INFO  - ========== 定时任务完成 ==========
2026-01-21 17:35:00.033 [scheduling-1] INFO  - 总订单数: 0
2026-01-21 17:35:00.034 [scheduling-1] INFO  - 更新数量: 0
2026-01-21 17:35:00.034 [scheduling-1] INFO  - 跳过数量: 0
2026-01-21 17:35:00.034 [scheduling-1] INFO  - 错误数量: 0
2026-01-21 17:35:00.034 [scheduling-1] INFO  - 执行耗时: 27 毫秒
2026-01-21 17:35:00.034 [scheduling-1] INFO  - =====================================
2026-01-21 17:39:59.982 [scheduling-1] INFO  - ========== 开始执行定时任务：检查未到店订单 ==========
2026-01-21 17:40:00.020 [scheduling-1] INFO  - 找到 0 条待核销的订单
2026-01-21 17:40:00.021 [scheduling-1] INFO  - ========== 定时任务完成 ==========
2026-01-21 17:40:00.021 [scheduling-1] INFO  - 总订单数: 0
2026-01-21 17:40:00.021 [scheduling-1] INFO  - 更新数量: 0
2026-01-21 17:40:00.021 [scheduling-1] INFO  - 跳过数量: 0
2026-01-21 17:40:00.021 [scheduling-1] INFO  - 错误数量: 0
2026-01-21 17:40:00.021 [scheduling-1] INFO  - 执行耗时: 37 毫秒
2026-01-21 17:40:00.021 [scheduling-1] INFO  - =====================================
2026-01-21 17:45:00.004 [scheduling-1] INFO  - ========== 开始执行定时任务：检查未到店订单 ==========
2026-01-21 17:45:00.035 [scheduling-1] INFO  - 找到 0 条待核销的订单
2026-01-21 17:45:00.035 [scheduling-1] INFO  - ========== 定时任务完成 ==========
2026-01-21 17:45:00.035 [scheduling-1] INFO  - 总订单数: 0
2026-01-21 17:45:00.035 [scheduling-1] INFO  - 更新数量: 0
2026-01-21 17:45:00.035 [scheduling-1] INFO  - 跳过数量: 0
2026-01-21 17:45:00.035 [scheduling-1] INFO  - 错误数量: 0
2026-01-21 17:45:00.035 [scheduling-1] INFO  - 执行耗时: 28 毫秒
2026-01-21 17:45:00.035 [scheduling-1] INFO  - =====================================
2026-01-21 17:50:00.002 [scheduling-1] INFO  - ========== 开始执行定时任务：检查未到店订单 ==========
2026-01-21 17:50:00.043 [scheduling-1] INFO  - 找到 0 条待核销的订单
2026-01-21 17:50:00.043 [scheduling-1] INFO  - ========== 定时任务完成 ==========
2026-01-21 17:50:00.043 [scheduling-1] INFO  - 总订单数: 0
2026-01-21 17:50:00.043 [scheduling-1] INFO  - 更新数量: 0
2026-01-21 17:50:00.043 [scheduling-1] INFO  - 跳过数量: 0
2026-01-21 17:50:00.043 [scheduling-1] INFO  - 错误数量: 0
2026-01-21 17:50:00.043 [scheduling-1] INFO  - 执行耗时: 38 毫秒
2026-01-21 17:50:00.044 [scheduling-1] INFO  - =====================================
2026-01-21 17:55:00.036 [scheduling-1] INFO  - ========== 开始执行定时任务：检查未到店订单 ==========
2026-01-21 17:55:00.056 [scheduling-1] INFO  - 找到 0 条待核销的订单
2026-01-21 17:55:00.056 [scheduling-1] INFO  - ========== 定时任务完成 ==========
2026-01-21 17:55:00.056 [scheduling-1] INFO  - 总订单数: 0
2026-01-21 17:55:00.056 [scheduling-1] INFO  - 更新数量: 0
2026-01-21 17:55:00.056 [scheduling-1] INFO  - 跳过数量: 0
2026-01-21 17:55:00.056 [scheduling-1] INFO  - 错误数量: 0
2026-01-21 17:55:00.056 [scheduling-1] INFO  - 执行耗时: 19 毫秒
2026-01-21 17:55:00.056 [scheduling-1] INFO  - =====================================
2026-01-21 18:00:00.030 [scheduling-1] INFO  - ========== 开始执行定时任务：检查未到店订单 ==========
2026-01-21 18:00:00.069 [scheduling-1] INFO  - 找到 0 条待核销的订单
2026-01-21 18:00:00.069 [scheduling-1] INFO  - ========== 定时任务完成 ==========
2026-01-21 18:00:00.069 [scheduling-1] INFO  - 总订单数: 0
2026-01-21 18:00:00.069 [scheduling-1] INFO  - 更新数量: 0
2026-01-21 18:00:00.069 [scheduling-1] INFO  - 跳过数量: 0
2026-01-21 18:00:00.069 [scheduling-1] INFO  - 错误数量: 0
2026-01-21 18:00:00.069 [scheduling-1] INFO  - 执行耗时: 37 毫秒
2026-01-21 18:00:00.069 [scheduling-1] INFO  - =====================================
2026-01-21 18:05:00.012 [scheduling-1] INFO  - ========== 开始执行定时任务：检查未到店订单 ==========
2026-01-21 18:05:00.039 [scheduling-1] INFO  - 找到 0 条待核销的订单
2026-01-21 18:05:00.039 [scheduling-1] INFO  - ========== 定时任务完成 ==========
2026-01-21 18:05:00.039 [scheduling-1] INFO  - 总订单数: 0
2026-01-21 18:05:00.039 [scheduling-1] INFO  - 更新数量: 0
2026-01-21 18:05:00.039 [scheduling-1] INFO  - 跳过数量: 0
2026-01-21 18:05:00.039 [scheduling-1] INFO  - 错误数量: 0
2026-01-21 18:05:00.039 [scheduling-1] INFO  - 执行耗时: 26 毫秒
2026-01-21 18:05:00.039 [scheduling-1] INFO  - =====================================
2026-01-21 18:10:00.013 [scheduling-1] INFO  - ========== 开始执行定时任务：检查未到店订单 ==========
2026-01-21 18:10:00.049 [scheduling-1] INFO  - 找到 0 条待核销的订单
2026-01-21 18:10:00.050 [scheduling-1] INFO  - ========== 定时任务完成 ==========
2026-01-21 18:10:00.050 [scheduling-1] INFO  - 总订单数: 0
2026-01-21 18:10:00.050 [scheduling-1] INFO  - 更新数量: 0
2026-01-21 18:10:00.050 [scheduling-1] INFO  - 跳过数量: 0
2026-01-21 18:10:00.050 [scheduling-1] INFO  - 错误数量: 0
2026-01-21 18:10:00.050 [scheduling-1] INFO  - 执行耗时: 34 毫秒
2026-01-21 18:10:00.050 [scheduling-1] INFO  - =====================================
2026-01-21 18:15:00.004 [scheduling-1] INFO  - ========== 开始执行定时任务：检查未到店订单 ==========
2026-01-21 18:15:00.034 [scheduling-1] INFO  - 找到 0 条待核销的订单
2026-01-21 18:15:00.035 [scheduling-1] INFO  - ========== 定时任务完成 ==========
2026-01-21 18:15:00.035 [scheduling-1] INFO  - 总订单数: 0
2026-01-21 18:15:00.035 [scheduling-1] INFO  - 更新数量: 0
2026-01-21 18:15:00.035 [scheduling-1] INFO  - 跳过数量: 0
2026-01-21 18:15:00.035 [scheduling-1] INFO  - 错误数量: 0
2026-01-21 18:15:00.035 [scheduling-1] INFO  - 执行耗时: 29 毫秒
2026-01-21 18:15:00.035 [scheduling-1] INFO  - =====================================
2026-01-21 18:19:59.987 [scheduling-1] INFO  - ========== 开始执行定时任务：检查未到店订单 ==========
2026-01-21 18:20:00.073 [scheduling-1] INFO  - 找到 0 条待核销的订单
2026-01-21 18:20:00.073 [scheduling-1] INFO  - ========== 定时任务完成 ==========
2026-01-21 18:20:00.073 [scheduling-1] INFO  - 总订单数: 0
2026-01-21 18:20:00.073 [scheduling-1] INFO  - 更新数量: 0
2026-01-21 18:20:00.073 [scheduling-1] INFO  - 跳过数量: 0
2026-01-21 18:20:00.073 [scheduling-1] INFO  - 错误数量: 0
2026-01-21 18:20:00.073 [scheduling-1] INFO  - 执行耗时: 84 毫秒
2026-01-21 18:20:00.073 [scheduling-1] INFO  - =====================================
2026-01-21 18:25:00.001 [scheduling-1] INFO  - ========== 开始执行定时任务：检查未到店订单 ==========
2026-01-21 18:25:00.036 [scheduling-1] INFO  - 找到 0 条待核销的订单
2026-01-21 18:25:00.036 [scheduling-1] INFO  - ========== 定时任务完成 ==========
2026-01-21 18:25:00.037 [scheduling-1] INFO  - 总订单数: 0
2026-01-21 18:25:00.037 [scheduling-1] INFO  - 更新数量: 0
2026-01-21 18:25:00.037 [scheduling-1] INFO  - 跳过数量: 0
2026-01-21 18:25:00.037 [scheduling-1] INFO  - 错误数量: 0
2026-01-21 18:25:00.037 [scheduling-1] INFO  - 执行耗时: 34 毫秒
2026-01-21 18:25:00.037 [scheduling-1] INFO  - =====================================
2026-01-21 18:30:00.010 [scheduling-1] INFO  - ========== 开始执行定时任务：检查未到店订单 ==========
2026-01-21 18:30:00.090 [scheduling-1] INFO  - 找到 0 条待核销的订单
2026-01-21 18:30:00.090 [scheduling-1] INFO  - ========== 定时任务完成 ==========
2026-01-21 18:30:00.090 [scheduling-1] INFO  - 总订单数: 0
2026-01-21 18:30:00.090 [scheduling-1] INFO  - 更新数量: 0
2026-01-21 18:30:00.090 [scheduling-1] INFO  - 跳过数量: 0
2026-01-21 18:30:00.090 [scheduling-1] INFO  - 错误数量: 0
2026-01-21 18:30:00.090 [scheduling-1] INFO  - 执行耗时: 77 毫秒
2026-01-21 18:30:00.090 [scheduling-1] INFO  - =====================================
2026-01-21 18:35:00.016 [scheduling-1] INFO  - ========== 开始执行定时任务：检查未到店订单 ==========
2026-01-21 18:35:00.067 [scheduling-1] INFO  - 找到 0 条待核销的订单
2026-01-21 18:35:00.067 [scheduling-1] INFO  - ========== 定时任务完成 ==========
2026-01-21 18:35:00.067 [scheduling-1] INFO  - 总订单数: 0
2026-01-21 18:35:00.067 [scheduling-1] INFO  - 更新数量: 0
2026-01-21 18:35:00.067 [scheduling-1] INFO  - 跳过数量: 0
2026-01-21 18:35:00.067 [scheduling-1] INFO  - 错误数量: 0
2026-01-21 18:35:00.067 [scheduling-1] INFO  - 执行耗时: 48 毫秒
2026-01-21 18:35:00.067 [scheduling-1] INFO  - =====================================
2026-01-21 18:40:00.001 [scheduling-1] INFO  - ========== 开始执行定时任务：检查未到店订单 ==========
2026-01-21 18:40:00.048 [scheduling-1] INFO  - 找到 0 条待核销的订单
2026-01-21 18:40:00.049 [scheduling-1] INFO  - ========== 定时任务完成 ==========
2026-01-21 18:40:00.049 [scheduling-1] INFO  - 总订单数: 0
2026-01-21 18:40:00.049 [scheduling-1] INFO  - 更新数量: 0
2026-01-21 18:40:00.049 [scheduling-1] INFO  - 跳过数量: 0
2026-01-21 18:40:00.049 [scheduling-1] INFO  - 错误数量: 0
2026-01-21 18:40:00.049 [scheduling-1] INFO  - 执行耗时: 46 毫秒
2026-01-21 18:40:00.049 [scheduling-1] INFO  - =====================================
2026-01-21 18:45:00.031 [scheduling-1] INFO  - ========== 开始执行定时任务：检查未到店订单 ==========
2026-01-21 18:45:00.220 [scheduling-1] INFO  - 找到 0 条待核销的订单
2026-01-21 18:45:00.220 [scheduling-1] INFO  - ========== 定时任务完成 ==========
2026-01-21 18:45:00.220 [scheduling-1] INFO  - 总订单数: 0
2026-01-21 18:45:00.220 [scheduling-1] INFO  - 更新数量: 0
2026-01-21 18:45:00.220 [scheduling-1] INFO  - 跳过数量: 0
2026-01-21 18:45:00.220 [scheduling-1] INFO  - 错误数量: 0
2026-01-21 18:45:00.220 [scheduling-1] INFO  - 执行耗时: 184 毫秒
2026-01-21 18:45:00.220 [scheduling-1] INFO  - =====================================
2026-01-21 18:50:00.009 [scheduling-1] INFO  - ========== 开始执行定时任务：检查未到店订单 ==========
2026-01-21 18:50:00.078 [scheduling-1] INFO  - 找到 0 条待核销的订单
2026-01-21 18:50:00.078 [scheduling-1] INFO  - ========== 定时任务完成 ==========
2026-01-21 18:50:00.078 [scheduling-1] INFO  - 总订单数: 0
2026-01-21 18:50:00.078 [scheduling-1] INFO  - 更新数量: 0
2026-01-21 18:50:00.078 [scheduling-1] INFO  - 跳过数量: 0
2026-01-21 18:50:00.078 [scheduling-1] INFO  - 错误数量: 0
2026-01-21 18:50:00.078 [scheduling-1] INFO  - 执行耗时: 67 毫秒
2026-01-21 18:50:00.078 [scheduling-1] INFO  - =====================================
2026-01-21 18:55:00.008 [scheduling-1] INFO  - ========== 开始执行定时任务：检查未到店订单 ==========
2026-01-21 18:55:00.025 [scheduling-1] INFO  - 找到 0 条待核销的订单
2026-01-21 18:55:00.025 [scheduling-1] INFO  - ========== 定时任务完成 ==========
2026-01-21 18:55:00.025 [scheduling-1] INFO  - 总订单数: 0
2026-01-21 18:55:00.026 [scheduling-1] INFO  - 更新数量: 0
2026-01-21 18:55:00.026 [scheduling-1] INFO  - 跳过数量: 0
2026-01-21 18:55:00.026 [scheduling-1] INFO  - 错误数量: 0
2026-01-21 18:55:00.026 [scheduling-1] INFO  - 执行耗时: 15 毫秒
2026-01-21 18:55:00.026 [scheduling-1] INFO  - =====================================
2026-01-21 19:00:00.005 [scheduling-1] INFO  - ========== 开始执行定时任务：检查未到店订单 ==========
2026-01-21 19:00:00.043 [scheduling-1] INFO  - 找到 0 条待核销的订单
2026-01-21 19:00:00.043 [scheduling-1] INFO  - ========== 定时任务完成 ==========
2026-01-21 19:00:00.043 [scheduling-1] INFO  - 总订单数: 0
2026-01-21 19:00:00.043 [scheduling-1] INFO  - 更新数量: 0
2026-01-21 19:00:00.043 [scheduling-1] INFO  - 跳过数量: 0
2026-01-21 19:00:00.043 [scheduling-1] INFO  - 错误数量: 0
2026-01-21 19:00:00.043 [scheduling-1] INFO  - 执行耗时: 37 毫秒
2026-01-21 19:00:00.043 [scheduling-1] INFO  - =====================================
2026-01-21 19:05:00.006 [scheduling-1] INFO  - ========== 开始执行定时任务：检查未到店订单 ==========
2026-01-21 19:05:00.034 [scheduling-1] INFO  - 找到 0 条待核销的订单
2026-01-21 19:05:00.034 [scheduling-1] INFO  - ========== 定时任务完成 ==========
2026-01-21 19:05:00.034 [scheduling-1] INFO  - 总订单数: 0
2026-01-21 19:05:00.034 [scheduling-1] INFO  - 更新数量: 0
2026-01-21 19:05:00.034 [scheduling-1] INFO  - 跳过数量: 0
2026-01-21 19:05:00.034 [scheduling-1] INFO  - 错误数量: 0
2026-01-21 19:05:00.034 [scheduling-1] INFO  - 执行耗时: 26 毫秒
2026-01-21 19:05:00.034 [scheduling-1] INFO  - =====================================
2026-01-21 19:10:00.092 [scheduling-1] INFO  - ========== 开始执行定时任务：检查未到店订单 ==========
2026-01-21 19:10:00.108 [scheduling-1] INFO  - 找到 0 条待核销的订单
2026-01-21 19:10:00.108 [scheduling-1] INFO  - ========== 定时任务完成 ==========
2026-01-21 19:10:00.108 [scheduling-1] INFO  - 总订单数: 0
2026-01-21 19:10:00.108 [scheduling-1] INFO  - 更新数量: 0
2026-01-21 19:10:00.108 [scheduling-1] INFO  - 跳过数量: 0
2026-01-21 19:10:00.108 [scheduling-1] INFO  - 错误数量: 0
2026-01-21 19:10:00.108 [scheduling-1] INFO  - 执行耗时: 15 毫秒
2026-01-21 19:10:00.108 [scheduling-1] INFO  - =====================================
2026-01-21 19:15:00.020 [scheduling-1] INFO  - ========== 开始执行定时任务：检查未到店订单 ==========
2026-01-21 19:15:00.058 [scheduling-1] INFO  - 找到 0 条待核销的订单
2026-01-21 19:15:00.059 [scheduling-1] INFO  - ========== 定时任务完成 ==========
2026-01-21 19:15:00.059 [scheduling-1] INFO  - 总订单数: 0
2026-01-21 19:15:00.059 [scheduling-1] INFO  - 更新数量: 0
2026-01-21 19:15:00.059 [scheduling-1] INFO  - 跳过数量: 0
2026-01-21 19:15:00.059 [scheduling-1] INFO  - 错误数量: 0
2026-01-21 19:15:00.059 [scheduling-1] INFO  - 执行耗时: 33 毫秒
2026-01-21 19:15:00.059 [scheduling-1] INFO  - =====================================
2026-01-21 19:20:00.012 [scheduling-1] INFO  - ========== 开始执行定时任务：检查未到店订单 ==========
2026-01-21 19:20:00.029 [scheduling-1] INFO  - 找到 0 条待核销的订单
2026-01-21 19:20:00.029 [scheduling-1] INFO  - ========== 定时任务完成 ==========
2026-01-21 19:20:00.029 [scheduling-1] INFO  - 总订单数: 0
2026-01-21 19:20:00.029 [scheduling-1] INFO  - 更新数量: 0
2026-01-21 19:20:00.029 [scheduling-1] INFO  - 跳过数量: 0
2026-01-21 19:20:00.029 [scheduling-1] INFO  - 错误数量: 0
2026-01-21 19:20:00.029 [scheduling-1] INFO  - 执行耗时: 16 毫秒
2026-01-21 19:20:00.029 [scheduling-1] INFO  - =====================================
2026-01-21 19:25:00.015 [scheduling-1] INFO  - ========== 开始执行定时任务：检查未到店订单 ==========
2026-01-21 19:25:00.049 [scheduling-1] INFO  - 找到 0 条待核销的订单
2026-01-21 19:25:00.049 [scheduling-1] INFO  - ========== 定时任务完成 ==========
2026-01-21 19:25:00.049 [scheduling-1] INFO  - 总订单数: 0
2026-01-21 19:25:00.049 [scheduling-1] INFO  - 更新数量: 0
2026-01-21 19:25:00.049 [scheduling-1] INFO  - 跳过数量: 0
2026-01-21 19:25:00.049 [scheduling-1] INFO  - 错误数量: 0
2026-01-21 19:25:00.049 [scheduling-1] INFO  - 执行耗时: 32 毫秒
2026-01-21 19:25:00.049 [scheduling-1] INFO  - =====================================
2026-01-21 19:30:00.039 [scheduling-1] INFO  - ========== 开始执行定时任务：检查未到店订单 ==========
2026-01-21 19:30:00.070 [scheduling-1] INFO  - 找到 0 条待核销的订单
2026-01-21 19:30:00.071 [scheduling-1] INFO  - ========== 定时任务完成 ==========
2026-01-21 19:30:00.071 [scheduling-1] INFO  - 总订单数: 0
2026-01-21 19:30:00.071 [scheduling-1] INFO  - 更新数量: 0
2026-01-21 19:30:00.071 [scheduling-1] INFO  - 跳过数量: 0
2026-01-21 19:30:00.071 [scheduling-1] INFO  - 错误数量: 0
2026-01-21 19:30:00.071 [scheduling-1] INFO  - 执行耗时: 28 毫秒
2026-01-21 19:30:00.071 [scheduling-1] INFO  - =====================================
2026-01-21 19:35:00.016 [scheduling-1] INFO  - ========== 开始执行定时任务：检查未到店订单 ==========
2026-01-21 19:35:00.040 [scheduling-1] INFO  - 找到 0 条待核销的订单
2026-01-21 19:35:00.040 [scheduling-1] INFO  - ========== 定时任务完成 ==========
2026-01-21 19:35:00.040 [scheduling-1] INFO  - 总订单数: 0
2026-01-21 19:35:00.040 [scheduling-1] INFO  - 更新数量: 0
2026-01-21 19:35:00.040 [scheduling-1] INFO  - 跳过数量: 0
2026-01-21 19:35:00.040 [scheduling-1] INFO  - 错误数量: 0
2026-01-21 19:35:00.040 [scheduling-1] INFO  - 执行耗时: 22 毫秒
2026-01-21 19:35:00.040 [scheduling-1] INFO  - =====================================
2026-01-21 19:40:00.015 [scheduling-1] INFO  - ========== 开始执行定时任务：检查未到店订单 ==========
2026-01-21 19:40:00.045 [scheduling-1] INFO  - 找到 0 条待核销的订单
2026-01-21 19:40:00.045 [scheduling-1] INFO  - ========== 定时任务完成 ==========
2026-01-21 19:40:00.045 [scheduling-1] INFO  - 总订单数: 0
2026-01-21 19:40:00.045 [scheduling-1] INFO  - 更新数量: 0
2026-01-21 19:40:00.045 [scheduling-1] INFO  - 跳过数量: 0
2026-01-21 19:40:00.045 [scheduling-1] INFO  - 错误数量: 0
2026-01-21 19:40:00.045 [scheduling-1] INFO  - 执行耗时: 27 毫秒
2026-01-21 19:40:00.045 [scheduling-1] INFO  - =====================================
2026-01-21 19:44:59.978 [scheduling-1] INFO  - ========== 开始执行定时任务：检查未到店订单 ==========
2026-01-21 19:45:00.019 [scheduling-1] INFO  - 找到 0 条待核销的订单
2026-01-21 19:45:00.019 [scheduling-1] INFO  - ========== 定时任务完成 ==========
2026-01-21 19:45:00.020 [scheduling-1] INFO  - 总订单数: 0
2026-01-21 19:45:00.020 [scheduling-1] INFO  - 更新数量: 0
2026-01-21 19:45:00.020 [scheduling-1] INFO  - 跳过数量: 0
2026-01-21 19:45:00.020 [scheduling-1] INFO  - 错误数量: 0
2026-01-21 19:45:00.020 [scheduling-1] INFO  - 执行耗时: 40 毫秒
2026-01-21 19:45:00.020 [scheduling-1] INFO  - =====================================
2026-01-21 19:50:00.006 [scheduling-1] INFO  - ========== 开始执行定时任务：检查未到店订单 ==========
2026-01-21 19:50:00.023 [scheduling-1] INFO  - 找到 0 条待核销的订单
2026-01-21 19:50:00.023 [scheduling-1] INFO  - ========== 定时任务完成 ==========
2026-01-21 19:50:00.023 [scheduling-1] INFO  - 总订单数: 0
2026-01-21 19:50:00.023 [scheduling-1] INFO  - 更新数量: 0
2026-01-21 19:50:00.023 [scheduling-1] INFO  - 跳过数量: 0
2026-01-21 19:50:00.023 [scheduling-1] INFO  - 错误数量: 0
2026-01-21 19:50:00.023 [scheduling-1] INFO  - 执行耗时: 16 毫秒
2026-01-21 19:50:00.023 [scheduling-1] INFO  - =====================================
2026-01-21 19:55:00.006 [scheduling-1] INFO  - ========== 开始执行定时任务：检查未到店订单 ==========
2026-01-21 19:55:00.027 [scheduling-1] INFO  - 找到 0 条待核销的订单
2026-01-21 19:55:00.027 [scheduling-1] INFO  - ========== 定时任务完成 ==========
2026-01-21 19:55:00.027 [scheduling-1] INFO  - 总订单数: 0
2026-01-21 19:55:00.027 [scheduling-1] INFO  - 更新数量: 0
2026-01-21 19:55:00.027 [scheduling-1] INFO  - 跳过数量: 0
2026-01-21 19:55:00.027 [scheduling-1] INFO  - 错误数量: 0
2026-01-21 19:55:00.027 [scheduling-1] INFO  - 执行耗时: 21 毫秒
2026-01-21 19:55:00.027 [scheduling-1] INFO  - =====================================
2026-01-21 20:00:00.008 [scheduling-1] INFO  - ========== 开始执行定时任务：检查未到店订单 ==========
2026-01-21 20:00:00.067 [scheduling-1] INFO  - 找到 0 条待核销的订单
2026-01-21 20:00:00.067 [scheduling-1] INFO  - ========== 定时任务完成 ==========
2026-01-21 20:00:00.067 [scheduling-1] INFO  - 总订单数: 0
2026-01-21 20:00:00.067 [scheduling-1] INFO  - 更新数量: 0
2026-01-21 20:00:00.067 [scheduling-1] INFO  - 跳过数量: 0
2026-01-21 20:00:00.067 [scheduling-1] INFO  - 错误数量: 0
2026-01-21 20:00:00.067 [scheduling-1] INFO  - 执行耗时: 56 毫秒
2026-01-21 20:00:00.067 [scheduling-1] INFO  - =====================================
2026-01-21 20:05:00.002 [scheduling-1] INFO  - ========== 开始执行定时任务：检查未到店订单 ==========
2026-01-21 20:05:00.008 [scheduling-1] INFO  - 找到 0 条待核销的订单
2026-01-21 20:05:00.008 [scheduling-1] INFO  - ========== 定时任务完成 ==========
2026-01-21 20:05:00.008 [scheduling-1] INFO  - 总订单数: 0
2026-01-21 20:05:00.008 [scheduling-1] INFO  - 更新数量: 0
2026-01-21 20:05:00.008 [scheduling-1] INFO  - 跳过数量: 0
2026-01-21 20:05:00.008 [scheduling-1] INFO  - 错误数量: 0
2026-01-21 20:05:00.008 [scheduling-1] INFO  - 执行耗时: 5 毫秒
2026-01-21 20:05:00.008 [scheduling-1] INFO  - =====================================
2026-01-21 20:10:00.212 [scheduling-1] INFO  - ========== 开始执行定时任务：检查未到店订单 ==========
2026-01-21 20:10:01.085 [scheduling-1] INFO  - 找到 0 条待核销的订单
2026-01-21 20:10:01.096 [scheduling-1] INFO  - ========== 定时任务完成 ==========
2026-01-21 20:10:01.096 [scheduling-1] INFO  - 总订单数: 0
2026-01-21 20:10:01.096 [scheduling-1] INFO  - 更新数量: 0
2026-01-21 20:10:01.096 [scheduling-1] INFO  - 跳过数量: 0
2026-01-21 20:10:01.096 [scheduling-1] INFO  - 错误数量: 0
2026-01-21 20:10:01.096 [scheduling-1] INFO  - 执行耗时: 799 毫秒
2026-01-21 20:10:01.097 [scheduling-1] INFO  - =====================================
2026-01-21 20:15:00.026 [scheduling-1] INFO  - ========== 开始执行定时任务：检查未到店订单 ==========
2026-01-21 20:15:00.089 [scheduling-1] INFO  - 找到 0 条待核销的订单
2026-01-21 20:15:00.089 [scheduling-1] INFO  - ========== 定时任务完成 ==========
2026-01-21 20:15:00.089 [scheduling-1] INFO  - 总订单数: 0
2026-01-21 20:15:00.089 [scheduling-1] INFO  - 更新数量: 0
2026-01-21 20:15:00.089 [scheduling-1] INFO  - 跳过数量: 0
2026-01-21 20:15:00.089 [scheduling-1] INFO  - 错误数量: 0
2026-01-21 20:15:00.089 [scheduling-1] INFO  - 执行耗时: 58 毫秒
2026-01-21 20:15:00.089 [scheduling-1] INFO  - =====================================
2026-01-21 20:20:00.068 [scheduling-1] INFO  - ========== 开始执行定时任务：检查未到店订单 ==========
2026-01-21 20:20:00.138 [scheduling-1] INFO  - 找到 0 条待核销的订单
2026-01-21 20:20:00.138 [scheduling-1] INFO  - ========== 定时任务完成 ==========
2026-01-21 20:20:00.138 [scheduling-1] INFO  - 总订单数: 0
2026-01-21 20:20:00.138 [scheduling-1] INFO  - 更新数量: 0
2026-01-21 20:20:00.138 [scheduling-1] INFO  - 跳过数量: 0
2026-01-21 20:20:00.138 [scheduling-1] INFO  - 错误数量: 0
2026-01-21 20:20:00.138 [scheduling-1] INFO  - 执行耗时: 65 毫秒
2026-01-21 20:20:00.139 [scheduling-1] INFO  - =====================================
2026-01-21 20:25:00.015 [scheduling-1] INFO  - ========== 开始执行定时任务：检查未到店订单 ==========
2026-01-21 20:25:00.053 [scheduling-1] INFO  - 找到 0 条待核销的订单
2026-01-21 20:25:00.054 [scheduling-1] INFO  - ========== 定时任务完成 ==========
2026-01-21 20:25:00.054 [scheduling-1] INFO  - 总订单数: 0
2026-01-21 20:25:00.054 [scheduling-1] INFO  - 更新数量: 0
2026-01-21 20:25:00.054 [scheduling-1] INFO  - 跳过数量: 0
2026-01-21 20:25:00.054 [scheduling-1] INFO  - 错误数量: 0
2026-01-21 20:25:00.054 [scheduling-1] INFO  - 执行耗时: 37 毫秒
2026-01-21 20:25:00.054 [scheduling-1] INFO  - =====================================
2026-01-21 20:30:00.055 [scheduling-1] INFO  - ========== 开始执行定时任务：检查未到店订单 ==========
2026-01-21 20:30:00.090 [scheduling-1] INFO  - 找到 0 条待核销的订单
2026-01-21 20:30:00.090 [scheduling-1] INFO  - ========== 定时任务完成 ==========
2026-01-21 20:30:00.090 [scheduling-1] INFO  - 总订单数: 0
2026-01-21 20:30:00.090 [scheduling-1] INFO  - 更新数量: 0
2026-01-21 20:30:00.090 [scheduling-1] INFO  - 跳过数量: 0
2026-01-21 20:30:00.090 [scheduling-1] INFO  - 错误数量: 0
2026-01-21 20:30:00.090 [scheduling-1] INFO  - 执行耗时: 32 毫秒
2026-01-21 20:30:00.090 [scheduling-1] INFO  - =====================================
2026-01-21 20:35:00.008 [scheduling-1] INFO  - ========== 开始执行定时任务：检查未到店订单 ==========
2026-01-21 20:35:00.050 [scheduling-1] INFO  - 找到 0 条待核销的订单
2026-01-21 20:35:00.051 [scheduling-1] INFO  - ========== 定时任务完成 ==========
2026-01-21 20:35:00.051 [scheduling-1] INFO  - 总订单数: 0
2026-01-21 20:35:00.051 [scheduling-1] INFO  - 更新数量: 0
2026-01-21 20:35:00.051 [scheduling-1] INFO  - 跳过数量: 0
2026-01-21 20:35:00.051 [scheduling-1] INFO  - 错误数量: 0
2026-01-21 20:35:00.051 [scheduling-1] INFO  - 执行耗时: 38 毫秒
2026-01-21 20:35:00.051 [scheduling-1] INFO  - =====================================
2026-01-21 20:40:00.014 [scheduling-1] INFO  - ========== 开始执行定时任务：检查未到店订单 ==========
2026-01-21 20:40:00.054 [scheduling-1] INFO  - 找到 0 条待核销的订单
2026-01-21 20:40:00.054 [scheduling-1] INFO  - ========== 定时任务完成 ==========
2026-01-21 20:40:00.054 [scheduling-1] INFO  - 总订单数: 0
2026-01-21 20:40:00.054 [scheduling-1] INFO  - 更新数量: 0
2026-01-21 20:40:00.054 [scheduling-1] INFO  - 跳过数量: 0
2026-01-21 20:40:00.054 [scheduling-1] INFO  - 错误数量: 0
2026-01-21 20:40:00.054 [scheduling-1] INFO  - 执行耗时: 37 毫秒
2026-01-21 20:40:00.054 [scheduling-1] INFO  - =====================================
2026-01-21 20:45:00.032 [scheduling-1] INFO  - ========== 开始执行定时任务：检查未到店订单 ==========
2026-01-21 20:45:00.894 [scheduling-1] INFO  - 找到 0 条待核销的订单
2026-01-21 20:45:00.897 [scheduling-1] INFO  - ========== 定时任务完成 ==========
2026-01-21 20:45:00.897 [scheduling-1] INFO  - 总订单数: 0
2026-01-21 20:45:00.897 [scheduling-1] INFO  - 更新数量: 0
2026-01-21 20:45:00.897 [scheduling-1] INFO  - 跳过数量: 0
2026-01-21 20:45:00.897 [scheduling-1] INFO  - 错误数量: 0
2026-01-21 20:45:00.897 [scheduling-1] INFO  - 执行耗时: 179 毫秒
2026-01-21 20:45:00.897 [scheduling-1] INFO  - =====================================
2026-01-21 20:50:00.016 [scheduling-1] INFO  - ========== 开始执行定时任务：检查未到店订单 ==========
2026-01-21 20:50:00.045 [scheduling-1] INFO  - 找到 0 条待核销的订单
2026-01-21 20:50:00.045 [scheduling-1] INFO  - ========== 定时任务完成 ==========
2026-01-21 20:50:00.045 [scheduling-1] INFO  - 总订单数: 0
2026-01-21 20:50:00.045 [scheduling-1] INFO  - 更新数量: 0
2026-01-21 20:50:00.045 [scheduling-1] INFO  - 跳过数量: 0
2026-01-21 20:50:00.045 [scheduling-1] INFO  - 错误数量: 0
2026-01-21 20:50:00.046 [scheduling-1] INFO  - 执行耗时: 24 毫秒
2026-01-21 20:50:00.046 [scheduling-1] INFO  - =====================================
2026-01-21 20:55:00.011 [scheduling-1] INFO  - ========== 开始执行定时任务：检查未到店订单 ==========
2026-01-21 20:55:00.040 [scheduling-1] INFO  - 找到 0 条待核销的订单
2026-01-21 20:55:00.040 [scheduling-1] INFO  - ========== 定时任务完成 ==========
2026-01-21 20:55:00.040 [scheduling-1] INFO  - 总订单数: 0
2026-01-21 20:55:00.040 [scheduling-1] INFO  - 更新数量: 0
2026-01-21 20:55:00.040 [scheduling-1] INFO  - 跳过数量: 0
2026-01-21 20:55:00.040 [scheduling-1] INFO  - 错误数量: 0
2026-01-21 20:55:00.040 [scheduling-1] INFO  - 执行耗时: 27 毫秒
2026-01-21 20:55:00.040 [scheduling-1] INFO  - =====================================
2026-01-21 20:59:59.953 [scheduling-1] INFO  - ========== 开始执行定时任务：检查未到店订单 ==========
2026-01-21 20:59:59.968 [scheduling-1] INFO  - 找到 0 条待核销的订单
2026-01-21 20:59:59.969 [scheduling-1] INFO  - ========== 定时任务完成 ==========
2026-01-21 20:59:59.969 [scheduling-1] INFO  - 总订单数: 0
2026-01-21 20:59:59.969 [scheduling-1] INFO  - 更新数量: 0
2026-01-21 20:59:59.969 [scheduling-1] INFO  - 跳过数量: 0
2026-01-21 20:59:59.969 [scheduling-1] INFO  - 错误数量: 0
2026-01-21 20:59:59.969 [scheduling-1] INFO  - 执行耗时: 15 毫秒
2026-01-21 20:59:59.969 [scheduling-1] INFO  - =====================================
2026-01-21 21:05:00.009 [scheduling-1] INFO  - ========== 开始执行定时任务：检查未到店订单 ==========
2026-01-21 21:05:00.062 [scheduling-1] INFO  - 找到 0 条待核销的订单
2026-01-21 21:05:00.062 [scheduling-1] INFO  - ========== 定时任务完成 ==========
2026-01-21 21:05:00.062 [scheduling-1] INFO  - 总订单数: 0
2026-01-21 21:05:00.062 [scheduling-1] INFO  - 更新数量: 0
2026-01-21 21:05:00.062 [scheduling-1] INFO  - 跳过数量: 0
2026-01-21 21:05:00.062 [scheduling-1] INFO  - 错误数量: 0
2026-01-21 21:05:00.063 [scheduling-1] INFO  - 执行耗时: 51 毫秒
2026-01-21 21:05:00.063 [scheduling-1] INFO  - =====================================
2026-01-21 21:10:00.008 [scheduling-1] INFO  - ========== 开始执行定时任务：检查未到店订单 ==========
2026-01-21 21:10:00.039 [scheduling-1] INFO  - 找到 0 条待核销的订单
2026-01-21 21:10:00.039 [scheduling-1] INFO  - ========== 定时任务完成 ==========
2026-01-21 21:10:00.039 [scheduling-1] INFO  - 总订单数: 0
2026-01-21 21:10:00.039 [scheduling-1] INFO  - 更新数量: 0
2026-01-21 21:10:00.039 [scheduling-1] INFO  - 跳过数量: 0
2026-01-21 21:10:00.039 [scheduling-1] INFO  - 错误数量: 0
2026-01-21 21:10:00.039 [scheduling-1] INFO  - 执行耗时: 22 毫秒
2026-01-21 21:10:00.039 [scheduling-1] INFO  - =====================================
2026-01-21 21:15:00.004 [scheduling-1] INFO  - ========== 开始执行定时任务：检查未到店订单 ==========
2026-01-21 21:15:00.054 [scheduling-1] INFO  - 找到 0 条待核销的订单
2026-01-21 21:15:00.054 [scheduling-1] INFO  - ========== 定时任务完成 ==========
2026-01-21 21:15:00.054 [scheduling-1] INFO  - 总订单数: 0
2026-01-21 21:15:00.054 [scheduling-1] INFO  - 更新数量: 0
2026-01-21 21:15:00.054 [scheduling-1] INFO  - 跳过数量: 0
2026-01-21 21:15:00.054 [scheduling-1] INFO  - 错误数量: 0
2026-01-21 21:15:00.054 [scheduling-1] INFO  - 执行耗时: 47 毫秒
2026-01-21 21:15:00.054 [scheduling-1] INFO  - =====================================
2026-01-21 21:19:59.983 [scheduling-1] INFO  - ========== 开始执行定时任务：检查未到店订单 ==========
2026-01-21 21:20:00.009 [scheduling-1] INFO  - 找到 0 条待核销的订单
2026-01-21 21:20:00.011 [scheduling-1] INFO  - ========== 定时任务完成 ==========
2026-01-21 21:20:00.011 [scheduling-1] INFO  - 总订单数: 0
2026-01-21 21:20:00.011 [scheduling-1] INFO  - 更新数量: 0
2026-01-21 21:20:00.011 [scheduling-1] INFO  - 跳过数量: 0
2026-01-21 21:20:00.011 [scheduling-1] INFO  - 错误数量: 0
2026-01-21 21:20:00.011 [scheduling-1] INFO  - 执行耗时: 25 毫秒
2026-01-21 21:20:00.011 [scheduling-1] INFO  - =====================================
2026-01-21 21:25:00.017 [scheduling-1] INFO  - ========== 开始执行定时任务：检查未到店订单 ==========
2026-01-21 21:25:00.042 [scheduling-1] INFO  - 找到 0 条待核销的订单
2026-01-21 21:25:00.043 [scheduling-1] INFO  - ========== 定时任务完成 ==========
2026-01-21 21:25:00.043 [scheduling-1] INFO  - 总订单数: 0
2026-01-21 21:25:00.043 [scheduling-1] INFO  - 更新数量: 0
2026-01-21 21:25:00.043 [scheduling-1] INFO  - 跳过数量: 0
2026-01-21 21:25:00.043 [scheduling-1] INFO  - 错误数量: 0
2026-01-21 21:25:00.043 [scheduling-1] INFO  - 执行耗时: 23 毫秒
2026-01-21 21:25:00.043 [scheduling-1] INFO  - =====================================
2026-01-21 21:30:00.015 [scheduling-1] INFO  - ========== 开始执行定时任务：检查未到店订单 ==========
2026-01-21 21:30:00.054 [scheduling-1] INFO  - 找到 0 条待核销的订单
2026-01-21 21:30:00.054 [scheduling-1] INFO  - ========== 定时任务完成 ==========
2026-01-21 21:30:00.054 [scheduling-1] INFO  - 总订单数: 0
2026-01-21 21:30:00.054 [scheduling-1] INFO  - 更新数量: 0
2026-01-21 21:30:00.054 [scheduling-1] INFO  - 跳过数量: 0
2026-01-21 21:30:00.054 [scheduling-1] INFO  - 错误数量: 0
2026-01-21 21:30:00.054 [scheduling-1] INFO  - 执行耗时: 31 毫秒
2026-01-21 21:30:00.054 [scheduling-1] INFO  - =====================================
2026-01-21 21:35:00.029 [scheduling-1] INFO  - ========== 开始执行定时任务：检查未到店订单 ==========
2026-01-21 21:35:00.063 [scheduling-1] INFO  - 找到 0 条待核销的订单
2026-01-21 21:35:00.063 [scheduling-1] INFO  - ========== 定时任务完成 ==========
2026-01-21 21:35:00.063 [scheduling-1] INFO  - 总订单数: 0
2026-01-21 21:35:00.063 [scheduling-1] INFO  - 更新数量: 0
2026-01-21 21:35:00.063 [scheduling-1] INFO  - 跳过数量: 0
2026-01-21 21:35:00.063 [scheduling-1] INFO  - 错误数量: 0
2026-01-21 21:35:00.063 [scheduling-1] INFO  - 执行耗时: 32 毫秒
2026-01-21 21:35:00.063 [scheduling-1] INFO  - =====================================
2026-01-21 21:40:00.020 [scheduling-1] INFO  - ========== 开始执行定时任务：检查未到店订单 ==========
2026-01-21 21:40:00.049 [scheduling-1] INFO  - 找到 0 条待核销的订单
2026-01-21 21:40:00.049 [scheduling-1] INFO  - ========== 定时任务完成 ==========
2026-01-21 21:40:00.049 [scheduling-1] INFO  - 总订单数: 0
2026-01-21 21:40:00.049 [scheduling-1] INFO  - 更新数量: 0
2026-01-21 21:40:00.049 [scheduling-1] INFO  - 跳过数量: 0
2026-01-21 21:40:00.049 [scheduling-1] INFO  - 错误数量: 0
2026-01-21 21:40:00.049 [scheduling-1] INFO  - 执行耗时: 28 毫秒
2026-01-21 21:40:00.049 [scheduling-1] INFO  - =====================================
2026-01-21 21:45:00.039 [scheduling-1] INFO  - ========== 开始执行定时任务：检查未到店订单 ==========
2026-01-21 21:45:00.058 [scheduling-1] INFO  - 找到 0 条待核销的订单
2026-01-21 21:45:00.058 [scheduling-1] INFO  - ========== 定时任务完成 ==========
2026-01-21 21:45:00.058 [scheduling-1] INFO  - 总订单数: 0
2026-01-21 21:45:00.058 [scheduling-1] INFO  - 更新数量: 0
2026-01-21 21:45:00.058 [scheduling-1] INFO  - 跳过数量: 0
2026-01-21 21:45:00.058 [scheduling-1] INFO  - 错误数量: 0
2026-01-21 21:45:00.058 [scheduling-1] INFO  - 执行耗时: 19 毫秒
2026-01-21 21:45:00.058 [scheduling-1] INFO  - =====================================
2026-01-21 21:50:00.015 [scheduling-1] INFO  - ========== 开始执行定时任务：检查未到店订单 ==========
2026-01-21 21:50:00.033 [scheduling-1] INFO  - 找到 0 条待核销的订单
2026-01-21 21:50:00.033 [scheduling-1] INFO  - ========== 定时任务完成 ==========
2026-01-21 21:50:00.033 [scheduling-1] INFO  - 总订单数: 0
2026-01-21 21:50:00.033 [scheduling-1] INFO  - 更新数量: 0
2026-01-21 21:50:00.033 [scheduling-1] INFO  - 跳过数量: 0
2026-01-21 21:50:00.033 [scheduling-1] INFO  - 错误数量: 0
2026-01-21 21:50:00.033 [scheduling-1] INFO  - 执行耗时: 17 毫秒
2026-01-21 21:50:00.033 [scheduling-1] INFO  - =====================================
2026-01-21 21:55:00.014 [scheduling-1] INFO  - ========== 开始执行定时任务：检查未到店订单 ==========
2026-01-21 21:55:00.069 [scheduling-1] INFO  - 找到 0 条待核销的订单
2026-01-21 21:55:00.069 [scheduling-1] INFO  - ========== 定时任务完成 ==========
2026-01-21 21:55:00.069 [scheduling-1] INFO  - 总订单数: 0
2026-01-21 21:55:00.069 [scheduling-1] INFO  - 更新数量: 0
2026-01-21 21:55:00.069 [scheduling-1] INFO  - 跳过数量: 0
2026-01-21 21:55:00.069 [scheduling-1] INFO  - 错误数量: 0
2026-01-21 21:55:00.069 [scheduling-1] INFO  - 执行耗时: 53 毫秒
2026-01-21 21:55:00.069 [scheduling-1] INFO  - =====================================
2026-01-21 22:00:00.007 [scheduling-1] INFO  - ========== 开始执行定时任务：检查未到店订单 ==========
2026-01-21 22:00:00.084 [scheduling-1] INFO  - 找到 0 条待核销的订单
2026-01-21 22:00:00.084 [scheduling-1] INFO  - ========== 定时任务完成 ==========
2026-01-21 22:00:00.084 [scheduling-1] INFO  - 总订单数: 0
2026-01-21 22:00:00.084 [scheduling-1] INFO  - 更新数量: 0
2026-01-21 22:00:00.085 [scheduling-1] INFO  - 跳过数量: 0
2026-01-21 22:00:00.085 [scheduling-1] INFO  - 错误数量: 0
2026-01-21 22:00:00.085 [scheduling-1] INFO  - 执行耗时: 76 毫秒
2026-01-21 22:00:00.085 [scheduling-1] INFO  - =====================================
2026-01-21 22:05:00.008 [scheduling-1] INFO  - ========== 开始执行定时任务：检查未到店订单 ==========
2026-01-21 22:05:00.061 [scheduling-1] INFO  - 找到 0 条待核销的订单
2026-01-21 22:05:00.061 [scheduling-1] INFO  - ========== 定时任务完成 ==========
2026-01-21 22:05:00.061 [scheduling-1] INFO  - 总订单数: 0
2026-01-21 22:05:00.062 [scheduling-1] INFO  - 更新数量: 0
2026-01-21 22:05:00.062 [scheduling-1] INFO  - 跳过数量: 0
2026-01-21 22:05:00.062 [scheduling-1] INFO  - 错误数量: 0
2026-01-21 22:05:00.062 [scheduling-1] INFO  - 执行耗时: 51 毫秒
2026-01-21 22:05:00.062 [scheduling-1] INFO  - =====================================
2026-01-21 22:10:00.010 [scheduling-1] INFO  - ========== 开始执行定时任务：检查未到店订单 ==========
2026-01-21 22:10:00.032 [scheduling-1] INFO  - 找到 0 条待核销的订单
2026-01-21 22:10:00.032 [scheduling-1] INFO  - ========== 定时任务完成 ==========
2026-01-21 22:10:00.032 [scheduling-1] INFO  - 总订单数: 0
2026-01-21 22:10:00.032 [scheduling-1] INFO  - 更新数量: 0
2026-01-21 22:10:00.033 [scheduling-1] INFO  - 跳过数量: 0
2026-01-21 22:10:00.033 [scheduling-1] INFO  - 错误数量: 0
2026-01-21 22:10:00.033 [scheduling-1] INFO  - 执行耗时: 20 毫秒
2026-01-21 22:10:00.033 [scheduling-1] INFO  - =====================================
2026-01-21 22:15:00.004 [scheduling-1] INFO  - ========== 开始执行定时任务：检查未到店订单 ==========
2026-01-21 22:15:00.029 [scheduling-1] INFO  - 找到 0 条待核销的订单
2026-01-21 22:15:00.030 [scheduling-1] INFO  - ========== 定时任务完成 ==========
2026-01-21 22:15:00.030 [scheduling-1] INFO  - 总订单数: 0
2026-01-21 22:15:00.030 [scheduling-1] INFO  - 更新数量: 0
2026-01-21 22:15:00.030 [scheduling-1] INFO  - 跳过数量: 0
2026-01-21 22:15:00.030 [scheduling-1] INFO  - 错误数量: 0
2026-01-21 22:15:00.030 [scheduling-1] INFO  - 执行耗时: 25 毫秒
2026-01-21 22:15:00.030 [scheduling-1] INFO  - =====================================
2026-01-21 22:20:00.008 [scheduling-1] INFO  - ========== 开始执行定时任务：检查未到店订单 ==========
2026-01-21 22:20:00.028 [scheduling-1] INFO  - 找到 0 条待核销的订单
2026-01-21 22:20:00.029 [scheduling-1] INFO  - ========== 定时任务完成 ==========
2026-01-21 22:20:00.029 [scheduling-1] INFO  - 总订单数: 0
2026-01-21 22:20:00.029 [scheduling-1] INFO  - 更新数量: 0
2026-01-21 22:20:00.029 [scheduling-1] INFO  - 跳过数量: 0
2026-01-21 22:20:00.029 [scheduling-1] INFO  - 错误数量: 0
2026-01-21 22:20:00.029 [scheduling-1] INFO  - 执行耗时: 19 毫秒
2026-01-21 22:20:00.029 [scheduling-1] INFO  - =====================================
2026-01-21 22:25:00.008 [scheduling-1] INFO  - ========== 开始执行定时任务：检查未到店订单 ==========
2026-01-21 22:25:00.053 [scheduling-1] INFO  - 找到 0 条待核销的订单
2026-01-21 22:25:00.053 [scheduling-1] INFO  - ========== 定时任务完成 ==========
2026-01-21 22:25:00.053 [scheduling-1] INFO  - 总订单数: 0
2026-01-21 22:25:00.053 [scheduling-1] INFO  - 更新数量: 0
2026-01-21 22:25:00.053 [scheduling-1] INFO  - 跳过数量: 0
2026-01-21 22:25:00.053 [scheduling-1] INFO  - 错误数量: 0
2026-01-21 22:25:00.053 [scheduling-1] INFO  - 执行耗时: 43 毫秒
2026-01-21 22:25:00.053 [scheduling-1] INFO  - =====================================
2026-01-21 22:30:00.007 [scheduling-1] INFO  - ========== 开始执行定时任务：检查未到店订单 ==========
2026-01-21 22:30:00.031 [scheduling-1] INFO  - 找到 0 条待核销的订单
2026-01-21 22:30:00.032 [scheduling-1] INFO  - ========== 定时任务完成 ==========
2026-01-21 22:30:00.032 [scheduling-1] INFO  - 总订单数: 0
2026-01-21 22:30:00.032 [scheduling-1] INFO  - 更新数量: 0
2026-01-21 22:30:00.032 [scheduling-1] INFO  - 跳过数量: 0
2026-01-21 22:30:00.032 [scheduling-1] INFO  - 错误数量: 0
2026-01-21 22:30:00.032 [scheduling-1] INFO  - 执行耗时: 24 毫秒
2026-01-21 22:30:00.032 [scheduling-1] INFO  - =====================================
2026-01-21 22:35:00.005 [scheduling-1] INFO  - ========== 开始执行定时任务：检查未到店订单 ==========
2026-01-21 22:35:00.039 [scheduling-1] INFO  - 找到 0 条待核销的订单
2026-01-21 22:35:00.039 [scheduling-1] INFO  - ========== 定时任务完成 ==========
2026-01-21 22:35:00.039 [scheduling-1] INFO  - 总订单数: 0
2026-01-21 22:35:00.039 [scheduling-1] INFO  - 更新数量: 0
2026-01-21 22:35:00.040 [scheduling-1] INFO  - 跳过数量: 0
2026-01-21 22:35:00.040 [scheduling-1] INFO  - 错误数量: 0
2026-01-21 22:35:00.040 [scheduling-1] INFO  - 执行耗时: 32 毫秒
2026-01-21 22:35:00.040 [scheduling-1] INFO  - =====================================
2026-01-21 22:40:00.041 [scheduling-1] INFO  - ========== 开始执行定时任务：检查未到店订单 ==========
2026-01-21 22:40:00.065 [scheduling-1] INFO  - 找到 0 条待核销的订单
2026-01-21 22:40:00.065 [scheduling-1] INFO  - ========== 定时任务完成 ==========
2026-01-21 22:40:00.065 [scheduling-1] INFO  - 总订单数: 0
2026-01-21 22:40:00.065 [scheduling-1] INFO  - 更新数量: 0
2026-01-21 22:40:00.065 [scheduling-1] INFO  - 跳过数量: 0
2026-01-21 22:40:00.065 [scheduling-1] INFO  - 错误数量: 0
2026-01-21 22:40:00.065 [scheduling-1] INFO  - 执行耗时: 23 毫秒
2026-01-21 22:40:00.065 [scheduling-1] INFO  - =====================================
2026-01-21 22:45:00.012 [scheduling-1] INFO  - ========== 开始执行定时任务：检查未到店订单 ==========
2026-01-21 22:45:00.025 [scheduling-1] INFO  - 找到 0 条待核销的订单
2026-01-21 22:45:00.025 [scheduling-1] INFO  - ========== 定时任务完成 ==========
2026-01-21 22:45:00.025 [scheduling-1] INFO  - 总订单数: 0
2026-01-21 22:45:00.026 [scheduling-1] INFO  - 更新数量: 0
2026-01-21 22:45:00.026 [scheduling-1] INFO  - 跳过数量: 0
2026-01-21 22:45:00.026 [scheduling-1] INFO  - 错误数量: 0
2026-01-21 22:45:00.026 [scheduling-1] INFO  - 执行耗时: 13 毫秒
2026-01-21 22:45:00.026 [scheduling-1] INFO  - =====================================
2026-01-21 22:50:00.033 [scheduling-1] INFO  - ========== 开始执行定时任务：检查未到店订单 ==========
2026-01-21 22:50:00.065 [scheduling-1] INFO  - 找到 0 条待核销的订单
2026-01-21 22:50:00.067 [scheduling-1] INFO  - ========== 定时任务完成 ==========
2026-01-21 22:50:00.067 [scheduling-1] INFO  - 总订单数: 0
2026-01-21 22:50:00.067 [scheduling-1] INFO  - 更新数量: 0
2026-01-21 22:50:00.067 [scheduling-1] INFO  - 跳过数量: 0
2026-01-21 22:50:00.068 [scheduling-1] INFO  - 错误数量: 0
2026-01-21 22:50:00.068 [scheduling-1] INFO  - 执行耗时: 31 毫秒
2026-01-21 22:50:00.068 [scheduling-1] INFO  - =====================================
2026-01-21 22:54:59.898 [scheduling-1] INFO  - ========== 开始执行定时任务：检查未到店订单 ==========
2026-01-21 22:54:59.929 [scheduling-1] INFO  - 找到 0 条待核销的订单
2026-01-21 22:54:59.929 [scheduling-1] INFO  - ========== 定时任务完成 ==========
2026-01-21 22:54:59.929 [scheduling-1] INFO  - 总订单数: 0
2026-01-21 22:54:59.929 [scheduling-1] INFO  - 更新数量: 0
2026-01-21 22:54:59.929 [scheduling-1] INFO  - 跳过数量: 0
2026-01-21 22:54:59.929 [scheduling-1] INFO  - 错误数量: 0
2026-01-21 22:54:59.929 [scheduling-1] INFO  - 执行耗时: 30 毫秒
2026-01-21 22:54:59.929 [scheduling-1] INFO  - =====================================
2026-01-21 23:00:00.009 [scheduling-1] INFO  - ========== 开始执行定时任务：检查未到店订单 ==========
2026-01-21 23:00:00.034 [scheduling-1] INFO  - 找到 0 条待核销的订单
2026-01-21 23:00:00.034 [scheduling-1] INFO  - ========== 定时任务完成 ==========
2026-01-21 23:00:00.034 [scheduling-1] INFO  - 总订单数: 0
2026-01-21 23:00:00.034 [scheduling-1] INFO  - 更新数量: 0
2026-01-21 23:00:00.034 [scheduling-1] INFO  - 跳过数量: 0
2026-01-21 23:00:00.034 [scheduling-1] INFO  - 错误数量: 0
2026-01-21 23:00:00.034 [scheduling-1] INFO  - 执行耗时: 21 毫秒
2026-01-21 23:00:00.034 [scheduling-1] INFO  - =====================================
2026-01-21 23:05:00.041 [scheduling-1] INFO  - ========== 开始执行定时任务：检查未到店订单 ==========
2026-01-21 23:05:00.168 [scheduling-1] INFO  - 找到 0 条待核销的订单
2026-01-21 23:05:00.169 [scheduling-1] INFO  - ========== 定时任务完成 ==========
2026-01-21 23:05:00.169 [scheduling-1] INFO  - 总订单数: 0
2026-01-21 23:05:00.169 [scheduling-1] INFO  - 更新数量: 0
2026-01-21 23:05:00.169 [scheduling-1] INFO  - 跳过数量: 0
2026-01-21 23:05:00.169 [scheduling-1] INFO  - 错误数量: 0
2026-01-21 23:05:00.169 [scheduling-1] INFO  - 执行耗时: 113 毫秒
2026-01-21 23:05:00.169 [scheduling-1] INFO  - =====================================
2026-01-21 23:10:00.016 [scheduling-1] INFO  - ========== 开始执行定时任务：检查未到店订单 ==========
2026-01-21 23:10:00.059 [scheduling-1] INFO  - 找到 0 条待核销的订单
2026-01-21 23:10:00.059 [scheduling-1] INFO  - ========== 定时任务完成 ==========
2026-01-21 23:10:00.059 [scheduling-1] INFO  - 总订单数: 0
2026-01-21 23:10:00.059 [scheduling-1] INFO  - 更新数量: 0
2026-01-21 23:10:00.059 [scheduling-1] INFO  - 跳过数量: 0
2026-01-21 23:10:00.059 [scheduling-1] INFO  - 错误数量: 0
2026-01-21 23:10:00.059 [scheduling-1] INFO  - 执行耗时: 34 毫秒
2026-01-21 23:10:00.059 [scheduling-1] INFO  - =====================================
2026-01-21 23:15:00.034 [scheduling-1] INFO  - ========== 开始执行定时任务：检查未到店订单 ==========
2026-01-21 23:15:00.053 [scheduling-1] INFO  - 找到 0 条待核销的订单
2026-01-21 23:15:00.053 [scheduling-1] INFO  - ========== 定时任务完成 ==========
2026-01-21 23:15:00.053 [scheduling-1] INFO  - 总订单数: 0
2026-01-21 23:15:00.053 [scheduling-1] INFO  - 更新数量: 0
2026-01-21 23:15:00.053 [scheduling-1] INFO  - 跳过数量: 0
2026-01-21 23:15:00.053 [scheduling-1] INFO  - 错误数量: 0
2026-01-21 23:15:00.053 [scheduling-1] INFO  - 执行耗时: 18 毫秒
2026-01-21 23:15:00.053 [scheduling-1] INFO  - =====================================
2026-01-21 23:20:00.015 [scheduling-1] INFO  - ========== 开始执行定时任务：检查未到店订单 ==========
2026-01-21 23:20:00.091 [scheduling-1] INFO  - 找到 0 条待核销的订单
2026-01-21 23:20:00.091 [scheduling-1] INFO  - ========== 定时任务完成 ==========
2026-01-21 23:20:00.091 [scheduling-1] INFO  - 总订单数: 0
2026-01-21 23:20:00.091 [scheduling-1] INFO  - 更新数量: 0
2026-01-21 23:20:00.091 [scheduling-1] INFO  - 跳过数量: 0
2026-01-21 23:20:00.092 [scheduling-1] INFO  - 错误数量: 0
2026-01-21 23:20:00.092 [scheduling-1] INFO  - 执行耗时: 68 毫秒
2026-01-21 23:20:00.092 [scheduling-1] INFO  - =====================================
2026-01-21 23:25:00.140 [scheduling-1] INFO  - ========== 开始执行定时任务：检查未到店订单 ==========
2026-01-21 23:25:00.170 [scheduling-1] INFO  - 找到 0 条待核销的订单
2026-01-21 23:25:00.171 [scheduling-1] INFO  - ========== 定时任务完成 ==========
2026-01-21 23:25:00.171 [scheduling-1] INFO  - 总订单数: 0
2026-01-21 23:25:00.171 [scheduling-1] INFO  - 更新数量: 0
2026-01-21 23:25:00.171 [scheduling-1] INFO  - 跳过数量: 0
2026-01-21 23:25:00.171 [scheduling-1] INFO  - 错误数量: 0
2026-01-21 23:25:00.171 [scheduling-1] INFO  - 执行耗时: 29 毫秒
2026-01-21 23:25:00.171 [scheduling-1] INFO  - =====================================
2026-01-21 23:30:00.014 [scheduling-1] INFO  - ========== 开始执行定时任务：检查未到店订单 ==========
2026-01-21 23:30:00.035 [scheduling-1] INFO  - 找到 0 条待核销的订单
2026-01-21 23:30:00.035 [scheduling-1] INFO  - ========== 定时任务完成 ==========
2026-01-21 23:30:00.035 [scheduling-1] INFO  - 总订单数: 0
2026-01-21 23:30:00.035 [scheduling-1] INFO  - 更新数量: 0
2026-01-21 23:30:00.035 [scheduling-1] INFO  - 跳过数量: 0
2026-01-21 23:30:00.035 [scheduling-1] INFO  - 错误数量: 0
2026-01-21 23:30:00.035 [scheduling-1] INFO  - 执行耗时: 18 毫秒
2026-01-21 23:30:00.035 [scheduling-1] INFO  - =====================================
2026-01-21 23:35:00.023 [scheduling-1] INFO  - ========== 开始执行定时任务：检查未到店订单 ==========
2026-01-21 23:35:00.195 [scheduling-1] INFO  - 找到 0 条待核销的订单
2026-01-21 23:35:00.195 [scheduling-1] INFO  - ========== 定时任务完成 ==========
2026-01-21 23:35:00.195 [scheduling-1] INFO  - 总订单数: 0
2026-01-21 23:35:00.195 [scheduling-1] INFO  - 更新数量: 0
2026-01-21 23:35:00.195 [scheduling-1] INFO  - 跳过数量: 0
2026-01-21 23:35:00.195 [scheduling-1] INFO  - 错误数量: 0
2026-01-21 23:35:00.195 [scheduling-1] INFO  - 执行耗时: 166 毫秒
2026-01-21 23:35:00.195 [scheduling-1] INFO  - =====================================
2026-01-21 23:40:00.054 [scheduling-1] INFO  - ========== 开始执行定时任务：检查未到店订单 ==========
2026-01-21 23:40:00.076 [scheduling-1] INFO  - 找到 0 条待核销的订单
2026-01-21 23:40:00.076 [scheduling-1] INFO  - ========== 定时任务完成 ==========
2026-01-21 23:40:00.076 [scheduling-1] INFO  - 总订单数: 0
2026-01-21 23:40:00.076 [scheduling-1] INFO  - 更新数量: 0
2026-01-21 23:40:00.076 [scheduling-1] INFO  - 跳过数量: 0
2026-01-21 23:40:00.076 [scheduling-1] INFO  - 错误数量: 0
2026-01-21 23:40:00.076 [scheduling-1] INFO  - 执行耗时: 21 毫秒
2026-01-21 23:40:00.076 [scheduling-1] INFO  - =====================================
2026-01-21 23:45:00.024 [scheduling-1] INFO  - ========== 开始执行定时任务：检查未到店订单 ==========
2026-01-21 23:45:00.038 [scheduling-1] INFO  - 找到 0 条待核销的订单
2026-01-21 23:45:00.038 [scheduling-1] INFO  - ========== 定时任务完成 ==========
2026-01-21 23:45:00.038 [scheduling-1] INFO  - 总订单数: 0
2026-01-21 23:45:00.039 [scheduling-1] INFO  - 更新数量: 0
2026-01-21 23:45:00.039 [scheduling-1] INFO  - 跳过数量: 0
2026-01-21 23:45:00.039 [scheduling-1] INFO  - 错误数量: 0
2026-01-21 23:45:00.039 [scheduling-1] INFO  - 执行耗时: 13 毫秒
2026-01-21 23:45:00.039 [scheduling-1] INFO  - =====================================
2026-01-21 23:50:00.034 [scheduling-1] INFO  - ========== 开始执行定时任务：检查未到店订单 ==========
2026-01-21 23:50:00.073 [scheduling-1] INFO  - 找到 0 条待核销的订单
2026-01-21 23:50:00.073 [scheduling-1] INFO  - ========== 定时任务完成 ==========
2026-01-21 23:50:00.073 [scheduling-1] INFO  - 总订单数: 0
2026-01-21 23:50:00.073 [scheduling-1] INFO  - 更新数量: 0
2026-01-21 23:50:00.073 [scheduling-1] INFO  - 跳过数量: 0
2026-01-21 23:50:00.073 [scheduling-1] INFO  - 错误数量: 0
2026-01-21 23:50:00.073 [scheduling-1] INFO  - 执行耗时: 37 毫秒
2026-01-21 23:50:00.073 [scheduling-1] INFO  - =====================================
2026-01-21 23:55:00.027 [scheduling-1] INFO  - ========== 开始执行定时任务：检查未到店订单 ==========
2026-01-21 23:55:00.053 [scheduling-1] INFO  - 找到 0 条待核销的订单
2026-01-21 23:55:00.053 [scheduling-1] INFO  - ========== 定时任务完成 ==========
2026-01-21 23:55:00.053 [scheduling-1] INFO  - 总订单数: 0
2026-01-21 23:55:00.053 [scheduling-1] INFO  - 更新数量: 0
2026-01-21 23:55:00.053 [scheduling-1] INFO  - 跳过数量: 0
2026-01-21 23:55:00.053 [scheduling-1] INFO  - 错误数量: 0
2026-01-21 23:55:00.053 [scheduling-1] INFO  - 执行耗时: 22 毫秒
2026-01-21 23:55:00.053 [scheduling-1] INFO  - =====================================
2026-01-21 23:59:59.989 [scheduling-1] INFO  - ========== 开始执行定时任务：检查未到店订单 ==========
